Archive member included to satisfy reference by file (symbol)

c:/st/stm32cubeide_1.8.0/stm32cubeide/plugins/com.st.stm32cube.ide.mcu.externaltools.gnu-tools-for-stm32.9-2020-q2-update.win32_2.0.0.202105311346/tools/bin/../lib/gcc/arm-none-eabi/9.3.1/../../../../arm-none-eabi/lib/thumb/v7e-m+fp/hard\libc_nano.a(lib_a-errno.o)
                              ./Core/Src/syscalls.o (__errno)
c:/st/stm32cubeide_1.8.0/stm32cubeide/plugins/com.st.stm32cube.ide.mcu.externaltools.gnu-tools-for-stm32.9-2020-q2-update.win32_2.0.0.202105311346/tools/bin/../lib/gcc/arm-none-eabi/9.3.1/../../../../arm-none-eabi/lib/thumb/v7e-m+fp/hard\libc_nano.a(lib_a-exit.o)
                              c:/st/stm32cubeide_1.8.0/stm32cubeide/plugins/com.st.stm32cube.ide.mcu.externaltools.gnu-tools-for-stm32.9-2020-q2-update.win32_2.0.0.202105311346/tools/bin/../lib/gcc/arm-none-eabi/9.3.1/../../../../arm-none-eabi/lib/thumb/v7e-m+fp/hard/crt0.o (exit)
c:/st/stm32cubeide_1.8.0/stm32cubeide/plugins/com.st.stm32cube.ide.mcu.externaltools.gnu-tools-for-stm32.9-2020-q2-update.win32_2.0.0.202105311346/tools/bin/../lib/gcc/arm-none-eabi/9.3.1/../../../../arm-none-eabi/lib/thumb/v7e-m+fp/hard\libc_nano.a(lib_a-impure.o)
                              c:/st/stm32cubeide_1.8.0/stm32cubeide/plugins/com.st.stm32cube.ide.mcu.externaltools.gnu-tools-for-stm32.9-2020-q2-update.win32_2.0.0.202105311346/tools/bin/../lib/gcc/arm-none-eabi/9.3.1/../../../../arm-none-eabi/lib/thumb/v7e-m+fp/hard\libc_nano.a(lib_a-exit.o) (_global_impure_ptr)
c:/st/stm32cubeide_1.8.0/stm32cubeide/plugins/com.st.stm32cube.ide.mcu.externaltools.gnu-tools-for-stm32.9-2020-q2-update.win32_2.0.0.202105311346/tools/bin/../lib/gcc/arm-none-eabi/9.3.1/../../../../arm-none-eabi/lib/thumb/v7e-m+fp/hard\libc_nano.a(lib_a-init.o)
                              c:/st/stm32cubeide_1.8.0/stm32cubeide/plugins/com.st.stm32cube.ide.mcu.externaltools.gnu-tools-for-stm32.9-2020-q2-update.win32_2.0.0.202105311346/tools/bin/../lib/gcc/arm-none-eabi/9.3.1/../../../../arm-none-eabi/lib/thumb/v7e-m+fp/hard/crt0.o (__libc_init_array)
c:/st/stm32cubeide_1.8.0/stm32cubeide/plugins/com.st.stm32cube.ide.mcu.externaltools.gnu-tools-for-stm32.9-2020-q2-update.win32_2.0.0.202105311346/tools/bin/../lib/gcc/arm-none-eabi/9.3.1/../../../../arm-none-eabi/lib/thumb/v7e-m+fp/hard\libc_nano.a(lib_a-memset.o)
                              c:/st/stm32cubeide_1.8.0/stm32cubeide/plugins/com.st.stm32cube.ide.mcu.externaltools.gnu-tools-for-stm32.9-2020-q2-update.win32_2.0.0.202105311346/tools/bin/../lib/gcc/arm-none-eabi/9.3.1/../../../../arm-none-eabi/lib/thumb/v7e-m+fp/hard/crt0.o (memset)
c:/st/stm32cubeide_1.8.0/stm32cubeide/plugins/com.st.stm32cube.ide.mcu.externaltools.gnu-tools-for-stm32.9-2020-q2-update.win32_2.0.0.202105311346/tools/bin/../lib/gcc/arm-none-eabi/9.3.1/thumb/v7e-m+fp/hard\libgcc.a(_aeabi_uldivmod.o)
                              ./Drivers/STM32F4xx_HAL_Driver/Src/stm32f4xx_hal_rcc.o (__aeabi_uldivmod)
c:/st/stm32cubeide_1.8.0/stm32cubeide/plugins/com.st.stm32cube.ide.mcu.externaltools.gnu-tools-for-stm32.9-2020-q2-update.win32_2.0.0.202105311346/tools/bin/../lib/gcc/arm-none-eabi/9.3.1/thumb/v7e-m+fp/hard\libgcc.a(_udivmoddi4.o)
                              c:/st/stm32cubeide_1.8.0/stm32cubeide/plugins/com.st.stm32cube.ide.mcu.externaltools.gnu-tools-for-stm32.9-2020-q2-update.win32_2.0.0.202105311346/tools/bin/../lib/gcc/arm-none-eabi/9.3.1/thumb/v7e-m+fp/hard\libgcc.a(_aeabi_uldivmod.o) (__udivmoddi4)
c:/st/stm32cubeide_1.8.0/stm32cubeide/plugins/com.st.stm32cube.ide.mcu.externaltools.gnu-tools-for-stm32.9-2020-q2-update.win32_2.0.0.202105311346/tools/bin/../lib/gcc/arm-none-eabi/9.3.1/thumb/v7e-m+fp/hard\libgcc.a(_dvmd_tls.o)
                              c:/st/stm32cubeide_1.8.0/stm32cubeide/plugins/com.st.stm32cube.ide.mcu.externaltools.gnu-tools-for-stm32.9-2020-q2-update.win32_2.0.0.202105311346/tools/bin/../lib/gcc/arm-none-eabi/9.3.1/thumb/v7e-m+fp/hard\libgcc.a(_aeabi_uldivmod.o) (__aeabi_ldiv0)

Allocating common symbols
Common symbol       size              file

USERPath            0x4               ./FATFS/App/fatfs.o
_lcd_drivOut        0x2               ./Core/Src/tft.o
_MW                 0x2               ./Core/Src/tft.o
hi2c1               0x54              ./Core/Src/main.o
_lcd_capable        0x2               ./Core/Src/tft.o
fdst                0x1030            ./Core/Src/main.o
_SP                 0x2               ./Core/Src/tft.o
_lcd_rev            0x2               ./Core/Src/tft.o
uwTick              0x4               ./Drivers/STM32F4xx_HAL_Driver/Src/stm32f4xx_hal.o
br                  0x4               ./Core/Src/main.o
pFlash              0x20              ./Drivers/STM32F4xx_HAL_Driver/Src/stm32f4xx_hal_flash.o
HI2C                0x4               ./Core/Src/Camera_OV7670.o
htim3               0x48              ./Core/Src/main.o
_MP                 0x2               ./Core/Src/tft.o
gfxFont             0x4               ./Core/Src/fonts.o
[...]
Memory Configuration

Name             Origin             Length             Attributes
RAM              0x0000000020000000 0x0000000000020000 xrw
FLASH            0x0000000008000000 0x0000000000080000 xr
*default*        0x0000000000000000 0xffffffffffffffff

Linker script and memory map

LOAD c:/st/stm32cubeide_1.8.0/stm32cubeide/plugins/com.st.stm32cube.ide.mcu.externaltools.gnu-tools-for-stm32.9-2020-q2-update.win32_2.0.0.202105311346/tools/bin/../lib/gcc/arm-none-eabi/9.3.1/thumb/v7e-m+fp/hard/crti.o
LOAD c:/st/stm32cubeide_1.8.0/stm32cubeide/plugins/com.st.stm32cube.ide.mcu.externaltools.gnu-tools-for-stm32.9-2020-q2-update.win32_2.0.0.202105311346/tools/bin/../lib/gcc/arm-none-eabi/9.3.1/thumb/v7e-m+fp/hard/crtbegin.o
LOAD c:/st/stm32cubeide_1.8.0/stm32cubeide/plugins/com.st.stm32cube.ide.mcu.externaltools.gnu-tools-for-stm32.9-2020-q2-update.win32_2.0.0.202105311346/tools/bin/../lib/gcc/arm-none-eabi/9.3.1/../../../../arm-none-eabi/lib/thumb/v7e-m+fp/hard/crt0.o
LOAD ./Core/Src/Andre.o
LOAD ./Core/Src/Camera_OV7670.o
LOAD ./Core/Src/fatfs_sd.o
LOAD ./Core/Src/fonts.o
LOAD ./Core/Src/fosforo.o
LOAD ./Core/Src/main.o
LOAD ./Core/Src/stm32f4xx_hal_msp.o
LOAD ./Core/Src/stm32f4xx_it.o
LOAD ./Core/Src/syscalls.o
LOAD ./Core/Src/sysmem.o
LOAD ./Core/Src/system_stm32f4xx.o
LOAD ./Core/Src/tft.o
LOAD ./Core/Startup/startup_stm32f446retx.o
LOAD ./Drivers/STM32F4xx_HAL_Driver/Src/stm32f4xx_hal.o
LOAD ./Drivers/STM32F4xx_HAL_Driver/Src/stm32f4xx_hal_cortex.o
LOAD ./Drivers/STM32F4xx_HAL_Driver/Src/stm32f4xx_hal_dma.o
LOAD ./Drivers/STM32F4xx_HAL_Driver/Src/stm32f4xx_hal_dma_ex.o
LOAD ./Drivers/STM32F4xx_HAL_Driver/Src/stm32f4xx_hal_exti.o
LOAD ./Drivers/STM32F4xx_HAL_Driver/Src/stm32f4xx_hal_flash.o
LOAD ./Drivers/STM32F4xx_HAL_Driver/Src/stm32f4xx_hal_flash_ex.o
LOAD ./Drivers/STM32F4xx_HAL_Driver/Src/stm32f4xx_hal_flash_ramfunc.o
LOAD ./Drivers/STM32F4xx_HAL_Driver/Src/stm32f4xx_hal_gpio.o
LOAD ./Drivers/STM32F4xx_HAL_Driver/Src/stm32f4xx_hal_i2c.o
LOAD ./Drivers/STM32F4xx_HAL_Driver/Src/stm32f4xx_hal_i2c_ex.o
LOAD ./Drivers/STM32F4xx_HAL_Driver/Src/stm32f4xx_hal_pwr.o
LOAD ./Drivers/STM32F4xx_HAL_Driver/Src/stm32f4xx_hal_pwr_ex.o
LOAD ./Drivers/STM32F4xx_HAL_Driver/Src/stm32f4xx_hal_rcc.o
LOAD ./Drivers/STM32F4xx_HAL_Driver/Src/stm32f4xx_hal_rcc_ex.o
LOAD ./Drivers/STM32F4xx_HAL_Driver/Src/stm32f4xx_hal_spi.o
LOAD ./Drivers/STM32F4xx_HAL_Driver/Src/stm32f4xx_hal_tim.o
LOAD ./Drivers/STM32F4xx_HAL_Driver/Src/stm32f4xx_hal_tim_ex.o
LOAD ./Drivers/STM32F4xx_HAL_Driver/Src/stm32f4xx_hal_uart.o
LOAD ./FATFS/App/fatfs.o
LOAD ./FATFS/Target/user_diskio.o
LOAD ./Middlewares/Third_Party/FatFs/src/diskio.o
LOAD ./Middlewares/Third_Party/FatFs/src/ff.o
LOAD ./Middlewares/Third_Party/FatFs/src/ff_gen_drv.o
LOAD ./Middlewares/Third_Party/FatFs/src/option/ccsbcs.o
LOAD ./Middlewares/Third_Party/FatFs/src/option/syscall.o
START GROUP
LOAD c:/st/stm32cubeide_1.8.0/stm32cubeide/plugins/com.st.stm32cube.ide.mcu.externaltools.gnu-tools-for-stm32.9-2020-q2-update.win32_2.0.0.202105311346/tools/bin/../lib/gcc/arm-none-eabi/9.3.1/../../../../arm-none-eabi/lib/thumb/v7e-m+fp/hard\libc_nano.a
LOAD c:/st/stm32cubeide_1.8.0/stm32cubeide/plugins/com.st.stm32cube.ide.mcu.externaltools.gnu-tools-for-stm32.9-2020-q2-update.win32_2.0.0.202105311346/tools/bin/../lib/gcc/arm-none-eabi/9.3.1/../../../../arm-none-eabi/lib/thumb/v7e-m+fp/hard\libm.a
END GROUP
START GROUP
LOAD c:/st/stm32cubeide_1.8.0/stm32cubeide/plugins/com.st.stm32cube.ide.mcu.externaltools.gnu-tools-for-stm32.9-2020-q2-update.win32_2.0.0.202105311346/tools/bin/../lib/gcc/arm-none-eabi/9.3.1/thumb/v7e-m+fp/hard\libgcc.a
LOAD c:/st/stm32cubeide_1.8.0/stm32cubeide/plugins/com.st.stm32cube.ide.mcu.externaltools.gnu-tools-for-stm32.9-2020-q2-update.win32_2.0.0.202105311346/tools/bin/../lib/gcc/arm-none-eabi/9.3.1/../../../../arm-none-eabi/lib/thumb/v7e-m+fp/hard\libc_nano.a
END GROUP
START GROUP
LOAD c:/st/stm32cubeide_1.8.0/stm32cubeide/plugins/com.st.stm32cube.ide.mcu.externaltools.gnu-tools-for-stm32.9-2020-q2-update.win32_2.0.0.202105311346/tools/bin/../lib/gcc/arm-none-eabi/9.3.1/thumb/v7e-m+fp/hard\libgcc.a
LOAD c:/st/stm32cubeide_1.8.0/stm32cubeide/plugins/com.st.stm32cube.ide.mcu.externaltools.gnu-tools-for-stm32.9-2020-q2-update.win32_2.0.0.202105311346/tools/bin/../lib/gcc/arm-none-eabi/9.3.1/../../../../arm-none-eabi/lib/thumb/v7e-m+fp/hard\libc_nano.a
LOAD c:/st/stm32cubeide_1.8.0/stm32cubeide/plugins/com.st.stm32cube.ide.mcu.externaltools.gnu-tools-for-stm32.9-2020-q2-update.win32_2.0.0.202105311346/tools/bin/../lib/gcc/arm-none-eabi/9.3.1/../../../../arm-none-eabi/lib/thumb/v7e-m+fp/hard\libnosys.a
END GROUP
START GROUP
LOAD c:/st/stm32cubeide_1.8.0/stm32cubeide/plugins/com.st.stm32cube.ide.mcu.externaltools.gnu-tools-for-stm32.9-2020-q2-update.win32_2.0.0.202105311346/tools/bin/../lib/gcc/arm-none-eabi/9.3.1/thumb/v7e-m+fp/hard\libgcc.a
LOAD c:/st/stm32cubeide_1.8.0/stm32cubeide/plugins/com.st.stm32cube.ide.mcu.externaltools.gnu-tools-for-stm32.9-2020-q2-update.win32_2.0.0.202105311346/tools/bin/../lib/gcc/arm-none-eabi/9.3.1/../../../../arm-none-eabi/lib/thumb/v7e-m+fp/hard\libc_nano.a
LOAD c:/st/stm32cubeide_1.8.0/stm32cubeide/plugins/com.st.stm32cube.ide.mcu.externaltools.gnu-tools-for-stm32.9-2020-q2-update.win32_2.0.0.202105311346/tools/bin/../lib/gcc/arm-none-eabi/9.3.1/../../../../arm-none-eabi/lib/thumb/v7e-m+fp/hard\libnosys.a
END GROUP
LOAD c:/st/stm32cubeide_1.8.0/stm32cubeide/plugins/com.st.stm32cube.ide.mcu.externaltools.gnu-tools-for-stm32.9-2020-q2-update.win32_2.0.0.202105311346/tools/bin/../lib/gcc/arm-none-eabi/9.3.1/thumb/v7e-m+fp/hard/crtend.o
LOAD c:/st/stm32cubeide_1.8.0/stm32cubeide/plugins/com.st.stm32cube.ide.mcu.externaltools.gnu-tools-for-stm32.9-2020-q2-update.win32_2.0.0.202105311346/tools/bin/../lib/gcc/arm-none-eabi/9.3.1/thumb/v7e-m+fp/hard/crtn.o
                0x0000000020020000                _estack = (ORIGIN (RAM) + LENGTH (RAM))
                0x0000000000000200                _Min_Heap_Size = 0x200
                0x0000000000000400                _Min_Stack_Size = 0x400

.isr_vector     0x0000000008000000      0x1c4
                0x0000000008000000                . = ALIGN (0x4)
 *(.isr_vector)
 .isr_vector    0x0000000008000000      0x1c4 ./Core/Startup/startup_stm32f446retx.o
                0x0000000008000000                g_pfnVectors
                0x00000000080001c4                . = ALIGN (0x4)

.text           0x00000000080001c4     0x8f74
                0x00000000080001c4                . = ALIGN (0x4)
 *(.text)
 .text          0x00000000080001c4       0x40 c:/st/stm32cubeide_1.8.0/stm32cubeide/plugins/com.st.stm32cube.ide.mcu.externaltools.gnu-tools-for-stm32.9-2020-q2-update.win32_2.0.0.202105311346/tools/bin/../lib/gcc/arm-none-eabi/9.3.1/thumb/v7e-m+fp/hard/crtbegin.o
 .text          0x0000000008000204       0x30 c:/st/stm32cubeide_1.8.0/stm32cubeide/plugins/com.st.stm32cube.ide.mcu.externaltools.gnu-tools-for-stm32.9-2020-q2-update.win32_2.0.0.202105311346/tools/bin/../lib/gcc/arm-none-eabi/9.3.1/thumb/v7e-m+fp/hard\libgcc.a(_aeabi_uldivmod.o)
                0x0000000008000204                __aeabi_uldivmod
 .text          0x0000000008000234      0x2c4 c:/st/stm32cubeide_1.8.0/stm32cubeide/plugins/com.st.stm32cube.ide.mcu.externaltools.gnu-tools-for-stm32.9-2020-q2-update.win32_2.0.0.202105311346/tools/bin/../lib/gcc/arm-none-eabi/9.3.1/thumb/v7e-m+fp/hard\libgcc.a(_udivmoddi4.o)
                0x0000000008000234                __udivmoddi4
 .text          0x00000000080004f8        0x4 c:/st/stm32cubeide_1.8.0/stm32cubeide/plugins/com.st.stm32cube.ide.mcu.externaltools.gnu-tools-for-stm32.9-2020-q2-update.win32_2.0.0.202105311346/tools/bin/../lib/gcc/arm-none-eabi/9.3.1/thumb/v7e-m+fp/hard\libgcc.a(_dvmd_tls.o)
                0x00000000080004f8                __aeabi_idiv0
                0x00000000080004f8                __aeabi_ldiv0
 *(.text*)
 .text.error_led
                0x00000000080004fc       0x18 ./Core/Src/Camera_OV7670.o
                0x00000000080004fc                error_led
 .text.wrReg    0x0000000008000514       0x48 ./Core/Src/Camera_OV7670.o
                0x0000000008000514                wrReg
 .text.wrSensorRegs8_8
                0x000000000800055c       0x52 ./Core/Src/Camera_OV7670.o
                0x000000000800055c                wrSensorRegs8_8
 *fill*         0x00000000080005ae        0x2 
 .text.setColor
                0x00000000080005b0       0x14 ./Core/Src/Camera_OV7670.o
                0x00000000080005b0                setColor
 .text.setRes   0x00000000080005c4       0x1c ./Core/Src/Camera_OV7670.o
                0x00000000080005c4                setRes
 .text.camInit  0x00000000080005e0       0x28 ./Core/Src/Camera_OV7670.o
                0x00000000080005e0                camInit
 .text.captureImg
                0x0000000008000608      0x190 ./Core/Src/Camera_OV7670.o
                0x0000000008000608                captureImg
 .text.setup    0x0000000008000798       0x3c ./Core/Src/Camera_OV7670.o
                0x0000000008000798                setup
 .text.loop     0x00000000080007d4       0x12 ./Core/Src/Camera_OV7670.o
                0x00000000080007d4                loop
 *fill*         0x00000000080007e6        0x2 
 .text.SELECT   0x00000000080007e8       0x18 ./Core/Src/fatfs_sd.o
 .text.DESELECT
                0x0000000008000800       0x18 ./Core/Src/fatfs_sd.o
 .text.SPI_TxByte
                0x0000000008000818       0x34 ./Core/Src/fatfs_sd.o
 .text.SPI_RxByte
                0x000000000800084c       0x3c ./Core/Src/fatfs_sd.o
 .text.SPI_RxBytePtr
                0x0000000008000888       0x1c ./Core/Src/fatfs_sd.o
 .text.SD_ReadyWait
                0x00000000080008a4       0x38 ./Core/Src/fatfs_sd.o
 .text.SD_PowerOn
                0x00000000080008dc       0x98 ./Core/Src/fatfs_sd.o
 .text.SD_PowerOff
                0x0000000008000974       0x18 ./Core/Src/fatfs_sd.o
 .text.SD_CheckPower
                0x000000000800098c       0x18 ./Core/Src/fatfs_sd.o
 .text.SD_RxDataBlock
                0x00000000080009a4       0x6c ./Core/Src/fatfs_sd.o
 .text.SD_TxDataBlock
                0x0000000008000a10       0xa8 ./Core/Src/fatfs_sd.o
 .text.SD_SendCmd
                0x0000000008000ab8       0xa4 ./Core/Src/fatfs_sd.o
 .text.SD_disk_initialize
                0x0000000008000b5c      0x1d4 ./Core/Src/fatfs_sd.o
                0x0000000008000b5c                SD_disk_initialize
 .text.SD_disk_status
                0x0000000008000d30       0x2c ./Core/Src/fatfs_sd.o
                0x0000000008000d30                SD_disk_status
 .text.SD_disk_read
                0x0000000008000d5c       0xd4 ./Core/Src/fatfs_sd.o
                0x0000000008000d5c                SD_disk_read
 .text.SD_disk_write
                0x0000000008000e30      0x108 ./Core/Src/fatfs_sd.o
                0x0000000008000e30                SD_disk_write
 .text.SD_disk_ioctl
                0x0000000008000f38      0x264 ./Core/Src/fatfs_sd.o
                0x0000000008000f38                SD_disk_ioctl
 .text.main     0x000000000800119c      0x13c ./Core/Src/main.o
                0x000000000800119c                main
 .text.SystemClock_Config
                0x00000000080012d8       0xdc ./Core/Src/main.o
                0x00000000080012d8                SystemClock_Config
 .text.MX_I2C1_Init
                0x00000000080013b4       0x5c ./Core/Src/main.o
 .text.MX_SPI1_Init
                0x0000000008001410       0x6c ./Core/Src/main.o
 .text.MX_TIM1_Init
                0x000000000800147c       0xa0 ./Core/Src/main.o
 .text.MX_TIM3_Init
                0x000000000800151c       0xec ./Core/Src/main.o
 .text.MX_USART2_UART_Init
                0x0000000008001608       0x54 ./Core/Src/main.o
 .text.MX_GPIO_Init
                0x000000000800165c       0xdc ./Core/Src/main.o
 .text.Error_Handler
                0x0000000008001738        0xa ./Core/Src/main.o
                0x0000000008001738                Error_Handler
 *fill*         0x0000000008001742        0x2 
 .text.HAL_MspInit
                0x0000000008001744       0x50 ./Core/Src/stm32f4xx_hal_msp.o
                0x0000000008001744                HAL_MspInit
 .text.HAL_I2C_MspInit
                0x0000000008001794       0x90 ./Core/Src/stm32f4xx_hal_msp.o
                0x0000000008001794                HAL_I2C_MspInit
 .text.HAL_SPI_MspInit
                0x0000000008001824       0x90 ./Core/Src/stm32f4xx_hal_msp.o
                0x0000000008001824                HAL_SPI_MspInit
 .text.HAL_TIM_Base_MspInit
                0x00000000080018b4       0x70 ./Core/Src/stm32f4xx_hal_msp.o
                0x00000000080018b4                HAL_TIM_Base_MspInit
 .text.HAL_TIM_MspPostInit
                0x0000000008001924       0x74 ./Core/Src/stm32f4xx_hal_msp.o
                0x0000000008001924                HAL_TIM_MspPostInit
 .text.HAL_UART_MspInit
                0x0000000008001998       0x90 ./Core/Src/stm32f4xx_hal_msp.o
                0x0000000008001998                HAL_UART_MspInit
 .text.SDTimer_Handler
                0x0000000008001a28       0x48 ./Core/Src/stm32f4xx_it.o
                0x0000000008001a28                SDTimer_Handler
 .text.NMI_Handler
                0x0000000008001a70        0x6 ./Core/Src/stm32f4xx_it.o
                0x0000000008001a70                NMI_Handler
 .text.HardFault_Handler
                0x0000000008001a76        0x6 ./Core/Src/stm32f4xx_it.o
                0x0000000008001a76                HardFault_Handler
 .text.MemManage_Handler
                0x0000000008001a7c        0x6 ./Core/Src/stm32f4xx_it.o
                0x0000000008001a7c                MemManage_Handler
 .text.BusFault_Handler
                0x0000000008001a82        0x6 ./Core/Src/stm32f4xx_it.o
                0x0000000008001a82                BusFault_Handler
 .text.UsageFault_Handler
                0x0000000008001a88        0x6 ./Core/Src/stm32f4xx_it.o
                0x0000000008001a88                UsageFault_Handler
 .text.SVC_Handler
                0x0000000008001a8e        0xe ./Core/Src/stm32f4xx_it.o
                0x0000000008001a8e                SVC_Handler
 .text.DebugMon_Handler
                0x0000000008001a9c        0xe ./Core/Src/stm32f4xx_it.o
                0x0000000008001a9c                DebugMon_Handler
 .text.PendSV_Handler
                0x0000000008001aaa        0xe ./Core/Src/stm32f4xx_it.o
                0x0000000008001aaa                PendSV_Handler
 .text.SysTick_Handler
                0x0000000008001ab8       0x34 ./Core/Src/stm32f4xx_it.o
                0x0000000008001ab8                SysTick_Handler
 .text.SystemInit
                0x0000000008001aec       0x24 ./Core/Src/system_stm32f4xx.o
                0x0000000008001aec                SystemInit
 .text.PIN_LOW  0x0000000008001b10       0x20 ./Core/Src/tft.o
                0x0000000008001b10                PIN_LOW
 .text.PIN_HIGH
                0x0000000008001b30       0x20 ./Core/Src/tft.o
                0x0000000008001b30                PIN_HIGH
 .text.PIN_INPUT
                0x0000000008001b50       0x2c ./Core/Src/tft.o
                0x0000000008001b50                PIN_INPUT
 .text.PIN_OUTPUT
                0x0000000008001b7c       0x30 ./Core/Src/tft.o
                0x0000000008001b7c                PIN_OUTPUT
 .text.width    0x0000000008001bac       0x18 ./Core/Src/tft.o
                0x0000000008001bac                width
 .text.height   0x0000000008001bc4       0x18 ./Core/Src/tft.o
                0x0000000008001bc4                height
 .text.color565_to_555
                0x0000000008001bdc       0x40 ./Core/Src/tft.o
 .text.color555_to_565
                0x0000000008001c1c       0x42 ./Core/Src/tft.o
 .text.color565_to_r
                0x0000000008001c5e       0x22 ./Core/Src/tft.o
 .text.color565_to_g
                0x0000000008001c80       0x22 ./Core/Src/tft.o
 .text.color565_to_b
                0x0000000008001ca2       0x1c ./Core/Src/tft.o
 .text.color565
                0x0000000008001cbe       0x4c ./Core/Src/tft.o
                0x0000000008001cbe                color565
 .text.readPixel
                0x0000000008001d0a       0x30 ./Core/Src/tft.o
                0x0000000008001d0a                readPixel
 .text.WriteCmdData
                0x0000000008001d3a       0x24 ./Core/Src/tft.o
                0x0000000008001d3a                WriteCmdData
 .text.pushCommand
                0x0000000008001d5e       0x26 ./Core/Src/tft.o
                0x0000000008001d5e                pushCommand
 .text.setReadDir
                0x0000000008001d84       0x5c ./Core/Src/tft.o
                0x0000000008001d84                setReadDir
 .text.setWriteDir
                0x0000000008001de0       0x5c ./Core/Src/tft.o
                0x0000000008001de0                setWriteDir
 .text.write24  0x0000000008001e3c      0x200 ./Core/Src/tft.o
 .text.writecmddata
                0x000000000800203c      0x2ac ./Core/Src/tft.o
 .text.WriteCmdParamN
                0x00000000080022e8      0x39c ./Core/Src/tft.o
 .text.WriteCmdParam4
                0x0000000008002684       0x48 ./Core/Src/tft.o
 .text.init_table
                0x00000000080026cc       0xb2 ./Core/Src/tft.o
 .text.init_table16
                0x000000000800277e       0x60 ./Core/Src/tft.o
 *fill*         0x00000000080027de        0x2 
 .text.reset    0x00000000080027e0       0x98 ./Core/Src/tft.o
                0x00000000080027e0                reset
 .text.read16bits
                0x0000000008002878      0x1e4 ./Core/Src/tft.o
 .text.readReg  0x0000000008002a5c      0x1b8 ./Core/Src/tft.o
                0x0000000008002a5c                readReg
 .text.readReg32
                0x0000000008002c14       0x36 ./Core/Src/tft.o
                0x0000000008002c14                readReg32
 .text.readReg40
                0x0000000008002c4a       0x4e ./Core/Src/tft.o
                0x0000000008002c4a                readReg40
 .text.tft_init
                0x0000000008002c98      0x70c ./Core/Src/tft.o
                0x0000000008002c98                tft_init
 .text.readID   0x00000000080033a4      0x280 ./Core/Src/tft.o
                0x00000000080033a4                readID
 .text.readGRAM
                0x0000000008003624      0xbe0 ./Core/Src/tft.o
                0x0000000008003624                readGRAM
 .text.setRotation
                0x0000000008004204      0x50c ./Core/Src/tft.o
                0x0000000008004204                setRotation
 .text.drawPixel
                0x0000000008004710      0x20c ./Core/Src/tft.o
                0x0000000008004710                drawPixel
 .text.setAddrWindow
                0x000000000800491c      0x248 ./Core/Src/tft.o
                0x000000000800491c                setAddrWindow
 .text.vertScroll
                0x0000000008004b64      0x24c ./Core/Src/tft.o
                0x0000000008004b64                vertScroll
 .text.fillScreen
                0x0000000008004db0       0x34 ./Core/Src/tft.o
                0x0000000008004db0                fillScreen
 .text.invertDisplay
                0x0000000008004de4      0x14c ./Core/Src/tft.o
                0x0000000008004de4                invertDisplay
 .text.drawFastVLine
                0x0000000008004f30       0x3e ./Core/Src/tft.o
                0x0000000008004f30                drawFastVLine
 .text.drawFastHLine
                0x0000000008004f6e       0x3c ./Core/Src/tft.o
                0x0000000008004f6e                drawFastHLine
 .text.drawRect
                0x0000000008004faa       0x82 ./Core/Src/tft.o
                0x0000000008004faa                drawRect
 .text.fillRect
                0x000000000800502c      0x448 ./Core/Src/tft.o
                0x000000000800502c                fillRect
 .text.delay    0x0000000008005474       0x30 ./Core/Src/tft.o
                0x0000000008005474                delay
 .text.desenhaPixel
                0x00000000080054a4      0x154 ./Core/Src/tft.o
                0x00000000080054a4                desenhaPixel
 .text.inicioDados
                0x00000000080055f8      0x164 ./Core/Src/tft.o
                0x00000000080055f8                inicioDados
 .text.fimDados
                0x000000000800575c       0x14 ./Core/Src/tft.o
                0x000000000800575c                fimDados
 .text.tft_gpio_init
                0x0000000008005770       0xe4 ./Core/Src/tft.o
                0x0000000008005770                tft_gpio_init
 .text.Reset_Handler
                0x0000000008005854       0x50 ./Core/Startup/startup_stm32f446retx.o
                0x0000000008005854                Reset_Handler
 .text.Default_Handler
                0x00000000080058a4        0x2 ./Core/Startup/startup_stm32f446retx.o
                0x00000000080058a4                RTC_Alarm_IRQHandler
                0x00000000080058a4                EXTI2_IRQHandler
                0x00000000080058a4                TIM8_CC_IRQHandler
                0x00000000080058a4                FMPI2C1_EV_IRQHandler
                0x00000000080058a4                SPI4_IRQHandler
                0x00000000080058a4                TIM1_CC_IRQHandler
                0x00000000080058a4                DMA2_Stream5_IRQHandler
                0x00000000080058a4                DMA1_Stream5_IRQHandler
                0x00000000080058a4                PVD_IRQHandler
                0x00000000080058a4                SDIO_IRQHandler
                0x00000000080058a4                TAMP_STAMP_IRQHandler
                0x00000000080058a4                CAN2_RX1_IRQHandler
                0x00000000080058a4                EXTI3_IRQHandler
                0x00000000080058a4                TIM8_TRG_COM_TIM14_IRQHandler
                0x00000000080058a4                TIM1_UP_TIM10_IRQHandler
                0x00000000080058a4                TIM8_UP_TIM13_IRQHandler
                0x00000000080058a4                I2C3_ER_IRQHandler
                0x00000000080058a4                EXTI0_IRQHandler
                0x00000000080058a4                I2C2_EV_IRQHandler
                0x00000000080058a4                DMA1_Stream2_IRQHandler
                0x00000000080058a4                CAN1_RX0_IRQHandler
                0x00000000080058a4                FPU_IRQHandler
                0x00000000080058a4                OTG_HS_WKUP_IRQHandler
                0x00000000080058a4                CAN2_SCE_IRQHandler
                0x00000000080058a4                DMA2_Stream2_IRQHandler
                0x00000000080058a4                SPI1_IRQHandler
                0x00000000080058a4                TIM6_DAC_IRQHandler
                0x00000000080058a4                TIM1_BRK_TIM9_IRQHandler
                0x00000000080058a4                DCMI_IRQHandler
                0x00000000080058a4                CAN2_RX0_IRQHandler
                0x00000000080058a4                DMA2_Stream3_IRQHandler
                0x00000000080058a4                SAI2_IRQHandler
                0x00000000080058a4                USART6_IRQHandler
                0x00000000080058a4                USART3_IRQHandler
                0x00000000080058a4                CAN1_RX1_IRQHandler
                0x00000000080058a4                UART5_IRQHandler
                0x00000000080058a4                DMA2_Stream0_IRQHandler
                0x00000000080058a4                TIM4_IRQHandler
                0x00000000080058a4                QUADSPI_IRQHandler
                0x00000000080058a4                I2C1_EV_IRQHandler
                0x00000000080058a4                DMA1_Stream6_IRQHandler
                0x00000000080058a4                DMA1_Stream1_IRQHandler
                0x00000000080058a4                UART4_IRQHandler
                0x00000000080058a4                TIM3_IRQHandler
                0x00000000080058a4                RCC_IRQHandler
                0x00000000080058a4                TIM8_BRK_TIM12_IRQHandler
                0x00000000080058a4                Default_Handler
                0x00000000080058a4                CEC_IRQHandler
                0x00000000080058a4                EXTI15_10_IRQHandler
                0x00000000080058a4                ADC_IRQHandler
                0x00000000080058a4                DMA1_Stream7_IRQHandler
                0x00000000080058a4                TIM7_IRQHandler
                0x00000000080058a4                CAN2_TX_IRQHandler
                0x00000000080058a4                TIM5_IRQHandler
                0x00000000080058a4                DMA2_Stream7_IRQHandler
                0x00000000080058a4                I2C3_EV_IRQHandler
                0x00000000080058a4                EXTI9_5_IRQHandler
                0x00000000080058a4                RTC_WKUP_IRQHandler
                0x00000000080058a4                SPDIF_RX_IRQHandler
                0x00000000080058a4                SPI2_IRQHandler
                0x00000000080058a4                OTG_HS_EP1_IN_IRQHandler
                0x00000000080058a4                DMA1_Stream0_IRQHandler
                0x00000000080058a4                CAN1_TX_IRQHandler
                0x00000000080058a4                FMPI2C1_ER_IRQHandler
                0x00000000080058a4                EXTI4_IRQHandler
                0x00000000080058a4                OTG_HS_EP1_OUT_IRQHandler
                0x00000000080058a4                WWDG_IRQHandler
                0x00000000080058a4                TIM2_IRQHandler
                0x00000000080058a4                OTG_FS_WKUP_IRQHandler
                0x00000000080058a4                TIM1_TRG_COM_TIM11_IRQHandler
                0x00000000080058a4                OTG_HS_IRQHandler
                0x00000000080058a4                EXTI1_IRQHandler
                0x00000000080058a4                USART2_IRQHandler
                0x00000000080058a4                I2C2_ER_IRQHandler
                0x00000000080058a4                DMA2_Stream1_IRQHandler
                0x00000000080058a4                CAN1_SCE_IRQHandler
                0x00000000080058a4                FLASH_IRQHandler
                0x00000000080058a4                DMA2_Stream4_IRQHandler
                0x00000000080058a4                USART1_IRQHandler
                0x00000000080058a4                OTG_FS_IRQHandler
                0x00000000080058a4                SPI3_IRQHandler
                0x00000000080058a4                DMA1_Stream4_IRQHandler
                0x00000000080058a4                I2C1_ER_IRQHandler
                0x00000000080058a4                FMC_IRQHandler
                0x00000000080058a4                DMA2_Stream6_IRQHandler
                0x00000000080058a4                SAI1_IRQHandler
                0x00000000080058a4                DMA1_Stream3_IRQHandler
 *fill*         0x00000000080058a6        0x2 
 .text.HAL_Init
                0x00000000080058a8       0x44 ./Drivers/STM32F4xx_HAL_Driver/Src/stm32f4xx_hal.o
                0x00000000080058a8                HAL_Init
 .text.HAL_InitTick
                0x00000000080058ec       0x60 ./Drivers/STM32F4xx_HAL_Driver/Src/stm32f4xx_hal.o
                0x00000000080058ec                HAL_InitTick
 .text.HAL_IncTick
                0x000000000800594c       0x28 ./Drivers/STM32F4xx_HAL_Driver/Src/stm32f4xx_hal.o
                0x000000000800594c                HAL_IncTick
 .text.HAL_GetTick
                0x0000000008005974       0x18 ./Drivers/STM32F4xx_HAL_Driver/Src/stm32f4xx_hal.o
                0x0000000008005974                HAL_GetTick
 .text.HAL_Delay
                0x000000000800598c       0x48 ./Drivers/STM32F4xx_HAL_Driver/Src/stm32f4xx_hal.o
                0x000000000800598c                HAL_Delay
 .text.__NVIC_SetPriorityGrouping
                0x00000000080059d4       0x48 ./Drivers/STM32F4xx_HAL_Driver/Src/stm32f4xx_hal_cortex.o
 .text.__NVIC_GetPriorityGrouping
                0x0000000008005a1c       0x1c ./Drivers/STM32F4xx_HAL_Driver/Src/stm32f4xx_hal_cortex.o
 .text.__NVIC_SetPriority
                0x0000000008005a38       0x54 ./Drivers/STM32F4xx_HAL_Driver/Src/stm32f4xx_hal_cortex.o
 .text.NVIC_EncodePriority
                0x0000000008005a8c       0x66 ./Drivers/STM32F4xx_HAL_Driver/Src/stm32f4xx_hal_cortex.o
 *fill*         0x0000000008005af2        0x2 
 .text.SysTick_Config
                0x0000000008005af4       0x44 ./Drivers/STM32F4xx_HAL_Driver/Src/stm32f4xx_hal_cortex.o
 .text.HAL_NVIC_SetPriorityGrouping
                0x0000000008005b38       0x16 ./Drivers/STM32F4xx_HAL_Driver/Src/stm32f4xx_hal_cortex.o
                0x0000000008005b38                HAL_NVIC_SetPriorityGrouping
 .text.HAL_NVIC_SetPriority
                0x0000000008005b4e       0x38 ./Drivers/STM32F4xx_HAL_Driver/Src/stm32f4xx_hal_cortex.o
                0x0000000008005b4e                HAL_NVIC_SetPriority
 .text.HAL_SYSTICK_Config
                0x0000000008005b86       0x18 ./Drivers/STM32F4xx_HAL_Driver/Src/stm32f4xx_hal_cortex.o
                0x0000000008005b86                HAL_SYSTICK_Config
 *fill*         0x0000000008005b9e        0x2 
 .text.HAL_GPIO_Init
                0x0000000008005ba0      0x328 ./Drivers/STM32F4xx_HAL_Driver/Src/stm32f4xx_hal_gpio.o
                0x0000000008005ba0                HAL_GPIO_Init
 .text.HAL_GPIO_WritePin
                0x0000000008005ec8       0x32 ./Drivers/STM32F4xx_HAL_Driver/Src/stm32f4xx_hal_gpio.o
                0x0000000008005ec8                HAL_GPIO_WritePin
 .text.HAL_GPIO_TogglePin
                0x0000000008005efa       0x34 ./Drivers/STM32F4xx_HAL_Driver/Src/stm32f4xx_hal_gpio.o
                0x0000000008005efa                HAL_GPIO_TogglePin
 *fill*         0x0000000008005f2e        0x2 
 .text.HAL_I2C_Init
                0x0000000008005f30      0x288 ./Drivers/STM32F4xx_HAL_Driver/Src/stm32f4xx_hal_i2c.o
                0x0000000008005f30                HAL_I2C_Init
 .text.HAL_I2C_Master_Transmit
                0x00000000080061b8      0x1fc ./Drivers/STM32F4xx_HAL_Driver/Src/stm32f4xx_hal_i2c.o
                0x00000000080061b8                HAL_I2C_Master_Transmit
 .text.I2C_MasterRequestWrite
                0x00000000080063b4      0x104 ./Drivers/STM32F4xx_HAL_Driver/Src/stm32f4xx_hal_i2c.o
 .text.I2C_WaitOnFlagUntilTimeout
                0x00000000080064b8       0xae ./Drivers/STM32F4xx_HAL_Driver/Src/stm32f4xx_hal_i2c.o
 .text.I2C_WaitOnMasterAddressFlagUntilTimeout
                0x0000000008006566       0xfe ./Drivers/STM32F4xx_HAL_Driver/Src/stm32f4xx_hal_i2c.o
 .text.I2C_WaitOnTXEFlagUntilTimeout
                0x0000000008006664       0x82 ./Drivers/STM32F4xx_HAL_Driver/Src/stm32f4xx_hal_i2c.o
 .text.I2C_WaitOnBTFFlagUntilTimeout
                0x00000000080066e6       0x82 ./Drivers/STM32F4xx_HAL_Driver/Src/stm32f4xx_hal_i2c.o
 .text.I2C_IsAcknowledgeFailed
                0x0000000008006768       0x5e ./Drivers/STM32F4xx_HAL_Driver/Src/stm32f4xx_hal_i2c.o
 *fill*         0x00000000080067c6        0x2 
 .text.HAL_RCC_ClockConfig
                0x00000000080067c8      0x1cc ./Drivers/STM32F4xx_HAL_Driver/Src/stm32f4xx_hal_rcc.o
                0x00000000080067c8                HAL_RCC_ClockConfig
 .text.HAL_RCC_GetHCLKFreq
                0x0000000008006994       0x18 ./Drivers/STM32F4xx_HAL_Driver/Src/stm32f4xx_hal_rcc.o
                0x0000000008006994                HAL_RCC_GetHCLKFreq
 .text.HAL_RCC_GetPCLK1Freq
                0x00000000080069ac       0x28 ./Drivers/STM32F4xx_HAL_Driver/Src/stm32f4xx_hal_rcc.o
                0x00000000080069ac                HAL_RCC_GetPCLK1Freq
 .text.HAL_RCC_GetPCLK2Freq
                0x00000000080069d4       0x28 ./Drivers/STM32F4xx_HAL_Driver/Src/stm32f4xx_hal_rcc.o
                0x00000000080069d4                HAL_RCC_GetPCLK2Freq
 .text.HAL_RCC_GetSysClockFreq
                0x00000000080069fc      0x364 ./Drivers/STM32F4xx_HAL_Driver/Src/stm32f4xx_hal_rcc_ex.o
                0x00000000080069fc                HAL_RCC_GetSysClockFreq
 .text.HAL_RCC_OscConfig
                0x0000000008006d60      0x53c ./Drivers/STM32F4xx_HAL_Driver/Src/stm32f4xx_hal_rcc_ex.o
                0x0000000008006d60                HAL_RCC_OscConfig
 .text.HAL_SPI_Init
                0x000000000800729c      0x112 ./Drivers/STM32F4xx_HAL_Driver/Src/stm32f4xx_hal_spi.o
                0x000000000800729c                HAL_SPI_Init
 .text.HAL_SPI_Transmit
                0x00000000080073ae      0x278 ./Drivers/STM32F4xx_HAL_Driver/Src/stm32f4xx_hal_spi.o
                0x00000000080073ae                HAL_SPI_Transmit
 .text.HAL_SPI_TransmitReceive
                0x0000000008007626      0x344 ./Drivers/STM32F4xx_HAL_Driver/Src/stm32f4xx_hal_spi.o
                0x0000000008007626                HAL_SPI_TransmitReceive
 .text.HAL_SPI_GetState
                0x000000000800796a       0x1c ./Drivers/STM32F4xx_HAL_Driver/Src/stm32f4xx_hal_spi.o
                0x000000000800796a                HAL_SPI_GetState
 *fill*         0x0000000008007986        0x2 
 .text.SPI_WaitFlagStateUntilTimeout
                0x0000000008007988      0x110 ./Drivers/STM32F4xx_HAL_Driver/Src/stm32f4xx_hal_spi.o
 .text.SPI_EndRxTxTransaction
                0x0000000008007a98       0x84 ./Drivers/STM32F4xx_HAL_Driver/Src/stm32f4xx_hal_spi.o
 .text.HAL_TIM_Base_Init
                0x0000000008007b1c       0x9e ./Drivers/STM32F4xx_HAL_Driver/Src/stm32f4xx_hal_tim.o
                0x0000000008007b1c                HAL_TIM_Base_Init
 *fill*         0x0000000008007bba        0x2 
 .text.HAL_TIM_Base_Start
                0x0000000008007bbc       0xd0 ./Drivers/STM32F4xx_HAL_Driver/Src/stm32f4xx_hal_tim.o
                0x0000000008007bbc                HAL_TIM_Base_Start
 .text.HAL_TIM_PWM_Init
                0x0000000008007c8c       0x9e ./Drivers/STM32F4xx_HAL_Driver/Src/stm32f4xx_hal_tim.o
                0x0000000008007c8c                HAL_TIM_PWM_Init
 .text.HAL_TIM_PWM_MspInit
                0x0000000008007d2a       0x14 ./Drivers/STM32F4xx_HAL_Driver/Src/stm32f4xx_hal_tim.o
                0x0000000008007d2a                HAL_TIM_PWM_MspInit
 *fill*         0x0000000008007d3e        0x2 
 .text.HAL_TIM_PWM_Start
                0x0000000008007d40      0x190 ./Drivers/STM32F4xx_HAL_Driver/Src/stm32f4xx_hal_tim.o
                0x0000000008007d40                HAL_TIM_PWM_Start
 .text.HAL_TIM_PWM_ConfigChannel
                0x0000000008007ed0      0x184 ./Drivers/STM32F4xx_HAL_Driver/Src/stm32f4xx_hal_tim.o
                0x0000000008007ed0                HAL_TIM_PWM_ConfigChannel
 .text.HAL_TIM_ConfigClockSource
                0x0000000008008054      0x18e ./Drivers/STM32F4xx_HAL_Driver/Src/stm32f4xx_hal_tim.o
                0x0000000008008054                HAL_TIM_ConfigClockSource
 *fill*         0x00000000080081e2        0x2 
 .text.TIM_Base_SetConfig
                0x00000000080081e4      0x140 ./Drivers/STM32F4xx_HAL_Driver/Src/stm32f4xx_hal_tim.o
                0x00000000080081e4                TIM_Base_SetConfig
 .text.TIM_OC1_SetConfig
                0x0000000008008324       0xe0 ./Drivers/STM32F4xx_HAL_Driver/Src/stm32f4xx_hal_tim.o
 .text.TIM_OC2_SetConfig
                0x0000000008008404       0xec ./Drivers/STM32F4xx_HAL_Driver/Src/stm32f4xx_hal_tim.o
                0x0000000008008404                TIM_OC2_SetConfig
 .text.TIM_OC3_SetConfig
                0x00000000080084f0       0xe8 ./Drivers/STM32F4xx_HAL_Driver/Src/stm32f4xx_hal_tim.o
 .text.TIM_OC4_SetConfig
                0x00000000080085d8       0xac ./Drivers/STM32F4xx_HAL_Driver/Src/stm32f4xx_hal_tim.o
 .text.TIM_TI1_ConfigInputStage
                0x0000000008008684       0x5e ./Drivers/STM32F4xx_HAL_Driver/Src/stm32f4xx_hal_tim.o
 .text.TIM_TI2_ConfigInputStage
                0x00000000080086e2       0x60 ./Drivers/STM32F4xx_HAL_Driver/Src/stm32f4xx_hal_tim.o
 .text.TIM_ITRx_SetConfig
                0x0000000008008742       0x36 ./Drivers/STM32F4xx_HAL_Driver/Src/stm32f4xx_hal_tim.o
 .text.TIM_ETR_SetConfig
                0x0000000008008778       0x40 ./Drivers/STM32F4xx_HAL_Driver/Src/stm32f4xx_hal_tim.o
                0x0000000008008778                TIM_ETR_SetConfig
 .text.TIM_CCxChannelCmd
                0x00000000080087b8       0x4a ./Drivers/STM32F4xx_HAL_Driver/Src/stm32f4xx_hal_tim.o
                0x00000000080087b8                TIM_CCxChannelCmd
 *fill*         0x0000000008008802        0x2 
 .text.HAL_TIMEx_MasterConfigSynchronization
                0x0000000008008804       0xf8 ./Drivers/STM32F4xx_HAL_Driver/Src/stm32f4xx_hal_tim_ex.o
                0x0000000008008804                HAL_TIMEx_MasterConfigSynchronization
 .text.HAL_UART_Init
                0x00000000080088fc       0x9a ./Drivers/STM32F4xx_HAL_Driver/Src/stm32f4xx_hal_uart.o
                0x00000000080088fc                HAL_UART_Init
 .text.HAL_UART_Transmit
                0x0000000008008996      0x124 ./Drivers/STM32F4xx_HAL_Driver/Src/stm32f4xx_hal_uart.o
                0x0000000008008996                HAL_UART_Transmit
 .text.UART_WaitOnFlagUntilTimeout
                0x0000000008008aba       0xdc ./Drivers/STM32F4xx_HAL_Driver/Src/stm32f4xx_hal_uart.o
 *fill*         0x0000000008008b96        0x2 
 .text.UART_SetConfig
                0x0000000008008b98      0x390 ./Drivers/STM32F4xx_HAL_Driver/Src/stm32f4xx_hal_uart.o
 .text.MX_FATFS_Init
                0x0000000008008f28       0x24 ./FATFS/App/fatfs.o
                0x0000000008008f28                MX_FATFS_Init
 .text.USER_initialize
                0x0000000008008f4c       0x1e ./FATFS/Target/user_diskio.o
                0x0000000008008f4c                USER_initialize
 *fill*         0x0000000008008f6a        0x2 
 .text.USER_status
                0x0000000008008f6c       0x28 ./FATFS/Target/user_diskio.o
                0x0000000008008f6c                USER_status
 .text.USER_read
                0x0000000008008f94       0x28 ./FATFS/Target/user_diskio.o
                0x0000000008008f94                USER_read
 .text.USER_write
                0x0000000008008fbc       0x28 ./FATFS/Target/user_diskio.o
                0x0000000008008fbc                USER_write
 .text.USER_ioctl
                0x0000000008008fe4       0x2c ./FATFS/Target/user_diskio.o
                0x0000000008008fe4                USER_ioctl
 .text.FATFS_LinkDriverEx
                0x0000000008009010       0x98 ./Middlewares/Third_Party/FatFs/src/ff_gen_drv.o
                0x0000000008009010                FATFS_LinkDriverEx
 .text.FATFS_LinkDriver
                0x00000000080090a8       0x1e ./Middlewares/Third_Party/FatFs/src/ff_gen_drv.o
                0x00000000080090a8                FATFS_LinkDriver
 *fill*         0x00000000080090c6        0x2 
 .text.__libc_init_array
                0x00000000080090c8       0x48 c:/st/stm32cubeide_1.8.0/stm32cubeide/plugins/com.st.stm32cube.ide.mcu.externaltools.gnu-tools-for-stm32.9-2020-q2-update.win32_2.0.0.202105311346/tools/bin/../lib/gcc/arm-none-eabi/9.3.1/../../../../arm-none-eabi/lib/thumb/v7e-m+fp/hard\libc_nano.a(lib_a-init.o)
                0x00000000080090c8                __libc_init_array
 .text.memset   0x0000000008009110       0x10 c:/st/stm32cubeide_1.8.0/stm32cubeide/plugins/com.st.stm32cube.ide.mcu.externaltools.gnu-tools-for-stm32.9-2020-q2-update.win32_2.0.0.202105311346/tools/bin/../lib/gcc/arm-none-eabi/9.3.1/../../../../arm-none-eabi/lib/thumb/v7e-m+fp/hard\libc_nano.a(lib_a-memset.o)
                0x0000000008009110                memset
 *(.glue_7)
 .glue_7        0x0000000008009120        0x0 linker stubs
 *(.glue_7t)
 .glue_7t       0x0000000008009120        0x0 linker stubs
 *(.eh_frame)
 .eh_frame      0x0000000008009120        0x0 c:/st/stm32cubeide_1.8.0/stm32cubeide/plugins/com.st.stm32cube.ide.mcu.externaltools.gnu-tools-for-stm32.9-2020-q2-update.win32_2.0.0.202105311346/tools/bin/../lib/gcc/arm-none-eabi/9.3.1/thumb/v7e-m+fp/hard/crtbegin.o
 *(.init)
 .init          0x0000000008009120        0x4 c:/st/stm32cubeide_1.8.0/stm32cubeide/plugins/com.st.stm32cube.ide.mcu.externaltools.gnu-tools-for-stm32.9-2020-q2-update.win32_2.0.0.202105311346/tools/bin/../lib/gcc/arm-none-eabi/9.3.1/thumb/v7e-m+fp/hard/crti.o
                0x0000000008009120                _init
 .init          0x0000000008009124        0x8 c:/st/stm32cubeide_1.8.0/stm32cubeide/plugins/com.st.stm32cube.ide.mcu.externaltools.gnu-tools-for-stm32.9-2020-q2-update.win32_2.0.0.202105311346/tools/bin/../lib/gcc/arm-none-eabi/9.3.1/thumb/v7e-m+fp/hard/crtn.o
 *(.fini)
 .fini          0x000000000800912c        0x4 c:/st/stm32cubeide_1.8.0/stm32cubeide/plugins/com.st.stm32cube.ide.mcu.externaltools.gnu-tools-for-stm32.9-2020-q2-update.win32_2.0.0.202105311346/tools/bin/../lib/gcc/arm-none-eabi/9.3.1/thumb/v7e-m+fp/hard/crti.o
                0x000000000800912c                _fini
 .fini          0x0000000008009130        0x8 c:/st/stm32cubeide_1.8.0/stm32cubeide/plugins/com.st.stm32cube.ide.mcu.externaltools.gnu-tools-for-stm32.9-2020-q2-update.win32_2.0.0.202105311346/tools/bin/../lib/gcc/arm-none-eabi/9.3.1/thumb/v7e-m+fp/hard/crtn.o
                0x0000000008009138                . = ALIGN (0x4)
                0x0000000008009138                _etext = .

.vfp11_veneer   0x0000000008009138        0x0
 .vfp11_veneer  0x0000000008009138        0x0 linker stubs

.v4_bx          0x0000000008009138        0x0
 .v4_bx         0x0000000008009138        0x0 linker stubs

.iplt           0x0000000008009138        0x0
 .iplt          0x0000000008009138        0x0 c:/st/stm32cubeide_1.8.0/stm32cubeide/plugins/com.st.stm32cube.ide.mcu.externaltools.gnu-tools-for-stm32.9-2020-q2-update.win32_2.0.0.202105311346/tools/bin/../lib/gcc/arm-none-eabi/9.3.1/thumb/v7e-m+fp/hard/crtbegin.o

.rodata         0x0000000008009138      0x868
                0x0000000008009138                . = ALIGN (0x4)
 *(.rodata)
 .rodata        0x0000000008009138        0x6 ./Core/Src/Camera_OV7670.o
 *fill*         0x000000000800913e        0x2 
 .rodata        0x0000000008009140       0x6a ./Core/Src/main.o
 *fill*         0x00000000080091aa        0x2 
 .rodata        0x00000000080091ac        0x3 ./Core/Src/tft.o
 *(.rodata*)
 *fill*         0x00000000080091af        0x1 
 .rodata.qvga_ov7670
                0x00000000080091b0       0x28 ./Core/Src/Camera_OV7670.o
                0x00000000080091b0                qvga_ov7670
 .rodata.rgb565_ov7670
                0x00000000080091d8       0x34 ./Core/Src/Camera_OV7670.o
                0x00000000080091d8                rgb565_ov7670
 .rodata.ov7670_default_regs
                0x000000000800920c      0x278 ./Core/Src/Camera_OV7670.o
                0x000000000800920c                ov7670_default_regs
 .rodata.AHBPrescTable
                0x0000000008009484       0x10 ./Core/Src/system_stm32f4xx.o
                0x0000000008009484                AHBPrescTable
 .rodata.APBPrescTable
                0x0000000008009494        0x8 ./Core/Src/system_stm32f4xx.o
                0x0000000008009494                APBPrescTable
 .rodata.R61511_regValues.9956
                0x000000000800949c        0x3 ./Core/Src/tft.o
 *fill*         0x000000000800949f        0x1 
 .rodata.R61520_regValues.9959
                0x00000000080094a0        0x6 ./Core/Src/tft.o
 *fill*         0x00000000080094a6        0x2 
 .rodata.R61526_regValues.9961
                0x00000000080094a8        0xc ./Core/Src/tft.o
 .rodata.NT35310_regValues.9963
                0x00000000080094b4        0x2 ./Core/Src/tft.o
 *fill*         0x00000000080094b6        0x2 
 .rodata.ST7789_regValues.9965
                0x00000000080094b8       0x41 ./Core/Src/tft.o
 *fill*         0x00000000080094f9        0x3 
 .rodata.FK8031_regValues.9968
                0x00000000080094fc       0x12 ./Core/Src/tft.o
 *fill*         0x000000000800950e        0x2 
 .rodata.HX8357C_regValues.9972
                0x0000000008009510        0x2 ./Core/Src/tft.o
 *fill*         0x0000000008009512        0x2 
 .rodata.HX8357_99_regValues.9974
                0x0000000008009514       0x1d ./Core/Src/tft.o
 *fill*         0x0000000008009531        0x3 
 .rodata.ILI9320_regValues.9980
                0x0000000008009534       0xd8 ./Core/Src/tft.o
 .rodata.ILI9325_regValues.9987
                0x000000000800960c       0xcc ./Core/Src/tft.o
 .rodata.ILI9327_regValues.9989
                0x00000000080096d8       0x1e ./Core/Src/tft.o
 *fill*         0x00000000080096f6        0x2 
 .rodata.XX1602_regValues.9991
                0x00000000080096f8        0x6 ./Core/Src/tft.o
 *fill*         0x00000000080096fe        0x2 
 .rodata.ILI9329_regValues.9998
                0x0000000008009700        0x3 ./Core/Src/tft.o
 *fill*         0x0000000008009703        0x1 
 .rodata.ILI9341_regValues_2_4.10002
                0x0000000008009704       0x65 ./Core/Src/tft.o
 *fill*         0x0000000008009769        0x3 
 .rodata.ILI9481_regValues.10007
                0x000000000800976c       0x45 ./Core/Src/tft.o
 *fill*         0x00000000080097b1        0x3 
 .rodata.ILI9486_regValues.10014
                0x00000000080097b4       0x3b ./Core/Src/tft.o
 *fill*         0x00000000080097ef        0x1 
 .rodata.ILI9488_regValues_max.10019
                0x00000000080097f0       0x2b ./Core/Src/tft.o
 *fill*         0x000000000800981b        0x1 
 .rodata.R61505V_regValues.10022
                0x000000000800981c       0xb0 ./Core/Src/tft.o
 .rodata.R61509V_regValues.10025
                0x00000000080098cc       0xc0 ./Core/Src/tft.o
 .rodata.reset_off.10027
                0x000000000800998c        0x9 ./Core/Src/tft.o
 *fill*         0x0000000008009995        0x3 
 .rodata.wake_on.10028
                0x0000000008009998        0x6 ./Core/Src/tft.o
                0x00000000080099a0                . = ALIGN (0x4)
 *fill*         0x000000000800999e        0x2 

.ARM.extab      0x00000000080099a0        0x0
                0x00000000080099a0                . = ALIGN (0x4)
 *(.ARM.extab* .gnu.linkonce.armextab.*)
                0x00000000080099a0                . = ALIGN (0x4)

.ARM            0x00000000080099a0        0x8
                0x00000000080099a0                . = ALIGN (0x4)
                0x00000000080099a0                __exidx_start = .
 *(.ARM.exidx*)
 .ARM.exidx     0x00000000080099a0        0x8 c:/st/stm32cubeide_1.8.0/stm32cubeide/plugins/com.st.stm32cube.ide.mcu.externaltools.gnu-tools-for-stm32.9-2020-q2-update.win32_2.0.0.202105311346/tools/bin/../lib/gcc/arm-none-eabi/9.3.1/thumb/v7e-m+fp/hard\libgcc.a(_udivmoddi4.o)
                0x00000000080099a8                __exidx_end = .
                0x00000000080099a8                . = ALIGN (0x4)

.rel.dyn        0x00000000080099a8        0x0
 .rel.iplt      0x00000000080099a8        0x0 c:/st/stm32cubeide_1.8.0/stm32cubeide/plugins/com.st.stm32cube.ide.mcu.externaltools.gnu-tools-for-stm32.9-2020-q2-update.win32_2.0.0.202105311346/tools/bin/../lib/gcc/arm-none-eabi/9.3.1/thumb/v7e-m+fp/hard/crtbegin.o

.preinit_array  0x00000000080099a8        0x0
                0x00000000080099a8                . = ALIGN (0x4)
                0x00000000080099a8                PROVIDE (__preinit_array_start = .)
 *(.preinit_array*)
                0x00000000080099a8                PROVIDE (__preinit_array_end = .)
                0x00000000080099a8                . = ALIGN (0x4)

.init_array     0x00000000080099a8        0x4
                0x00000000080099a8                . = ALIGN (0x4)
                0x00000000080099a8                PROVIDE (__init_array_start = .)
 *(SORT_BY_NAME(.init_array.*))
 *(.init_array*)
 .init_array    0x00000000080099a8        0x4 c:/st/stm32cubeide_1.8.0/stm32cubeide/plugins/com.st.stm32cube.ide.mcu.externaltools.gnu-tools-for-stm32.9-2020-q2-update.win32_2.0.0.202105311346/tools/bin/../lib/gcc/arm-none-eabi/9.3.1/thumb/v7e-m+fp/hard/crtbegin.o
                0x00000000080099ac                PROVIDE (__init_array_end = .)
                0x00000000080099ac                . = ALIGN (0x4)

.fini_array     0x00000000080099ac        0x4
                0x00000000080099ac                . = ALIGN (0x4)
                [!provide]                        PROVIDE (__fini_array_start = .)
 *(SORT_BY_NAME(.fini_array.*))
 *(.fini_array*)
 .fini_array    0x00000000080099ac        0x4 c:/st/stm32cubeide_1.8.0/stm32cubeide/plugins/com.st.stm32cube.ide.mcu.externaltools.gnu-tools-for-stm32.9-2020-q2-update.win32_2.0.0.202105311346/tools/bin/../lib/gcc/arm-none-eabi/9.3.1/thumb/v7e-m+fp/hard/crtbegin.o
                [!provide]                        PROVIDE (__fini_array_end = .)
                0x00000000080099b0                . = ALIGN (0x4)
                0x00000000080099b0                _sidata = LOADADDR (.data)

.data           0x0000000020000000       0x28 load address 0x00000000080099b0
                0x0000000020000000                . = ALIGN (0x4)
                0x0000000020000000                _sdata = .
 *(.data)
 *(.data*)
 .data.Stat     0x0000000020000000        0x1 ./Core/Src/fatfs_sd.o
 *fill*         0x0000000020000001        0x3 
 .data.SystemCoreClock
                0x0000000020000004        0x4 ./Core/Src/system_stm32f4xx.o
                0x0000000020000004                SystemCoreClock
 .data._width   0x0000000020000008        0x2 ./Core/Src/tft.o
                0x0000000020000008                _width
 .data._height  0x000000002000000a        0x2 ./Core/Src/tft.o
                0x000000002000000a                _height
 .data.uwTickPrio
                0x000000002000000c        0x4 ./Drivers/STM32F4xx_HAL_Driver/Src/stm32f4xx_hal.o
                0x000000002000000c                uwTickPrio
 .data.uwTickFreq
                0x0000000020000010        0x1 ./Drivers/STM32F4xx_HAL_Driver/Src/stm32f4xx_hal.o
                0x0000000020000010                uwTickFreq
 .data.Stat     0x0000000020000011        0x1 ./FATFS/Target/user_diskio.o
 *fill*         0x0000000020000012        0x2 
 .data.USER_Driver
                0x0000000020000014       0x14 ./FATFS/Target/user_diskio.o
                0x0000000020000014                USER_Driver
 *(.RamFunc)
 *(.RamFunc*)
                0x0000000020000028                . = ALIGN (0x4)
                0x0000000020000028                _edata = .

.igot.plt       0x0000000020000028        0x0 load address 0x00000000080099d8
 .igot.plt      0x0000000020000028        0x0 c:/st/stm32cubeide_1.8.0/stm32cubeide/plugins/com.st.stm32cube.ide.mcu.externaltools.gnu-tools-for-stm32.9-2020-q2-update.win32_2.0.0.202105311346/tools/bin/../lib/gcc/arm-none-eabi/9.3.1/thumb/v7e-m+fp/hard/crtbegin.o
                0x0000000020000028                . = ALIGN (0x4)

.bss            0x0000000020000028     0x7334 load address 0x00000000080099d8
                0x0000000020000028                _sbss = .
                0x0000000020000028                __bss_start__ = _sbss
 *(.bss)
 .bss           0x0000000020000028       0x1c c:/st/stm32cubeide_1.8.0/stm32cubeide/plugins/com.st.stm32cube.ide.mcu.externaltools.gnu-tools-for-stm32.9-2020-q2-update.win32_2.0.0.202105311346/tools/bin/../lib/gcc/arm-none-eabi/9.3.1/thumb/v7e-m+fp/hard/crtbegin.o
 *(.bss*)
 .bss.CardType  0x0000000020000044        0x1 ./Core/Src/fatfs_sd.o
 .bss.PowerFlag
                0x0000000020000045        0x1 ./Core/Src/fatfs_sd.o
 .bss.ID        0x0000000020000046        0x2 ./Core/Src/main.o
                0x0000000020000046                ID
 .bss.FatFsCnt  0x0000000020000048        0x1 ./Core/Src/stm32f4xx_it.o
                0x0000000020000048                FatFsCnt
 .bss.done_reset
                0x0000000020000049        0x1 ./Core/Src/tft.o
 .bss.is8347    0x000000002000004a        0x1 ./Core/Src/tft.o
 .bss.is555     0x000000002000004b        0x1 ./Core/Src/tft.o
 .bss.is9797    0x000000002000004c        0x1 ./Core/Src/tft.o
 .bss.rotation  0x000000002000004d        0x1 ./Core/Src/tft.o
                0x000000002000004d                rotation
 *fill*         0x000000002000004e        0x2 
 .bss.disk      0x0000000020000050        0xc ./Middlewares/Third_Party/FatFs/src/ff_gen_drv.o
                0x0000000020000050                disk
 *(COMMON)
 COMMON         0x000000002000005c        0x8 ./Core/Src/Camera_OV7670.o
                0x000000002000005c                HI2C
                0x0000000020000060                HUART
 COMMON         0x0000000020000064     0x5266 ./Core/Src/main.o
                0x0000000020000064                hi2c1
                0x00000000200000b8                fdst
                0x00000000200010e8                br
                0x00000000200010ec                htim3
                0x0000000020001134                fsrc
                0x0000000020002164                buffer
                0x0000000020003164                fs0
                0x000000002000419c                htim1
                0x00000000200041e4                bw
                0x00000000200041e8                fr
                0x00000000200041ec                fs1
                0x0000000020005224                hspi1
                0x000000002000527c                huart2
                0x00000000200052c0                codigoID
 COMMON         0x00000000200052ca        0x2 ./Core/Src/stm32f4xx_it.o
                0x00000000200052ca                Timer2
                0x00000000200052cb                Timer1
 COMMON         0x00000000200052cc       0x1a ./Core/Src/tft.o
                0x00000000200052cc                _lcd_drivOut
                0x00000000200052ce                _MW
                0x00000000200052d0                _lcd_capable
                0x00000000200052d2                _SP
                0x00000000200052d4                _lcd_rev
                0x00000000200052d6                _MP
                0x00000000200052d8                _MC
                0x00000000200052da                _SC
                0x00000000200052dc                _EP
                0x00000000200052de                _lcd_ID
                0x00000000200052e0                _lcd_xor
                0x00000000200052e2                _EC
                0x00000000200052e4                _lcd_madctl
 *fill*         0x00000000200052e6        0x2 
 COMMON         0x00000000200052e8        0x4 ./Drivers/STM32F4xx_HAL_Driver/Src/stm32f4xx_hal.o
                0x00000000200052e8                uwTick
 COMMON         0x00000000200052ec     0x2070 ./FATFS/App/fatfs.o
                0x00000000200052ec                USERPath
                0x00000000200052f0                retUSER
                0x00000000200052f4                USERFile
                0x0000000020006324                USERFatFS
                0x000000002000735c                . = ALIGN (0x4)
                0x000000002000735c                _ebss = .
                0x000000002000735c                __bss_end__ = _ebss

._user_heap_stack
                0x000000002000735c      0x604 load address 0x00000000080099d8
                0x0000000020007360                . = ALIGN (0x8)
 *fill*         0x000000002000735c        0x4 
                [!provide]                        PROVIDE (end = .)
                0x0000000020007360                PROVIDE (_end = .)
                0x0000000020007560                . = (. + _Min_Heap_Size)
 *fill*         0x0000000020007360      0x200 
                0x0000000020007960                . = (. + _Min_Stack_Size)
 *fill*         0x0000000020007560      0x400 
                0x0000000020007960                . = ALIGN (0x8)

/DISCARD/
 libc.a(*)
 libm.a(*)
 libgcc.a(*)

.ARM.attributes
                0x0000000000000000       0x30
 *(.ARM.attributes)
 .ARM.attributes
                0x0000000000000000       0x1e c:/st/stm32cubeide_1.8.0/stm32cubeide/plugins/com.st.stm32cube.ide.mcu.externaltools.gnu-tools-for-stm32.9-2020-q2-update.win32_2.0.0.202105311346/tools/bin/../lib/gcc/arm-none-eabi/9.3.1/thumb/v7e-m+fp/hard/crti.o
 .ARM.attributes
                0x000000000000001e       0x34 c:/st/stm32cubeide_1.8.0/stm32cubeide/plugins/com.st.stm32cube.ide.mcu.externaltools.gnu-tools-for-stm32.9-2020-q2-update.win32_2.0.0.202105311346/tools/bin/../lib/gcc/arm-none-eabi/9.3.1/thumb/v7e-m+fp/hard/crtbegin.o
 .ARM.attributes
                0x0000000000000052       0x34 ./Core/Src/Camera_OV7670.o
 .ARM.attributes
                0x0000000000000086       0x34 ./Core/Src/fatfs_sd.o
 .ARM.attributes
                0x00000000000000ba       0x34 ./Core/Src/main.o
 .ARM.attributes
                0x00000000000000ee       0x34 ./Core/Src/stm32f4xx_hal_msp.o
 .ARM.attributes
                0x0000000000000122       0x34 ./Core/Src/stm32f4xx_it.o
 .ARM.attributes
                0x0000000000000156       0x34 ./Core/Src/system_stm32f4xx.o
 .ARM.attributes
                0x000000000000018a       0x34 ./Core/Src/tft.o
 .ARM.attributes
                0x00000000000001be       0x21 ./Core/Startup/startup_stm32f446retx.o
 .ARM.attributes
                0x00000000000001df       0x34 ./Drivers/STM32F4xx_HAL_Driver/Src/stm32f4xx_hal.o
 .ARM.attributes
                0x0000000000000213       0x34 ./Drivers/STM32F4xx_HAL_Driver/Src/stm32f4xx_hal_cortex.o
 .ARM.attributes
                0x0000000000000247       0x34 ./Drivers/STM32F4xx_HAL_Driver/Src/stm32f4xx_hal_gpio.o
 .ARM.attributes
                0x000000000000027b       0x34 ./Drivers/STM32F4xx_HAL_Driver/Src/stm32f4xx_hal_i2c.o
 .ARM.attributes
                0x00000000000002af       0x34 ./Drivers/STM32F4xx_HAL_Driver/Src/stm32f4xx_hal_rcc.o
 .ARM.attributes
                0x00000000000002e3       0x34 ./Drivers/STM32F4xx_HAL_Driver/Src/stm32f4xx_hal_rcc_ex.o
 .ARM.attributes
                0x0000000000000317       0x34 ./Drivers/STM32F4xx_HAL_Driver/Src/stm32f4xx_hal_spi.o
 .ARM.attributes
                0x000000000000034b       0x34 ./Drivers/STM32F4xx_HAL_Driver/Src/stm32f4xx_hal_tim.o
 .ARM.attributes
                0x000000000000037f       0x34 ./Drivers/STM32F4xx_HAL_Driver/Src/stm32f4xx_hal_tim_ex.o
 .ARM.attributes
                0x00000000000003b3       0x34 ./Drivers/STM32F4xx_HAL_Driver/Src/stm32f4xx_hal_uart.o
 .ARM.attributes
                0x00000000000003e7       0x34 ./FATFS/App/fatfs.o
 .ARM.attributes
                0x000000000000041b       0x34 ./FATFS/Target/user_diskio.o
 .ARM.attributes
                0x000000000000044f       0x34 ./Middlewares/Third_Party/FatFs/src/ff_gen_drv.o
 .ARM.attributes
                0x0000000000000483       0x34 c:/st/stm32cubeide_1.8.0/stm32cubeide/plugins/com.st.stm32cube.ide.mcu.externaltools.gnu-tools-for-stm32.9-2020-q2-update.win32_2.0.0.202105311346/tools/bin/../lib/gcc/arm-none-eabi/9.3.1/../../../../arm-none-eabi/lib/thumb/v7e-m+fp/hard\libc_nano.a(lib_a-init.o)
 .ARM.attributes
                0x00000000000004b7       0x34 c:/st/stm32cubeide_1.8.0/stm32cubeide/plugins/com.st.stm32cube.ide.mcu.externaltools.gnu-tools-for-stm32.9-2020-q2-update.win32_2.0.0.202105311346/tools/bin/../lib/gcc/arm-none-eabi/9.3.1/../../../../arm-none-eabi/lib/thumb/v7e-m+fp/hard\libc_nano.a(lib_a-memset.o)
 .ARM.attributes
                0x00000000000004eb       0x1e c:/st/stm32cubeide_1.8.0/stm32cubeide/plugins/com.st.stm32cube.ide.mcu.externaltools.gnu-tools-for-stm32.9-2020-q2-update.win32_2.0.0.202105311346/tools/bin/../lib/gcc/arm-none-eabi/9.3.1/thumb/v7e-m+fp/hard\libgcc.a(_aeabi_uldivmod.o)
 .ARM.attributes
                0x0000000000000509       0x34 c:/st/stm32cubeide_1.8.0/stm32cubeide/plugins/com.st.stm32cube.ide.mcu.externaltools.gnu-tools-for-stm32.9-2020-q2-update.win32_2.0.0.202105311346/tools/bin/../lib/gcc/arm-none-eabi/9.3.1/thumb/v7e-m+fp/hard\libgcc.a(_udivmoddi4.o)
 .ARM.attributes
                0x000000000000053d       0x1e c:/st/stm32cubeide_1.8.0/stm32cubeide/plugins/com.st.stm32cube.ide.mcu.externaltools.gnu-tools-for-stm32.9-2020-q2-update.win32_2.0.0.202105311346/tools/bin/../lib/gcc/arm-none-eabi/9.3.1/thumb/v7e-m+fp/hard\libgcc.a(_dvmd_tls.o)
 .ARM.attributes
                0x000000000000055b       0x1e c:/st/stm32cubeide_1.8.0/stm32cubeide/plugins/com.st.stm32cube.ide.mcu.externaltools.gnu-tools-for-stm32.9-2020-q2-update.win32_2.0.0.202105311346/tools/bin/../lib/gcc/arm-none-eabi/9.3.1/thumb/v7e-m+fp/hard/crtn.o
OUTPUT(Camera.elf elf32-littlearm)
LOAD linker stubs
LOAD c:/st/stm32cubeide_1.8.0/stm32cubeide/plugins/com.st.stm32cube.ide.mcu.externaltools.gnu-tools-for-stm32.9-2020-q2-update.win32_2.0.0.202105311346/tools/bin/../lib/gcc/arm-none-eabi/9.3.1/../../../../arm-none-eabi/lib/thumb/v7e-m+fp/hard\libc.a
LOAD c:/st/stm32cubeide_1.8.0/stm32cubeide/plugins/com.st.stm32cube.ide.mcu.externaltools.gnu-tools-for-stm32.9-2020-q2-update.win32_2.0.0.202105311346/tools/bin/../lib/gcc/arm-none-eabi/9.3.1/../../../../arm-none-eabi/lib/thumb/v7e-m+fp/hard\libm.a
LOAD c:/st/stm32cubeide_1.8.0/stm32cubeide/plugins/com.st.stm32cube.ide.mcu.externaltools.gnu-tools-for-stm32.9-2020-q2-update.win32_2.0.0.202105311346/tools/bin/../lib/gcc/arm-none-eabi/9.3.1/thumb/v7e-m+fp/hard\libgcc.a

.debug_info     0x0000000000000000    0x1b1df
 .debug_info    0x0000000000000000      0xe1e ./Core/Src/Camera_OV7670.o
 .debug_info    0x0000000000000e1e      0xccc ./Core/Src/fatfs_sd.o
 .debug_info    0x0000000000001aea     0x26ba ./Core/Src/main.o
 .debug_info    0x00000000000041a4     0x14bb ./Core/Src/stm32f4xx_hal_msp.o
 .debug_info    0x000000000000565f      0x26f ./Core/Src/stm32f4xx_it.o
 .debug_info    0x00000000000058ce      0x5dc ./Core/Src/system_stm32f4xx.o
 .debug_info    0x0000000000005eaa     0x425e ./Core/Src/tft.o
 .debug_info    0x000000000000a108       0x22 ./Core/Startup/startup_stm32f446retx.o
 .debug_info    0x000000000000a12a      0xa08 ./Drivers/STM32F4xx_HAL_Driver/Src/stm32f4xx_hal.o
 .debug_info    0x000000000000ab32      0xef5 ./Drivers/STM32F4xx_HAL_Driver/Src/stm32f4xx_hal_cortex.o
 .debug_info    0x000000000000ba27      0x892 ./Drivers/STM32F4xx_HAL_Driver/Src/stm32f4xx_hal_gpio.o
 .debug_info    0x000000000000c2b9     0x265b ./Drivers/STM32F4xx_HAL_Driver/Src/stm32f4xx_hal_i2c.o
 .debug_info    0x000000000000e914      0x9db ./Drivers/STM32F4xx_HAL_Driver/Src/stm32f4xx_hal_rcc.o
 .debug_info    0x000000000000f2ef      0xa86 ./Drivers/STM32F4xx_HAL_Driver/Src/stm32f4xx_hal_rcc_ex.o
 .debug_info    0x000000000000fd75     0x17c0 ./Drivers/STM32F4xx_HAL_Driver/Src/stm32f4xx_hal_spi.o
 .debug_info    0x0000000000011535     0x2c22 ./Drivers/STM32F4xx_HAL_Driver/Src/stm32f4xx_hal_tim.o
 .debug_info    0x0000000000014157     0x15a2 ./Drivers/STM32F4xx_HAL_Driver/Src/stm32f4xx_hal_tim_ex.o
 .debug_info    0x00000000000156f9     0x31de ./Drivers/STM32F4xx_HAL_Driver/Src/stm32f4xx_hal_uart.o
 .debug_info    0x00000000000188d7      0xe90 ./FATFS/App/fatfs.o
 .debug_info    0x0000000000019767      0xd3f ./FATFS/Target/user_diskio.o
 .debug_info    0x000000000001a4a6      0xd39 ./Middlewares/Third_Party/FatFs/src/ff_gen_drv.o

.debug_abbrev   0x0000000000000000     0x2fe8
 .debug_abbrev  0x0000000000000000      0x286 ./Core/Src/Camera_OV7670.o
 .debug_abbrev  0x0000000000000286      0x298 ./Core/Src/fatfs_sd.o
 .debug_abbrev  0x000000000000051e      0x338 ./Core/Src/main.o
 .debug_abbrev  0x0000000000000856      0x235 ./Core/Src/stm32f4xx_hal_msp.o
 .debug_abbrev  0x0000000000000a8b       0xe5 ./Core/Src/stm32f4xx_it.o
 .debug_abbrev  0x0000000000000b70      0x145 ./Core/Src/system_stm32f4xx.o
 .debug_abbrev  0x0000000000000cb5      0x45a ./Core/Src/tft.o
 .debug_abbrev  0x000000000000110f       0x12 ./Core/Startup/startup_stm32f446retx.o
 .debug_abbrev  0x0000000000001121      0x1ed ./Drivers/STM32F4xx_HAL_Driver/Src/stm32f4xx_hal.o
 .debug_abbrev  0x000000000000130e      0x33c ./Drivers/STM32F4xx_HAL_Driver/Src/stm32f4xx_hal_cortex.o
 .debug_abbrev  0x000000000000164a      0x1f1 ./Drivers/STM32F4xx_HAL_Driver/Src/stm32f4xx_hal_gpio.o
 .debug_abbrev  0x000000000000183b      0x282 ./Drivers/STM32F4xx_HAL_Driver/Src/stm32f4xx_hal_i2c.o
 .debug_abbrev  0x0000000000001abd      0x275 ./Drivers/STM32F4xx_HAL_Driver/Src/stm32f4xx_hal_rcc.o
 .debug_abbrev  0x0000000000001d32      0x1e2 ./Drivers/STM32F4xx_HAL_Driver/Src/stm32f4xx_hal_rcc_ex.o
 .debug_abbrev  0x0000000000001f14      0x26e ./Drivers/STM32F4xx_HAL_Driver/Src/stm32f4xx_hal_spi.o
 .debug_abbrev  0x0000000000002182      0x25e ./Drivers/STM32F4xx_HAL_Driver/Src/stm32f4xx_hal_tim.o
 .debug_abbrev  0x00000000000023e0      0x266 ./Drivers/STM32F4xx_HAL_Driver/Src/stm32f4xx_hal_tim_ex.o
 .debug_abbrev  0x0000000000002646      0x2eb ./Drivers/STM32F4xx_HAL_Driver/Src/stm32f4xx_hal_uart.o
 .debug_abbrev  0x0000000000002931      0x209 ./FATFS/App/fatfs.o
 .debug_abbrev  0x0000000000002b3a      0x246 ./FATFS/Target/user_diskio.o
 .debug_abbrev  0x0000000000002d80      0x268 ./Middlewares/Third_Party/FatFs/src/ff_gen_drv.o

.debug_aranges  0x0000000000000000     0x1528
 .debug_aranges
                0x0000000000000000       0x68 ./Core/Src/Camera_OV7670.o
 .debug_aranges
                0x0000000000000068       0xa0 ./Core/Src/fatfs_sd.o
 .debug_aranges
                0x0000000000000108       0x60 ./Core/Src/main.o
 .debug_aranges
                0x0000000000000168       0x68 ./Core/Src/stm32f4xx_hal_msp.o
 .debug_aranges
                0x00000000000001d0       0x68 ./Core/Src/stm32f4xx_it.o
 .debug_aranges
                0x0000000000000238       0x28 ./Core/Src/system_stm32f4xx.o
 .debug_aranges
                0x0000000000000260      0x2f0 ./Core/Src/tft.o
 .debug_aranges
                0x0000000000000550       0x28 ./Core/Startup/startup_stm32f446retx.o
 .debug_aranges
                0x0000000000000578       0xf0 ./Drivers/STM32F4xx_HAL_Driver/Src/stm32f4xx_hal.o
 .debug_aranges
                0x0000000000000668      0x118 ./Drivers/STM32F4xx_HAL_Driver/Src/stm32f4xx_hal_cortex.o
 .debug_aranges
                0x0000000000000780       0x58 ./Drivers/STM32F4xx_HAL_Driver/Src/stm32f4xx_hal_gpio.o
 .debug_aranges
                0x00000000000007d8      0x2a0 ./Drivers/STM32F4xx_HAL_Driver/Src/stm32f4xx_hal_i2c.o
 .debug_aranges
                0x0000000000000a78       0x88 ./Drivers/STM32F4xx_HAL_Driver/Src/stm32f4xx_hal_rcc.o
 .debug_aranges
                0x0000000000000b00       0x78 ./Drivers/STM32F4xx_HAL_Driver/Src/stm32f4xx_hal_rcc_ex.o
 .debug_aranges
                0x0000000000000b78      0x1d0 ./Drivers/STM32F4xx_HAL_Driver/Src/stm32f4xx_hal_spi.o
 .debug_aranges
                0x0000000000000d48      0x3d0 ./Drivers/STM32F4xx_HAL_Driver/Src/stm32f4xx_hal_tim.o
 .debug_aranges
                0x0000000000001118      0x168 ./Drivers/STM32F4xx_HAL_Driver/Src/stm32f4xx_hal_tim_ex.o
 .debug_aranges
                0x0000000000001280      0x200 ./Drivers/STM32F4xx_HAL_Driver/Src/stm32f4xx_hal_uart.o
 .debug_aranges
                0x0000000000001480       0x28 ./FATFS/App/fatfs.o
 .debug_aranges
                0x00000000000014a8       0x40 ./FATFS/Target/user_diskio.o
 .debug_aranges
                0x00000000000014e8       0x40 ./Middlewares/Third_Party/FatFs/src/ff_gen_drv.o

.debug_ranges   0x0000000000000000     0x1438
 .debug_ranges  0x0000000000000000       0x58 ./Core/Src/Camera_OV7670.o
 .debug_ranges  0x0000000000000058       0x90 ./Core/Src/fatfs_sd.o
 .debug_ranges  0x00000000000000e8       0x50 ./Core/Src/main.o
 .debug_ranges  0x0000000000000138       0x58 ./Core/Src/stm32f4xx_hal_msp.o
 .debug_ranges  0x0000000000000190       0x58 ./Core/Src/stm32f4xx_it.o
 .debug_ranges  0x00000000000001e8       0x18 ./Core/Src/system_stm32f4xx.o
 .debug_ranges  0x0000000000000200      0x2e0 ./Core/Src/tft.o
 .debug_ranges  0x00000000000004e0       0x20 ./Core/Startup/startup_stm32f446retx.o
 .debug_ranges  0x0000000000000500       0xe0 ./Drivers/STM32F4xx_HAL_Driver/Src/stm32f4xx_hal.o
 .debug_ranges  0x00000000000005e0      0x108 ./Drivers/STM32F4xx_HAL_Driver/Src/stm32f4xx_hal_cortex.o
 .debug_ranges  0x00000000000006e8       0x48 ./Drivers/STM32F4xx_HAL_Driver/Src/stm32f4xx_hal_gpio.o
 .debug_ranges  0x0000000000000730      0x2b8 ./Drivers/STM32F4xx_HAL_Driver/Src/stm32f4xx_hal_i2c.o
 .debug_ranges  0x00000000000009e8       0x78 ./Drivers/STM32F4xx_HAL_Driver/Src/stm32f4xx_hal_rcc.o
 .debug_ranges  0x0000000000000a60       0x68 ./Drivers/STM32F4xx_HAL_Driver/Src/stm32f4xx_hal_rcc_ex.o
 .debug_ranges  0x0000000000000ac8      0x1c0 ./Drivers/STM32F4xx_HAL_Driver/Src/stm32f4xx_hal_spi.o
 .debug_ranges  0x0000000000000c88      0x3c0 ./Drivers/STM32F4xx_HAL_Driver/Src/stm32f4xx_hal_tim.o
 .debug_ranges  0x0000000000001048      0x158 ./Drivers/STM32F4xx_HAL_Driver/Src/stm32f4xx_hal_tim_ex.o
 .debug_ranges  0x00000000000011a0      0x220 ./Drivers/STM32F4xx_HAL_Driver/Src/stm32f4xx_hal_uart.o
 .debug_ranges  0x00000000000013c0       0x18 ./FATFS/App/fatfs.o
 .debug_ranges  0x00000000000013d8       0x30 ./FATFS/Target/user_diskio.o
 .debug_ranges  0x0000000000001408       0x30 ./Middlewares/Third_Party/FatFs/src/ff_gen_drv.o

.debug_macro    0x0000000000000000    0x23d1c
 .debug_macro   0x0000000000000000      0x21c ./Core/Src/Camera_OV7670.o
 .debug_macro   0x000000000000021c       0x22 ./Core/Src/Camera_OV7670.o
 .debug_macro   0x000000000000023e       0x8e ./Core/Src/Camera_OV7670.o
 .debug_macro   0x00000000000002cc       0x51 ./Core/Src/Camera_OV7670.o
 .debug_macro   0x000000000000031d      0x103 ./Core/Src/Camera_OV7670.o
 .debug_macro   0x0000000000000420       0x6a ./Core/Src/Camera_OV7670.o
 .debug_macro   0x000000000000048a      0x1df ./Core/Src/Camera_OV7670.o
 .debug_macro   0x0000000000000669      0x2a7 ./Core/Src/Camera_OV7670.o
 .debug_macro   0x0000000000000910       0x2e ./Core/Src/Camera_OV7670.o
 .debug_macro   0x000000000000093e       0x28 ./Core/Src/Camera_OV7670.o
 .debug_macro   0x0000000000000966       0x1c ./Core/Src/Camera_OV7670.o
 .debug_macro   0x0000000000000982       0x22 ./Core/Src/Camera_OV7670.o
 .debug_macro   0x00000000000009a4       0xdf ./Core/Src/Camera_OV7670.o
 .debug_macro   0x0000000000000a83     0x102d ./Core/Src/Camera_OV7670.o
 .debug_macro   0x0000000000001ab0      0x11f ./Core/Src/Camera_OV7670.o
 .debug_macro   0x0000000000001bcf    0x16749 ./Core/Src/Camera_OV7670.o
 .debug_macro   0x0000000000018318       0x6d ./Core/Src/Camera_OV7670.o
 .debug_macro   0x0000000000018385     0x3666 ./Core/Src/Camera_OV7670.o
 .debug_macro   0x000000000001b9eb      0x174 ./Core/Src/Camera_OV7670.o
 .debug_macro   0x000000000001bb5f       0x5c ./Core/Src/Camera_OV7670.o
 .debug_macro   0x000000000001bbbb      0xc90 ./Core/Src/Camera_OV7670.o
 .debug_macro   0x000000000001c84b      0x9fe ./Core/Src/Camera_OV7670.o
 .debug_macro   0x000000000001d249      0x116 ./Core/Src/Camera_OV7670.o
 .debug_macro   0x000000000001d35f      0x1a0 ./Core/Src/Camera_OV7670.o
 .debug_macro   0x000000000001d4ff       0xa5 ./Core/Src/Camera_OV7670.o
 .debug_macro   0x000000000001d5a4      0x16d ./Core/Src/Camera_OV7670.o
 .debug_macro   0x000000000001d711      0x287 ./Core/Src/Camera_OV7670.o
 .debug_macro   0x000000000001d998       0x5f ./Core/Src/Camera_OV7670.o
 .debug_macro   0x000000000001d9f7      0x236 ./Core/Src/Camera_OV7670.o
 .debug_macro   0x000000000001dc2d      0x132 ./Core/Src/Camera_OV7670.o
 .debug_macro   0x000000000001dd5f      0x29c ./Core/Src/Camera_OV7670.o
 .debug_macro   0x000000000001dffb       0x2e ./Core/Src/Camera_OV7670.o
 .debug_macro   0x000000000001e029      0x1b5 ./Core/Src/Camera_OV7670.o
 .debug_macro   0x000000000001e1de       0x22 ./Core/Src/Camera_OV7670.o
 .debug_macro   0x000000000001e200       0xd6 ./Core/Src/Camera_OV7670.o
 .debug_macro   0x000000000001e2d6      0x11a ./Core/Src/Camera_OV7670.o
 .debug_macro   0x000000000001e3f0       0xe8 ./Core/Src/Camera_OV7670.o
 .debug_macro   0x000000000001e4d8       0x89 ./Core/Src/Camera_OV7670.o
 .debug_macro   0x000000000001e561      0x225 ./Core/Src/Camera_OV7670.o
 .debug_macro   0x000000000001e786      0x8d1 ./Core/Src/Camera_OV7670.o
 .debug_macro   0x000000000001f057       0x4d ./Core/Src/Camera_OV7670.o
 .debug_macro   0x000000000001f0a4      0x295 ./Core/Src/Camera_OV7670.o
 .debug_macro   0x000000000001f339      0x126 ./Core/Src/Camera_OV7670.o
 .debug_macro   0x000000000001f45f      0x701 ./Core/Src/Camera_OV7670.o
 .debug_macro   0x000000000001fb60       0x6a ./Core/Src/Camera_OV7670.o
 .debug_macro   0x000000000001fbca       0xcc ./Core/Src/Camera_OV7670.o
 .debug_macro   0x000000000001fc96      0x230 ./Core/Src/fatfs_sd.o
 .debug_macro   0x000000000001fec6       0x16 ./Core/Src/fatfs_sd.o
 .debug_macro   0x000000000001fedc       0x7c ./Core/Src/fatfs_sd.o
 .debug_macro   0x000000000001ff58       0x70 ./Core/Src/fatfs_sd.o
 .debug_macro   0x000000000001ffc8      0x45d ./Core/Src/main.o
 .debug_macro   0x0000000000020425       0xf4 ./Core/Src/main.o
 .debug_macro   0x0000000000020519       0xeb ./Core/Src/main.o
 .debug_macro   0x0000000000020604       0x18 ./Core/Src/main.o
 .debug_macro   0x000000000002061c       0x52 ./Core/Src/main.o
 .debug_macro   0x000000000002066e       0x3c ./Core/Src/main.o
 .debug_macro   0x00000000000206aa       0x34 ./Core/Src/main.o
 .debug_macro   0x00000000000206de       0x16 ./Core/Src/main.o
 .debug_macro   0x00000000000206f4       0x35 ./Core/Src/main.o
 .debug_macro   0x0000000000020729       0x16 ./Core/Src/main.o
 .debug_macro   0x000000000002073f       0x43 ./Core/Src/main.o
 .debug_macro   0x0000000000020782       0x34 ./Core/Src/main.o
 .debug_macro   0x00000000000207b6       0x10 ./Core/Src/main.o
 .debug_macro   0x00000000000207c6       0x58 ./Core/Src/main.o
 .debug_macro   0x000000000002081e       0x71 ./Core/Src/main.o
 .debug_macro   0x000000000002088f       0x1c ./Core/Src/main.o
 .debug_macro   0x00000000000208ab      0x12a ./Core/Src/main.o
 .debug_macro   0x00000000000209d5      0x333 ./Core/Src/main.o
 .debug_macro   0x0000000000020d08       0x16 ./Core/Src/main.o
 .debug_macro   0x0000000000020d1e       0x29 ./Core/Src/main.o
 .debug_macro   0x0000000000020d47       0x12 ./Core/Src/main.o
 .debug_macro   0x0000000000020d59       0xe2 ./Core/Src/main.o
 .debug_macro   0x0000000000020e3b       0x8e ./Core/Src/main.o
 .debug_macro   0x0000000000020ec9       0x1c ./Core/Src/main.o
 .debug_macro   0x0000000000020ee5       0x10 ./Core/Src/main.o
 .debug_macro   0x0000000000020ef5       0x10 ./Core/Src/main.o
 .debug_macro   0x0000000000020f05       0x1c ./Core/Src/main.o
 .debug_macro   0x0000000000020f21       0x52 ./Core/Src/main.o
 .debug_macro   0x0000000000020f73       0x22 ./Core/Src/main.o
 .debug_macro   0x0000000000020f95       0x10 ./Core/Src/main.o
 .debug_macro   0x0000000000020fa5       0x40 ./Core/Src/main.o
 .debug_macro   0x0000000000020fe5       0xd5 ./Core/Src/main.o
 .debug_macro   0x00000000000210ba       0x1c ./Core/Src/main.o
 .debug_macro   0x00000000000210d6       0x3d ./Core/Src/main.o
 .debug_macro   0x0000000000021113       0x16 ./Core/Src/main.o
 .debug_macro   0x0000000000021129      0x145 ./Core/Src/main.o
 .debug_macro   0x000000000002126e       0x3a ./Core/Src/main.o
 .debug_macro   0x00000000000212a8       0x16 ./Core/Src/main.o
 .debug_macro   0x00000000000212be       0x20 ./Core/Src/main.o
 .debug_macro   0x00000000000212de      0x200 ./Core/Src/stm32f4xx_hal_msp.o
 .debug_macro   0x00000000000214de      0x20a ./Core/Src/stm32f4xx_it.o
 .debug_macro   0x00000000000216e8      0x1f1 ./Core/Src/system_stm32f4xx.o
 .debug_macro   0x00000000000218d9      0x45a ./Core/Src/tft.o
 .debug_macro   0x0000000000021d33       0x10 ./Core/Src/tft.o
 .debug_macro   0x0000000000021d43      0x251 ./Drivers/STM32F4xx_HAL_Driver/Src/stm32f4xx_hal.o
 .debug_macro   0x0000000000021f94      0x1f1 ./Drivers/STM32F4xx_HAL_Driver/Src/stm32f4xx_hal_cortex.o
 .debug_macro   0x0000000000022185      0x1f7 ./Drivers/STM32F4xx_HAL_Driver/Src/stm32f4xx_hal_gpio.o
 .debug_macro   0x000000000002237c      0x238 ./Drivers/STM32F4xx_HAL_Driver/Src/stm32f4xx_hal_i2c.o
 .debug_macro   0x00000000000225b4      0x215 ./Drivers/STM32F4xx_HAL_Driver/Src/stm32f4xx_hal_rcc.o
 .debug_macro   0x00000000000227c9      0x1f1 ./Drivers/STM32F4xx_HAL_Driver/Src/stm32f4xx_hal_rcc_ex.o
 .debug_macro   0x00000000000229ba      0x200 ./Drivers/STM32F4xx_HAL_Driver/Src/stm32f4xx_hal_spi.o
 .debug_macro   0x0000000000022bba      0x1f2 ./Drivers/STM32F4xx_HAL_Driver/Src/stm32f4xx_hal_tim.o
 .debug_macro   0x0000000000022dac      0x1f1 ./Drivers/STM32F4xx_HAL_Driver/Src/stm32f4xx_hal_tim_ex.o
 .debug_macro   0x0000000000022f9d      0x1f2 ./Drivers/STM32F4xx_HAL_Driver/Src/stm32f4xx_hal_uart.o
 .debug_macro   0x000000000002318f      0x325 ./FATFS/App/fatfs.o
 .debug_macro   0x00000000000234b4       0xe5 ./FATFS/App/fatfs.o
 .debug_macro   0x0000000000023599      0x342 ./FATFS/Target/user_diskio.o
 .debug_macro   0x00000000000238db       0xd9 ./FATFS/Target/user_diskio.o
 .debug_macro   0x00000000000239b4       0x56 ./FATFS/Target/user_diskio.o
 .debug_macro   0x0000000000023a0a      0x312 ./Middlewares/Third_Party/FatFs/src/ff_gen_drv.o

.debug_line     0x0000000000000000    0x19c58
 .debug_line    0x0000000000000000      0x955 ./Core/Src/Camera_OV7670.o
 .debug_line    0x0000000000000955      0xdc9 ./Core/Src/fatfs_sd.o
 .debug_line    0x000000000000171e      0xcd1 ./Core/Src/main.o
 .debug_line    0x00000000000023ef      0x87f ./Core/Src/stm32f4xx_hal_msp.o
 .debug_line    0x0000000000002c6e      0x804 ./Core/Src/stm32f4xx_it.o
 .debug_line    0x0000000000003472      0x790 ./Core/Src/system_stm32f4xx.o
 .debug_line    0x0000000000003c02     0x2f02 ./Core/Src/tft.o
 .debug_line    0x0000000000006b04       0x88 ./Core/Startup/startup_stm32f446retx.o
 .debug_line    0x0000000000006b8c      0x9f6 ./Drivers/STM32F4xx_HAL_Driver/Src/stm32f4xx_hal.o
 .debug_line    0x0000000000007582      0xca5 ./Drivers/STM32F4xx_HAL_Driver/Src/stm32f4xx_hal_cortex.o
 .debug_line    0x0000000000008227      0xb58 ./Drivers/STM32F4xx_HAL_Driver/Src/stm32f4xx_hal_gpio.o
 .debug_line    0x0000000000008d7f     0x39a2 ./Drivers/STM32F4xx_HAL_Driver/Src/stm32f4xx_hal_i2c.o
 .debug_line    0x000000000000c721      0xd7e ./Drivers/STM32F4xx_HAL_Driver/Src/stm32f4xx_hal_rcc.o
 .debug_line    0x000000000000d49f     0x1404 ./Drivers/STM32F4xx_HAL_Driver/Src/stm32f4xx_hal_rcc_ex.o
 .debug_line    0x000000000000e8a3     0x1c7e ./Drivers/STM32F4xx_HAL_Driver/Src/stm32f4xx_hal_spi.o
 .debug_line    0x0000000000010521     0x36ea ./Drivers/STM32F4xx_HAL_Driver/Src/stm32f4xx_hal_tim.o
 .debug_line    0x0000000000013c0b     0x19f3 ./Drivers/STM32F4xx_HAL_Driver/Src/stm32f4xx_hal_tim_ex.o
 .debug_line    0x00000000000155fe     0x2a7d ./Drivers/STM32F4xx_HAL_Driver/Src/stm32f4xx_hal_uart.o
 .debug_line    0x000000000001807b      0x8fc ./FATFS/App/fatfs.o
 .debug_line    0x0000000000018977      0x958 ./FATFS/Target/user_diskio.o
 .debug_line    0x00000000000192cf      0x989 ./Middlewares/Third_Party/FatFs/src/ff_gen_drv.o

.debug_str      0x0000000000000000    0xd7e1b
 .debug_str     0x0000000000000000    0xcd377 ./Core/Src/Camera_OV7670.o
                                      0xcd6bf (size before relaxing)
 .debug_str     0x00000000000cd377      0x5e7 ./Core/Src/fatfs_sd.o
                                      0xcc7a7 (size before relaxing)
 .debug_str     0x00000000000cd95e     0x53ae ./Core/Src/main.o
                                      0xd2f91 (size before relaxing)
 .debug_str     0x00000000000d2d0c       0xe8 ./Core/Src/stm32f4xx_hal_msp.o
                                      0xcd056 (size before relaxing)
 .debug_str     0x00000000000d2df4       0xd6 ./Core/Src/stm32f4xx_it.o
                                      0xcc3ad (size before relaxing)
 .debug_str     0x00000000000d2eca       0xaf ./Core/Src/system_stm32f4xx.o
                                      0xcc06b (size before relaxing)
 .debug_str     0x00000000000d2f79      0xfa4 ./Core/Src/tft.o
                                      0xd0fc3 (size before relaxing)
 .debug_str     0x00000000000d3f1d       0x36 ./Core/Startup/startup_stm32f446retx.o
                                         0x80 (size before relaxing)
 .debug_str     0x00000000000d3f53      0xa85 ./Drivers/STM32F4xx_HAL_Driver/Src/stm32f4xx_hal.o
                                      0xccb8e (size before relaxing)
 .debug_str     0x00000000000d49d8      0x399 ./Drivers/STM32F4xx_HAL_Driver/Src/stm32f4xx_hal_cortex.o
                                      0xcc958 (size before relaxing)
 .debug_str     0x00000000000d4d71      0x150 ./Drivers/STM32F4xx_HAL_Driver/Src/stm32f4xx_hal_gpio.o
                                      0xcc212 (size before relaxing)
 .debug_str     0x00000000000d4ec1      0xab9 ./Drivers/STM32F4xx_HAL_Driver/Src/stm32f4xx_hal_i2c.o
                                      0xccfcd (size before relaxing)
 .debug_str     0x00000000000d597a      0x24e ./Drivers/STM32F4xx_HAL_Driver/Src/stm32f4xx_hal_rcc.o
                                      0xcc472 (size before relaxing)
 .debug_str     0x00000000000d5bc8      0x324 ./Drivers/STM32F4xx_HAL_Driver/Src/stm32f4xx_hal_rcc_ex.o
                                      0xcc4cf (size before relaxing)
 .debug_str     0x00000000000d5eec      0x55f ./Drivers/STM32F4xx_HAL_Driver/Src/stm32f4xx_hal_spi.o
                                      0xcc8ea (size before relaxing)
 .debug_str     0x00000000000d644b      0xd8b ./Drivers/STM32F4xx_HAL_Driver/Src/stm32f4xx_hal_tim.o
                                      0xcd375 (size before relaxing)
 .debug_str     0x00000000000d71d6      0x4ee ./Drivers/STM32F4xx_HAL_Driver/Src/stm32f4xx_hal_tim_ex.o
                                      0xccb26 (size before relaxing)
 .debug_str     0x00000000000d76c4      0x5f0 ./Drivers/STM32F4xx_HAL_Driver/Src/stm32f4xx_hal_uart.o
                                      0xcc9ce (size before relaxing)
 .debug_str     0x00000000000d7cb4       0x2f ./FATFS/App/fatfs.o
                                      0xcfd50 (size before relaxing)
 .debug_str     0x00000000000d7ce3       0x6d ./FATFS/Target/user_diskio.o
                                      0xcfd27 (size before relaxing)
 .debug_str     0x00000000000d7d50       0xcb ./Middlewares/Third_Party/FatFs/src/ff_gen_drv.o
                                      0xcfcae (size before relaxing)

.comment        0x0000000000000000       0x53
 .comment       0x0000000000000000       0x53 ./Core/Src/Camera_OV7670.o
                                         0x54 (size before relaxing)
 .comment       0x0000000000000053       0x54 ./Core/Src/fatfs_sd.o
 .comment       0x0000000000000053       0x54 ./Core/Src/main.o
 .comment       0x0000000000000053       0x54 ./Core/Src/stm32f4xx_hal_msp.o
 .comment       0x0000000000000053       0x54 ./Core/Src/stm32f4xx_it.o
 .comment       0x0000000000000053       0x54 ./Core/Src/system_stm32f4xx.o
 .comment       0x0000000000000053       0x54 ./Core/Src/tft.o
 .comment       0x0000000000000053       0x54 ./Drivers/STM32F4xx_HAL_Driver/Src/stm32f4xx_hal.o
 .comment       0x0000000000000053       0x54 ./Drivers/STM32F4xx_HAL_Driver/Src/stm32f4xx_hal_cortex.o
 .comment       0x0000000000000053       0x54 ./Drivers/STM32F4xx_HAL_Driver/Src/stm32f4xx_hal_gpio.o
 .comment       0x0000000000000053       0x54 ./Drivers/STM32F4xx_HAL_Driver/Src/stm32f4xx_hal_i2c.o
 .comment       0x0000000000000053       0x54 ./Drivers/STM32F4xx_HAL_Driver/Src/stm32f4xx_hal_rcc.o
 .comment       0x0000000000000053       0x54 ./Drivers/STM32F4xx_HAL_Driver/Src/stm32f4xx_hal_rcc_ex.o
 .comment       0x0000000000000053       0x54 ./Drivers/STM32F4xx_HAL_Driver/Src/stm32f4xx_hal_spi.o
 .comment       0x0000000000000053       0x54 ./Drivers/STM32F4xx_HAL_Driver/Src/stm32f4xx_hal_tim.o
 .comment       0x0000000000000053       0x54 ./Drivers/STM32F4xx_HAL_Driver/Src/stm32f4xx_hal_tim_ex.o
 .comment       0x0000000000000053       0x54 ./Drivers/STM32F4xx_HAL_Driver/Src/stm32f4xx_hal_uart.o
 .comment       0x0000000000000053       0x54 ./FATFS/App/fatfs.o
 .comment       0x0000000000000053       0x54 ./FATFS/Target/user_diskio.o
 .comment       0x0000000000000053       0x54 ./Middlewares/Third_Party/FatFs/src/ff_gen_drv.o

.debug_frame    0x0000000000000000     0x5ae4
 .debug_frame   0x0000000000000000      0x154 ./Core/Src/Camera_OV7670.o
 .debug_frame   0x0000000000000154      0x268 ./Core/Src/fatfs_sd.o
 .debug_frame   0x00000000000003bc      0x12c ./Core/Src/main.o
 .debug_frame   0x00000000000004e8      0x180 ./Core/Src/stm32f4xx_hal_msp.o
 .debug_frame   0x0000000000000668      0x124 ./Core/Src/stm32f4xx_it.o
 .debug_frame   0x000000000000078c       0x58 ./Core/Src/system_stm32f4xx.o
 .debug_frame   0x00000000000007e4      0xda4 ./Core/Src/tft.o
 .debug_frame   0x0000000000001588      0x374 ./Drivers/STM32F4xx_HAL_Driver/Src/stm32f4xx_hal.o
 .debug_frame   0x00000000000018fc      0x498 ./Drivers/STM32F4xx_HAL_Driver/Src/stm32f4xx_hal_cortex.o
 .debug_frame   0x0000000000001d94      0x14c ./Drivers/STM32F4xx_HAL_Driver/Src/stm32f4xx_hal_gpio.o
 .debug_frame   0x0000000000001ee0      0xc5c ./Drivers/STM32F4xx_HAL_Driver/Src/stm32f4xx_hal_i2c.o
 .debug_frame   0x0000000000002b3c      0x1f0 ./Drivers/STM32F4xx_HAL_Driver/Src/stm32f4xx_hal_rcc.o
 .debug_frame   0x0000000000002d2c      0x1e8 ./Drivers/STM32F4xx_HAL_Driver/Src/stm32f4xx_hal_rcc_ex.o
 .debug_frame   0x0000000000002f14      0x824 ./Drivers/STM32F4xx_HAL_Driver/Src/stm32f4xx_hal_spi.o
 .debug_frame   0x0000000000003738     0x11c4 ./Drivers/STM32F4xx_HAL_Driver/Src/stm32f4xx_hal_tim.o
 .debug_frame   0x00000000000048fc      0x638 ./Drivers/STM32F4xx_HAL_Driver/Src/stm32f4xx_hal_tim_ex.o
 .debug_frame   0x0000000000004f34      0x92c ./Drivers/STM32F4xx_HAL_Driver/Src/stm32f4xx_hal_uart.o
 .debug_frame   0x0000000000005860       0x4c ./FATFS/App/fatfs.o
 .debug_frame   0x00000000000058ac       0xc4 ./FATFS/Target/user_diskio.o
 .debug_frame   0x0000000000005970       0xc8 ./Middlewares/Third_Party/FatFs/src/ff_gen_drv.o
 .debug_frame   0x0000000000005a38       0x2c c:/st/stm32cubeide_1.8.0/stm32cubeide/plugins/com.st.stm32cube.ide.mcu.externaltools.gnu-tools-for-stm32.9-2020-q2-update.win32_2.0.0.202105311346/tools/bin/../lib/gcc/arm-none-eabi/9.3.1/../../../../arm-none-eabi/lib/thumb/v7e-m+fp/hard\libc_nano.a(lib_a-init.o)
 .debug_frame   0x0000000000005a64       0x20 c:/st/stm32cubeide_1.8.0/stm32cubeide/plugins/com.st.stm32cube.ide.mcu.externaltools.gnu-tools-for-stm32.9-2020-q2-update.win32_2.0.0.202105311346/tools/bin/../lib/gcc/arm-none-eabi/9.3.1/../../../../arm-none-eabi/lib/thumb/v7e-m+fp/hard\libc_nano.a(lib_a-memset.o)
 .debug_frame   0x0000000000005a84       0x2c c:/st/stm32cubeide_1.8.0/stm32cubeide/plugins/com.st.stm32cube.ide.mcu.externaltools.gnu-tools-for-stm32.9-2020-q2-update.win32_2.0.0.202105311346/tools/bin/../lib/gcc/arm-none-eabi/9.3.1/thumb/v7e-m+fp/hard\libgcc.a(_aeabi_uldivmod.o)
 .debug_frame   0x0000000000005ab0       0x34 c:/st/stm32cubeide_1.8.0/stm32cubeide/plugins/com.st.stm32cube.ide.mcu.externaltools.gnu-tools-for-stm32.9-2020-q2-update.win32_2.0.0.202105311346/tools/bin/../lib/gcc/arm-none-eabi/9.3.1/thumb/v7e-m+fp/hard\libgcc.a(_udivmoddi4.o)
