Archive member included to satisfy reference by file (symbol)

c:/st/stm32cubeide_1.8.0/stm32cubeide/plugins/com.st.stm32cube.ide.mcu.externaltools.gnu-tools-for-stm32.9-2020-q2-update.win32_2.0.0.202105311346/tools/bin/../lib/gcc/arm-none-eabi/9.3.1/../../../../arm-none-eabi/lib/thumb/v7e-m+fp/hard\libc_nano.a(lib_a-errno.o)
                              ./Core/Src/syscalls.o (__errno)
c:/st/stm32cubeide_1.8.0/stm32cubeide/plugins/com.st.stm32cube.ide.mcu.externaltools.gnu-tools-for-stm32.9-2020-q2-update.win32_2.0.0.202105311346/tools/bin/../lib/gcc/arm-none-eabi/9.3.1/../../../../arm-none-eabi/lib/thumb/v7e-m+fp/hard\libc_nano.a(lib_a-exit.o)
                              c:/st/stm32cubeide_1.8.0/stm32cubeide/plugins/com.st.stm32cube.ide.mcu.externaltools.gnu-tools-for-stm32.9-2020-q2-update.win32_2.0.0.202105311346/tools/bin/../lib/gcc/arm-none-eabi/9.3.1/../../../../arm-none-eabi/lib/thumb/v7e-m+fp/hard/crt0.o (exit)
c:/st/stm32cubeide_1.8.0/stm32cubeide/plugins/com.st.stm32cube.ide.mcu.externaltools.gnu-tools-for-stm32.9-2020-q2-update.win32_2.0.0.202105311346/tools/bin/../lib/gcc/arm-none-eabi/9.3.1/../../../../arm-none-eabi/lib/thumb/v7e-m+fp/hard\libc_nano.a(lib_a-impure.o)
                              c:/st/stm32cubeide_1.8.0/stm32cubeide/plugins/com.st.stm32cube.ide.mcu.externaltools.gnu-tools-for-stm32.9-2020-q2-update.win32_2.0.0.202105311346/tools/bin/../lib/gcc/arm-none-eabi/9.3.1/../../../../arm-none-eabi/lib/thumb/v7e-m+fp/hard\libc_nano.a(lib_a-exit.o) (_global_impure_ptr)
c:/st/stm32cubeide_1.8.0/stm32cubeide/plugins/com.st.stm32cube.ide.mcu.externaltools.gnu-tools-for-stm32.9-2020-q2-update.win32_2.0.0.202105311346/tools/bin/../lib/gcc/arm-none-eabi/9.3.1/../../../../arm-none-eabi/lib/thumb/v7e-m+fp/hard\libc_nano.a(lib_a-init.o)
                              c:/st/stm32cubeide_1.8.0/stm32cubeide/plugins/com.st.stm32cube.ide.mcu.externaltools.gnu-tools-for-stm32.9-2020-q2-update.win32_2.0.0.202105311346/tools/bin/../lib/gcc/arm-none-eabi/9.3.1/../../../../arm-none-eabi/lib/thumb/v7e-m+fp/hard/crt0.o (__libc_init_array)
c:/st/stm32cubeide_1.8.0/stm32cubeide/plugins/com.st.stm32cube.ide.mcu.externaltools.gnu-tools-for-stm32.9-2020-q2-update.win32_2.0.0.202105311346/tools/bin/../lib/gcc/arm-none-eabi/9.3.1/../../../../arm-none-eabi/lib/thumb/v7e-m+fp/hard\libc_nano.a(lib_a-memset.o)
                              c:/st/stm32cubeide_1.8.0/stm32cubeide/plugins/com.st.stm32cube.ide.mcu.externaltools.gnu-tools-for-stm32.9-2020-q2-update.win32_2.0.0.202105311346/tools/bin/../lib/gcc/arm-none-eabi/9.3.1/../../../../arm-none-eabi/lib/thumb/v7e-m+fp/hard/crt0.o (memset)
c:/st/stm32cubeide_1.8.0/stm32cubeide/plugins/com.st.stm32cube.ide.mcu.externaltools.gnu-tools-for-stm32.9-2020-q2-update.win32_2.0.0.202105311346/tools/bin/../lib/gcc/arm-none-eabi/9.3.1/../../../../arm-none-eabi/lib/thumb/v7e-m+fp/hard\libc_nano.a(lib_a-sprintf.o)
                              ./Core/Src/main.o (sprintf)
c:/st/stm32cubeide_1.8.0/stm32cubeide/plugins/com.st.stm32cube.ide.mcu.externaltools.gnu-tools-for-stm32.9-2020-q2-update.win32_2.0.0.202105311346/tools/bin/../lib/gcc/arm-none-eabi/9.3.1/../../../../arm-none-eabi/lib/thumb/v7e-m+fp/hard\libc_nano.a(lib_a-nano-svfprintf.o)
                              c:/st/stm32cubeide_1.8.0/stm32cubeide/plugins/com.st.stm32cube.ide.mcu.externaltools.gnu-tools-for-stm32.9-2020-q2-update.win32_2.0.0.202105311346/tools/bin/../lib/gcc/arm-none-eabi/9.3.1/../../../../arm-none-eabi/lib/thumb/v7e-m+fp/hard\libc_nano.a(lib_a-sprintf.o) (_svfprintf_r)
c:/st/stm32cubeide_1.8.0/stm32cubeide/plugins/com.st.stm32cube.ide.mcu.externaltools.gnu-tools-for-stm32.9-2020-q2-update.win32_2.0.0.202105311346/tools/bin/../lib/gcc/arm-none-eabi/9.3.1/../../../../arm-none-eabi/lib/thumb/v7e-m+fp/hard\libc_nano.a(lib_a-nano-vfprintf_i.o)
                              c:/st/stm32cubeide_1.8.0/stm32cubeide/plugins/com.st.stm32cube.ide.mcu.externaltools.gnu-tools-for-stm32.9-2020-q2-update.win32_2.0.0.202105311346/tools/bin/../lib/gcc/arm-none-eabi/9.3.1/../../../../arm-none-eabi/lib/thumb/v7e-m+fp/hard\libc_nano.a(lib_a-nano-svfprintf.o) (_printf_i)
c:/st/stm32cubeide_1.8.0/stm32cubeide/plugins/com.st.stm32cube.ide.mcu.externaltools.gnu-tools-for-stm32.9-2020-q2-update.win32_2.0.0.202105311346/tools/bin/../lib/gcc/arm-none-eabi/9.3.1/../../../../arm-none-eabi/lib/thumb/v7e-m+fp/hard\libc_nano.a(lib_a-memchr.o)
                              c:/st/stm32cubeide_1.8.0/stm32cubeide/plugins/com.st.stm32cube.ide.mcu.externaltools.gnu-tools-for-stm32.9-2020-q2-update.win32_2.0.0.202105311346/tools/bin/../lib/gcc/arm-none-eabi/9.3.1/../../../../arm-none-eabi/lib/thumb/v7e-m+fp/hard\libc_nano.a(lib_a-nano-svfprintf.o) (memchr)
c:/st/stm32cubeide_1.8.0/stm32cubeide/plugins/com.st.stm32cube.ide.mcu.externaltools.gnu-tools-for-stm32.9-2020-q2-update.win32_2.0.0.202105311346/tools/bin/../lib/gcc/arm-none-eabi/9.3.1/../../../../arm-none-eabi/lib/thumb/v7e-m+fp/hard\libc_nano.a(lib_a-memcpy-stub.o)
[...]
Memory Configuration

Name             Origin             Length             Attributes
RAM              0x0000000020000000 0x0000000000020000 xrw
FLASH            0x0000000008000000 0x0000000000080000 xr
*default*        0x0000000000000000 0xffffffffffffffff

Linker script and memory map

LOAD c:/st/stm32cubeide_1.8.0/stm32cubeide/plugins/com.st.stm32cube.ide.mcu.externaltools.gnu-tools-for-stm32.9-2020-q2-update.win32_2.0.0.202105311346/tools/bin/../lib/gcc/arm-none-eabi/9.3.1/thumb/v7e-m+fp/hard/crti.o
LOAD c:/st/stm32cubeide_1.8.0/stm32cubeide/plugins/com.st.stm32cube.ide.mcu.externaltools.gnu-tools-for-stm32.9-2020-q2-update.win32_2.0.0.202105311346/tools/bin/../lib/gcc/arm-none-eabi/9.3.1/thumb/v7e-m+fp/hard/crtbegin.o
LOAD c:/st/stm32cubeide_1.8.0/stm32cubeide/plugins/com.st.stm32cube.ide.mcu.externaltools.gnu-tools-for-stm32.9-2020-q2-update.win32_2.0.0.202105311346/tools/bin/../lib/gcc/arm-none-eabi/9.3.1/../../../../arm-none-eabi/lib/thumb/v7e-m+fp/hard/crt0.o
LOAD ./Core/Src/Andre.o
LOAD ./Core/Src/fatfs_sd.o
LOAD ./Core/Src/fonts.o
LOAD ./Core/Src/fosforo.o
LOAD ./Core/Src/main.o
LOAD ./Core/Src/stm32f4xx_hal_msp.o
LOAD ./Core/Src/stm32f4xx_it.o
LOAD ./Core/Src/syscalls.o
LOAD ./Core/Src/sysmem.o
LOAD ./Core/Src/system_stm32f4xx.o
LOAD ./Core/Src/tft.o
LOAD ./Core/Startup/startup_stm32f446retx.o
LOAD ./Drivers/STM32F4xx_HAL_Driver/Src/stm32f4xx_hal.o
LOAD ./Drivers/STM32F4xx_HAL_Driver/Src/stm32f4xx_hal_cortex.o
LOAD ./Drivers/STM32F4xx_HAL_Driver/Src/stm32f4xx_hal_dma.o
LOAD ./Drivers/STM32F4xx_HAL_Driver/Src/stm32f4xx_hal_dma_ex.o
LOAD ./Drivers/STM32F4xx_HAL_Driver/Src/stm32f4xx_hal_exti.o
LOAD ./Drivers/STM32F4xx_HAL_Driver/Src/stm32f4xx_hal_flash.o
LOAD ./Drivers/STM32F4xx_HAL_Driver/Src/stm32f4xx_hal_flash_ex.o
LOAD ./Drivers/STM32F4xx_HAL_Driver/Src/stm32f4xx_hal_flash_ramfunc.o
LOAD ./Drivers/STM32F4xx_HAL_Driver/Src/stm32f4xx_hal_gpio.o
LOAD ./Drivers/STM32F4xx_HAL_Driver/Src/stm32f4xx_hal_pwr.o
LOAD ./Drivers/STM32F4xx_HAL_Driver/Src/stm32f4xx_hal_pwr_ex.o
LOAD ./Drivers/STM32F4xx_HAL_Driver/Src/stm32f4xx_hal_rcc.o
LOAD ./Drivers/STM32F4xx_HAL_Driver/Src/stm32f4xx_hal_rcc_ex.o
LOAD ./Drivers/STM32F4xx_HAL_Driver/Src/stm32f4xx_hal_spi.o
LOAD ./Drivers/STM32F4xx_HAL_Driver/Src/stm32f4xx_hal_tim.o
LOAD ./Drivers/STM32F4xx_HAL_Driver/Src/stm32f4xx_hal_tim_ex.o
LOAD ./Drivers/STM32F4xx_HAL_Driver/Src/stm32f4xx_hal_uart.o
LOAD ./FATFS/App/fatfs.o
LOAD ./FATFS/Target/user_diskio.o
LOAD ./Middlewares/Third_Party/FatFs/src/diskio.o
LOAD ./Middlewares/Third_Party/FatFs/src/ff.o
LOAD ./Middlewares/Third_Party/FatFs/src/ff_gen_drv.o
LOAD ./Middlewares/Third_Party/FatFs/src/option/ccsbcs.o
LOAD ./Middlewares/Third_Party/FatFs/src/option/syscall.o
START GROUP
LOAD c:/st/stm32cubeide_1.8.0/stm32cubeide/plugins/com.st.stm32cube.ide.mcu.externaltools.gnu-tools-for-stm32.9-2020-q2-update.win32_2.0.0.202105311346/tools/bin/../lib/gcc/arm-none-eabi/9.3.1/../../../../arm-none-eabi/lib/thumb/v7e-m+fp/hard\libc_nano.a
LOAD c:/st/stm32cubeide_1.8.0/stm32cubeide/plugins/com.st.stm32cube.ide.mcu.externaltools.gnu-tools-for-stm32.9-2020-q2-update.win32_2.0.0.202105311346/tools/bin/../lib/gcc/arm-none-eabi/9.3.1/../../../../arm-none-eabi/lib/thumb/v7e-m+fp/hard\libm.a
END GROUP
START GROUP
LOAD c:/st/stm32cubeide_1.8.0/stm32cubeide/plugins/com.st.stm32cube.ide.mcu.externaltools.gnu-tools-for-stm32.9-2020-q2-update.win32_2.0.0.202105311346/tools/bin/../lib/gcc/arm-none-eabi/9.3.1/thumb/v7e-m+fp/hard\libgcc.a
LOAD c:/st/stm32cubeide_1.8.0/stm32cubeide/plugins/com.st.stm32cube.ide.mcu.externaltools.gnu-tools-for-stm32.9-2020-q2-update.win32_2.0.0.202105311346/tools/bin/../lib/gcc/arm-none-eabi/9.3.1/../../../../arm-none-eabi/lib/thumb/v7e-m+fp/hard\libc_nano.a
END GROUP
START GROUP
LOAD c:/st/stm32cubeide_1.8.0/stm32cubeide/plugins/com.st.stm32cube.ide.mcu.externaltools.gnu-tools-for-stm32.9-2020-q2-update.win32_2.0.0.202105311346/tools/bin/../lib/gcc/arm-none-eabi/9.3.1/thumb/v7e-m+fp/hard\libgcc.a
LOAD c:/st/stm32cubeide_1.8.0/stm32cubeide/plugins/com.st.stm32cube.ide.mcu.externaltools.gnu-tools-for-stm32.9-2020-q2-update.win32_2.0.0.202105311346/tools/bin/../lib/gcc/arm-none-eabi/9.3.1/../../../../arm-none-eabi/lib/thumb/v7e-m+fp/hard\libc_nano.a
LOAD c:/st/stm32cubeide_1.8.0/stm32cubeide/plugins/com.st.stm32cube.ide.mcu.externaltools.gnu-tools-for-stm32.9-2020-q2-update.win32_2.0.0.202105311346/tools/bin/../lib/gcc/arm-none-eabi/9.3.1/../../../../arm-none-eabi/lib/thumb/v7e-m+fp/hard\libnosys.a
END GROUP
START GROUP
LOAD c:/st/stm32cubeide_1.8.0/stm32cubeide/plugins/com.st.stm32cube.ide.mcu.externaltools.gnu-tools-for-stm32.9-2020-q2-update.win32_2.0.0.202105311346/tools/bin/../lib/gcc/arm-none-eabi/9.3.1/thumb/v7e-m+fp/hard\libgcc.a
LOAD c:/st/stm32cubeide_1.8.0/stm32cubeide/plugins/com.st.stm32cube.ide.mcu.externaltools.gnu-tools-for-stm32.9-2020-q2-update.win32_2.0.0.202105311346/tools/bin/../lib/gcc/arm-none-eabi/9.3.1/../../../../arm-none-eabi/lib/thumb/v7e-m+fp/hard\libc_nano.a
LOAD c:/st/stm32cubeide_1.8.0/stm32cubeide/plugins/com.st.stm32cube.ide.mcu.externaltools.gnu-tools-for-stm32.9-2020-q2-update.win32_2.0.0.202105311346/tools/bin/../lib/gcc/arm-none-eabi/9.3.1/../../../../arm-none-eabi/lib/thumb/v7e-m+fp/hard\libnosys.a
END GROUP
LOAD c:/st/stm32cubeide_1.8.0/stm32cubeide/plugins/com.st.stm32cube.ide.mcu.externaltools.gnu-tools-for-stm32.9-2020-q2-update.win32_2.0.0.202105311346/tools/bin/../lib/gcc/arm-none-eabi/9.3.1/thumb/v7e-m+fp/hard/crtend.o
LOAD c:/st/stm32cubeide_1.8.0/stm32cubeide/plugins/com.st.stm32cube.ide.mcu.externaltools.gnu-tools-for-stm32.9-2020-q2-update.win32_2.0.0.202105311346/tools/bin/../lib/gcc/arm-none-eabi/9.3.1/thumb/v7e-m+fp/hard/crtn.o
                0x0000000020020000                _estack = (ORIGIN (RAM) + LENGTH (RAM))
                0x0000000000000200                _Min_Heap_Size = 0x200
                0x0000000000000400                _Min_Stack_Size = 0x400

.isr_vector     0x0000000008000000      0x1c4
                0x0000000008000000                . = ALIGN (0x4)
 *(.isr_vector)
 .isr_vector    0x0000000008000000      0x1c4 ./Core/Startup/startup_stm32f446retx.o
                0x0000000008000000                g_pfnVectors
                0x00000000080001c4                . = ALIGN (0x4)

.text           0x00000000080001d0     0xc528
                0x00000000080001d0                . = ALIGN (0x4)
 *(.text)
 .text          0x00000000080001d0       0x40 c:/st/stm32cubeide_1.8.0/stm32cubeide/plugins/com.st.stm32cube.ide.mcu.externaltools.gnu-tools-for-stm32.9-2020-q2-update.win32_2.0.0.202105311346/tools/bin/../lib/gcc/arm-none-eabi/9.3.1/thumb/v7e-m+fp/hard/crtbegin.o
 .text          0x0000000008000210       0xa0 c:/st/stm32cubeide_1.8.0/stm32cubeide/plugins/com.st.stm32cube.ide.mcu.externaltools.gnu-tools-for-stm32.9-2020-q2-update.win32_2.0.0.202105311346/tools/bin/../lib/gcc/arm-none-eabi/9.3.1/../../../../arm-none-eabi/lib/thumb/v7e-m+fp/hard\libc_nano.a(lib_a-memchr.o)
                0x0000000008000210                memchr
 .text          0x00000000080002b0       0x30 c:/st/stm32cubeide_1.8.0/stm32cubeide/plugins/com.st.stm32cube.ide.mcu.externaltools.gnu-tools-for-stm32.9-2020-q2-update.win32_2.0.0.202105311346/tools/bin/../lib/gcc/arm-none-eabi/9.3.1/thumb/v7e-m+fp/hard\libgcc.a(_aeabi_uldivmod.o)
                0x00000000080002b0                __aeabi_uldivmod
 .text          0x00000000080002e0      0x2c4 c:/st/stm32cubeide_1.8.0/stm32cubeide/plugins/com.st.stm32cube.ide.mcu.externaltools.gnu-tools-for-stm32.9-2020-q2-update.win32_2.0.0.202105311346/tools/bin/../lib/gcc/arm-none-eabi/9.3.1/thumb/v7e-m+fp/hard\libgcc.a(_udivmoddi4.o)
                0x00000000080002e0                __udivmoddi4
 .text          0x00000000080005a4        0x4 c:/st/stm32cubeide_1.8.0/stm32cubeide/plugins/com.st.stm32cube.ide.mcu.externaltools.gnu-tools-for-stm32.9-2020-q2-update.win32_2.0.0.202105311346/tools/bin/../lib/gcc/arm-none-eabi/9.3.1/thumb/v7e-m+fp/hard\libgcc.a(_dvmd_tls.o)
                0x00000000080005a4                __aeabi_idiv0
                0x00000000080005a4                __aeabi_ldiv0
 *(.text*)
 .text.SELECT   0x00000000080005a8       0x18 ./Core/Src/fatfs_sd.o
 .text.DESELECT
                0x00000000080005c0       0x18 ./Core/Src/fatfs_sd.o
 .text.SPI_TxByte
                0x00000000080005d8       0x34 ./Core/Src/fatfs_sd.o
 .text.SPI_RxByte
                0x000000000800060c       0x3c ./Core/Src/fatfs_sd.o
 .text.SPI_RxBytePtr
                0x0000000008000648       0x1c ./Core/Src/fatfs_sd.o
 .text.SD_ReadyWait
                0x0000000008000664       0x38 ./Core/Src/fatfs_sd.o
 .text.SD_PowerOn
                0x000000000800069c       0x98 ./Core/Src/fatfs_sd.o
 .text.SD_PowerOff
                0x0000000008000734       0x18 ./Core/Src/fatfs_sd.o
 .text.SD_CheckPower
                0x000000000800074c       0x18 ./Core/Src/fatfs_sd.o
 .text.SD_RxDataBlock
                0x0000000008000764       0x6c ./Core/Src/fatfs_sd.o
 .text.SD_TxDataBlock
                0x00000000080007d0       0xa8 ./Core/Src/fatfs_sd.o
 .text.SD_SendCmd
                0x0000000008000878       0xa4 ./Core/Src/fatfs_sd.o
 .text.SD_disk_initialize
                0x000000000800091c      0x1d4 ./Core/Src/fatfs_sd.o
                0x000000000800091c                SD_disk_initialize
 .text.SD_disk_status
                0x0000000008000af0       0x2c ./Core/Src/fatfs_sd.o
                0x0000000008000af0                SD_disk_status
 .text.SD_disk_read
                0x0000000008000b1c       0xd4 ./Core/Src/fatfs_sd.o
                0x0000000008000b1c                SD_disk_read
 .text.SD_disk_write
                0x0000000008000bf0      0x108 ./Core/Src/fatfs_sd.o
                0x0000000008000bf0                SD_disk_write
 .text.SD_disk_ioctl
                0x0000000008000cf8      0x264 ./Core/Src/fatfs_sd.o
                0x0000000008000cf8                SD_disk_ioctl
 .text.main     0x0000000008000f5c      0x4ec ./Core/Src/main.o
                0x0000000008000f5c                main
 .text.SystemClock_Config
                0x0000000008001448       0xdc ./Core/Src/main.o
                0x0000000008001448                SystemClock_Config
 .text.MX_SPI1_Init
                0x0000000008001524       0x6c ./Core/Src/main.o
 .text.MX_TIM1_Init
                0x0000000008001590       0xa0 ./Core/Src/main.o
 .text.MX_USART2_UART_Init
                0x0000000008001630       0x54 ./Core/Src/main.o
 .text.MX_GPIO_Init
                0x0000000008001684       0xdc ./Core/Src/main.o
 .text.desenha_alvo
                0x0000000008001760       0xa4 ./Core/Src/main.o
                0x0000000008001760                desenha_alvo
 .text.desenha_imagem
                0x0000000008001804       0x24 ./Core/Src/main.o
                0x0000000008001804                desenha_imagem
 .text.disparo  0x0000000008001828       0x40 ./Core/Src/main.o
                0x0000000008001828                disparo
 .text.Error_Handler
                0x0000000008001868        0xa ./Core/Src/main.o
                0x0000000008001868                Error_Handler
 *fill*         0x0000000008001872        0x2 
 .text.HAL_MspInit
                0x0000000008001874       0x50 ./Core/Src/stm32f4xx_hal_msp.o
                0x0000000008001874                HAL_MspInit
 .text.HAL_SPI_MspInit
                0x00000000080018c4       0x90 ./Core/Src/stm32f4xx_hal_msp.o
                0x00000000080018c4                HAL_SPI_MspInit
 .text.HAL_TIM_Base_MspInit
                0x0000000008001954       0x44 ./Core/Src/stm32f4xx_hal_msp.o
                0x0000000008001954                HAL_TIM_Base_MspInit
 .text.HAL_UART_MspInit
                0x0000000008001998       0x90 ./Core/Src/stm32f4xx_hal_msp.o
                0x0000000008001998                HAL_UART_MspInit
 .text.SDTimer_Handler
                0x0000000008001a28       0x48 ./Core/Src/stm32f4xx_it.o
                0x0000000008001a28                SDTimer_Handler
 .text.NMI_Handler
                0x0000000008001a70        0x6 ./Core/Src/stm32f4xx_it.o
                0x0000000008001a70                NMI_Handler
 .text.HardFault_Handler
                0x0000000008001a76        0x6 ./Core/Src/stm32f4xx_it.o
                0x0000000008001a76                HardFault_Handler
 .text.MemManage_Handler
                0x0000000008001a7c        0x6 ./Core/Src/stm32f4xx_it.o
                0x0000000008001a7c                MemManage_Handler
 .text.BusFault_Handler
                0x0000000008001a82        0x6 ./Core/Src/stm32f4xx_it.o
                0x0000000008001a82                BusFault_Handler
 .text.UsageFault_Handler
                0x0000000008001a88        0x6 ./Core/Src/stm32f4xx_it.o
                0x0000000008001a88                UsageFault_Handler
 .text.SVC_Handler
                0x0000000008001a8e        0xe ./Core/Src/stm32f4xx_it.o
                0x0000000008001a8e                SVC_Handler
 .text.DebugMon_Handler
                0x0000000008001a9c        0xe ./Core/Src/stm32f4xx_it.o
                0x0000000008001a9c                DebugMon_Handler
 .text.PendSV_Handler
                0x0000000008001aaa        0xe ./Core/Src/stm32f4xx_it.o
                0x0000000008001aaa                PendSV_Handler
 .text.SysTick_Handler
                0x0000000008001ab8       0x34 ./Core/Src/stm32f4xx_it.o
                0x0000000008001ab8                SysTick_Handler
 .text._sbrk    0x0000000008001aec       0x6c ./Core/Src/sysmem.o
                0x0000000008001aec                _sbrk
 .text.SystemInit
                0x0000000008001b58       0x24 ./Core/Src/system_stm32f4xx.o
                0x0000000008001b58                SystemInit
 .text.PIN_LOW  0x0000000008001b7c       0x20 ./Core/Src/tft.o
                0x0000000008001b7c                PIN_LOW
 .text.PIN_HIGH
                0x0000000008001b9c       0x20 ./Core/Src/tft.o
                0x0000000008001b9c                PIN_HIGH
 .text.PIN_INPUT
                0x0000000008001bbc       0x2c ./Core/Src/tft.o
                0x0000000008001bbc                PIN_INPUT
 .text.PIN_OUTPUT
                0x0000000008001be8       0x30 ./Core/Src/tft.o
                0x0000000008001be8                PIN_OUTPUT
 .text.width    0x0000000008001c18       0x18 ./Core/Src/tft.o
                0x0000000008001c18                width
 .text.height   0x0000000008001c30       0x18 ./Core/Src/tft.o
                0x0000000008001c30                height
 .text.color565_to_555
                0x0000000008001c48       0x40 ./Core/Src/tft.o
 .text.color555_to_565
                0x0000000008001c88       0x42 ./Core/Src/tft.o
 .text.color565_to_r
                0x0000000008001cca       0x22 ./Core/Src/tft.o
 .text.color565_to_g
                0x0000000008001cec       0x22 ./Core/Src/tft.o
 .text.color565_to_b
                0x0000000008001d0e       0x1c ./Core/Src/tft.o
 .text.color565
                0x0000000008001d2a       0x4c ./Core/Src/tft.o
                0x0000000008001d2a                color565
 .text.readPixel
                0x0000000008001d76       0x30 ./Core/Src/tft.o
                0x0000000008001d76                readPixel
 .text.WriteCmdData
                0x0000000008001da6       0x24 ./Core/Src/tft.o
                0x0000000008001da6                WriteCmdData
 .text.pushCommand
                0x0000000008001dca       0x26 ./Core/Src/tft.o
                0x0000000008001dca                pushCommand
 .text.setReadDir
                0x0000000008001df0       0x5c ./Core/Src/tft.o
                0x0000000008001df0                setReadDir
 .text.setWriteDir
                0x0000000008001e4c       0x5c ./Core/Src/tft.o
                0x0000000008001e4c                setWriteDir
 .text.write24  0x0000000008001ea8      0x200 ./Core/Src/tft.o
 .text.writecmddata
                0x00000000080020a8      0x2ac ./Core/Src/tft.o
 .text.WriteCmdParamN
                0x0000000008002354      0x39c ./Core/Src/tft.o
 .text.WriteCmdParam4
                0x00000000080026f0       0x48 ./Core/Src/tft.o
 .text.init_table
                0x0000000008002738       0xb2 ./Core/Src/tft.o
 .text.init_table16
                0x00000000080027ea       0x60 ./Core/Src/tft.o
 *fill*         0x000000000800284a        0x2 
 .text.reset    0x000000000800284c       0x98 ./Core/Src/tft.o
                0x000000000800284c                reset
 .text.read16bits
                0x00000000080028e4      0x1e4 ./Core/Src/tft.o
 .text.readReg  0x0000000008002ac8      0x1b8 ./Core/Src/tft.o
                0x0000000008002ac8                readReg
 .text.readReg32
                0x0000000008002c80       0x36 ./Core/Src/tft.o
                0x0000000008002c80                readReg32
 .text.readReg40
                0x0000000008002cb6       0x4e ./Core/Src/tft.o
                0x0000000008002cb6                readReg40
 .text.tft_init
                0x0000000008002d04      0x70c ./Core/Src/tft.o
                0x0000000008002d04                tft_init
 .text.readID   0x0000000008003410      0x280 ./Core/Src/tft.o
                0x0000000008003410                readID
 .text.readGRAM
                0x0000000008003690      0xbe0 ./Core/Src/tft.o
                0x0000000008003690                readGRAM
 .text.setRotation
                0x0000000008004270      0x50c ./Core/Src/tft.o
                0x0000000008004270                setRotation
 .text.drawPixel
                0x000000000800477c      0x20c ./Core/Src/tft.o
                0x000000000800477c                drawPixel
 .text.setAddrWindow
                0x0000000008004988      0x248 ./Core/Src/tft.o
                0x0000000008004988                setAddrWindow
 .text.vertScroll
                0x0000000008004bd0      0x24c ./Core/Src/tft.o
                0x0000000008004bd0                vertScroll
 .text.fillScreen
                0x0000000008004e1c       0x34 ./Core/Src/tft.o
                0x0000000008004e1c                fillScreen
 .text.invertDisplay
                0x0000000008004e50      0x14c ./Core/Src/tft.o
                0x0000000008004e50                invertDisplay
 .text.drawFastVLine
                0x0000000008004f9c       0x3e ./Core/Src/tft.o
                0x0000000008004f9c                drawFastVLine
 .text.drawFastHLine
                0x0000000008004fda       0x3c ./Core/Src/tft.o
                0x0000000008004fda                drawFastHLine
 .text.writePixel
                0x0000000008005016       0x2a ./Core/Src/tft.o
                0x0000000008005016                writePixel
 .text.writeLine
                0x0000000008005040      0x144 ./Core/Src/tft.o
                0x0000000008005040                writeLine
 .text.drawLine
                0x0000000008005184       0xc4 ./Core/Src/tft.o
                0x0000000008005184                drawLine
 .text.drawCircle
                0x0000000008005248      0x1d8 ./Core/Src/tft.o
                0x0000000008005248                drawCircle
 .text.fillCircle
                0x0000000008005420       0x60 ./Core/Src/tft.o
                0x0000000008005420                fillCircle
 .text.fillCircleHelper
                0x0000000008005480      0x19c ./Core/Src/tft.o
                0x0000000008005480                fillCircleHelper
 .text.fillRect
                0x000000000800561c      0x448 ./Core/Src/tft.o
                0x000000000800561c                fillRect
 .text.drawChar
                0x0000000008005a64      0x17c ./Core/Src/tft.o
                0x0000000008005a64                drawChar
 .text.write    0x0000000008005be0      0x14c ./Core/Src/tft.o
                0x0000000008005be0                write
 .text.setFont  0x0000000008005d2c       0x54 ./Core/Src/tft.o
                0x0000000008005d2c                setFont
 .text.printnewtstr
                0x0000000008005d80       0x68 ./Core/Src/tft.o
                0x0000000008005d80                printnewtstr
 .text.printstr
                0x0000000008005de8       0x2a ./Core/Src/tft.o
                0x0000000008005de8                printstr
 *fill*         0x0000000008005e12        0x2 
 .text.setCursor
                0x0000000008005e14       0x34 ./Core/Src/tft.o
                0x0000000008005e14                setCursor
 .text.delay    0x0000000008005e48       0x30 ./Core/Src/tft.o
                0x0000000008005e48                delay
 .text.inicioDados
                0x0000000008005e78      0x164 ./Core/Src/tft.o
                0x0000000008005e78                inicioDados
 .text.fimDados
                0x0000000008005fdc       0x14 ./Core/Src/tft.o
                0x0000000008005fdc                fimDados
 .text.tft_gpio_init
                0x0000000008005ff0       0xe4 ./Core/Src/tft.o
                0x0000000008005ff0                tft_gpio_init
 .text.drawRGBBitmap
                0x00000000080060d4      0x320 ./Core/Src/tft.o
                0x00000000080060d4                drawRGBBitmap
 .text.Reset_Handler
                0x00000000080063f4       0x50 ./Core/Startup/startup_stm32f446retx.o
                0x00000000080063f4                Reset_Handler
 .text.Default_Handler
                0x0000000008006444        0x2 ./Core/Startup/startup_stm32f446retx.o
                0x0000000008006444                RTC_Alarm_IRQHandler
                0x0000000008006444                EXTI2_IRQHandler
                0x0000000008006444                TIM8_CC_IRQHandler
                0x0000000008006444                FMPI2C1_EV_IRQHandler
                0x0000000008006444                SPI4_IRQHandler
                0x0000000008006444                TIM1_CC_IRQHandler
                0x0000000008006444                DMA2_Stream5_IRQHandler
                0x0000000008006444                DMA1_Stream5_IRQHandler
                0x0000000008006444                PVD_IRQHandler
                0x0000000008006444                SDIO_IRQHandler
                0x0000000008006444                TAMP_STAMP_IRQHandler
                0x0000000008006444                CAN2_RX1_IRQHandler
                0x0000000008006444                EXTI3_IRQHandler
                0x0000000008006444                TIM8_TRG_COM_TIM14_IRQHandler
                0x0000000008006444                TIM1_UP_TIM10_IRQHandler
                0x0000000008006444                TIM8_UP_TIM13_IRQHandler
                0x0000000008006444                I2C3_ER_IRQHandler
                0x0000000008006444                EXTI0_IRQHandler
                0x0000000008006444                I2C2_EV_IRQHandler
                0x0000000008006444                DMA1_Stream2_IRQHandler
                0x0000000008006444                CAN1_RX0_IRQHandler
                0x0000000008006444                FPU_IRQHandler
                0x0000000008006444                OTG_HS_WKUP_IRQHandler
                0x0000000008006444                CAN2_SCE_IRQHandler
                0x0000000008006444                DMA2_Stream2_IRQHandler
                0x0000000008006444                SPI1_IRQHandler
                0x0000000008006444                TIM6_DAC_IRQHandler
                0x0000000008006444                TIM1_BRK_TIM9_IRQHandler
                0x0000000008006444                DCMI_IRQHandler
                0x0000000008006444                CAN2_RX0_IRQHandler
                0x0000000008006444                DMA2_Stream3_IRQHandler
                0x0000000008006444                SAI2_IRQHandler
                0x0000000008006444                USART6_IRQHandler
                0x0000000008006444                USART3_IRQHandler
                0x0000000008006444                CAN1_RX1_IRQHandler
                0x0000000008006444                UART5_IRQHandler
                0x0000000008006444                DMA2_Stream0_IRQHandler
                0x0000000008006444                TIM4_IRQHandler
                0x0000000008006444                QUADSPI_IRQHandler
                0x0000000008006444                I2C1_EV_IRQHandler
                0x0000000008006444                DMA1_Stream6_IRQHandler
                0x0000000008006444                DMA1_Stream1_IRQHandler
                0x0000000008006444                UART4_IRQHandler
                0x0000000008006444                TIM3_IRQHandler
                0x0000000008006444                RCC_IRQHandler
                0x0000000008006444                TIM8_BRK_TIM12_IRQHandler
                0x0000000008006444                Default_Handler
                0x0000000008006444                CEC_IRQHandler
                0x0000000008006444                EXTI15_10_IRQHandler
                0x0000000008006444                ADC_IRQHandler
                0x0000000008006444                DMA1_Stream7_IRQHandler
                0x0000000008006444                TIM7_IRQHandler
                0x0000000008006444                CAN2_TX_IRQHandler
                0x0000000008006444                TIM5_IRQHandler
                0x0000000008006444                DMA2_Stream7_IRQHandler
                0x0000000008006444                I2C3_EV_IRQHandler
                0x0000000008006444                EXTI9_5_IRQHandler
                0x0000000008006444                RTC_WKUP_IRQHandler
                0x0000000008006444                SPDIF_RX_IRQHandler
                0x0000000008006444                SPI2_IRQHandler
                0x0000000008006444                OTG_HS_EP1_IN_IRQHandler
                0x0000000008006444                DMA1_Stream0_IRQHandler
                0x0000000008006444                CAN1_TX_IRQHandler
                0x0000000008006444                FMPI2C1_ER_IRQHandler
                0x0000000008006444                EXTI4_IRQHandler
                0x0000000008006444                OTG_HS_EP1_OUT_IRQHandler
                0x0000000008006444                WWDG_IRQHandler
                0x0000000008006444                TIM2_IRQHandler
                0x0000000008006444                OTG_FS_WKUP_IRQHandler
                0x0000000008006444                TIM1_TRG_COM_TIM11_IRQHandler
                0x0000000008006444                OTG_HS_IRQHandler
                0x0000000008006444                EXTI1_IRQHandler
                0x0000000008006444                USART2_IRQHandler
                0x0000000008006444                I2C2_ER_IRQHandler
                0x0000000008006444                DMA2_Stream1_IRQHandler
                0x0000000008006444                CAN1_SCE_IRQHandler
                0x0000000008006444                FLASH_IRQHandler
                0x0000000008006444                DMA2_Stream4_IRQHandler
                0x0000000008006444                USART1_IRQHandler
                0x0000000008006444                OTG_FS_IRQHandler
                0x0000000008006444                SPI3_IRQHandler
                0x0000000008006444                DMA1_Stream4_IRQHandler
                0x0000000008006444                I2C1_ER_IRQHandler
                0x0000000008006444                FMC_IRQHandler
                0x0000000008006444                DMA2_Stream6_IRQHandler
                0x0000000008006444                SAI1_IRQHandler
                0x0000000008006444                DMA1_Stream3_IRQHandler
 *fill*         0x0000000008006446        0x2 
 .text.HAL_Init
                0x0000000008006448       0x44 ./Drivers/STM32F4xx_HAL_Driver/Src/stm32f4xx_hal.o
                0x0000000008006448                HAL_Init
 .text.HAL_InitTick
                0x000000000800648c       0x60 ./Drivers/STM32F4xx_HAL_Driver/Src/stm32f4xx_hal.o
                0x000000000800648c                HAL_InitTick
 .text.HAL_IncTick
                0x00000000080064ec       0x28 ./Drivers/STM32F4xx_HAL_Driver/Src/stm32f4xx_hal.o
                0x00000000080064ec                HAL_IncTick
 .text.HAL_GetTick
                0x0000000008006514       0x18 ./Drivers/STM32F4xx_HAL_Driver/Src/stm32f4xx_hal.o
                0x0000000008006514                HAL_GetTick
 .text.HAL_Delay
                0x000000000800652c       0x48 ./Drivers/STM32F4xx_HAL_Driver/Src/stm32f4xx_hal.o
                0x000000000800652c                HAL_Delay
 .text.__NVIC_SetPriorityGrouping
                0x0000000008006574       0x48 ./Drivers/STM32F4xx_HAL_Driver/Src/stm32f4xx_hal_cortex.o
 .text.__NVIC_GetPriorityGrouping
                0x00000000080065bc       0x1c ./Drivers/STM32F4xx_HAL_Driver/Src/stm32f4xx_hal_cortex.o
 .text.__NVIC_SetPriority
                0x00000000080065d8       0x54 ./Drivers/STM32F4xx_HAL_Driver/Src/stm32f4xx_hal_cortex.o
 .text.NVIC_EncodePriority
                0x000000000800662c       0x66 ./Drivers/STM32F4xx_HAL_Driver/Src/stm32f4xx_hal_cortex.o
 *fill*         0x0000000008006692        0x2 
 .text.SysTick_Config
                0x0000000008006694       0x44 ./Drivers/STM32F4xx_HAL_Driver/Src/stm32f4xx_hal_cortex.o
 .text.HAL_NVIC_SetPriorityGrouping
                0x00000000080066d8       0x16 ./Drivers/STM32F4xx_HAL_Driver/Src/stm32f4xx_hal_cortex.o
                0x00000000080066d8                HAL_NVIC_SetPriorityGrouping
 .text.HAL_NVIC_SetPriority
                0x00000000080066ee       0x38 ./Drivers/STM32F4xx_HAL_Driver/Src/stm32f4xx_hal_cortex.o
                0x00000000080066ee                HAL_NVIC_SetPriority
 .text.HAL_SYSTICK_Config
                0x0000000008006726       0x18 ./Drivers/STM32F4xx_HAL_Driver/Src/stm32f4xx_hal_cortex.o
                0x0000000008006726                HAL_SYSTICK_Config
 *fill*         0x000000000800673e        0x2 
 .text.HAL_GPIO_Init
                0x0000000008006740      0x328 ./Drivers/STM32F4xx_HAL_Driver/Src/stm32f4xx_hal_gpio.o
                0x0000000008006740                HAL_GPIO_Init
 .text.HAL_GPIO_WritePin
                0x0000000008006a68       0x32 ./Drivers/STM32F4xx_HAL_Driver/Src/stm32f4xx_hal_gpio.o
                0x0000000008006a68                HAL_GPIO_WritePin
 *fill*         0x0000000008006a9a        0x2 
 .text.HAL_RCC_ClockConfig
                0x0000000008006a9c      0x1cc ./Drivers/STM32F4xx_HAL_Driver/Src/stm32f4xx_hal_rcc.o
                0x0000000008006a9c                HAL_RCC_ClockConfig
 .text.HAL_RCC_GetHCLKFreq
                0x0000000008006c68       0x18 ./Drivers/STM32F4xx_HAL_Driver/Src/stm32f4xx_hal_rcc.o
                0x0000000008006c68                HAL_RCC_GetHCLKFreq
 .text.HAL_RCC_GetPCLK1Freq
                0x0000000008006c80       0x28 ./Drivers/STM32F4xx_HAL_Driver/Src/stm32f4xx_hal_rcc.o
                0x0000000008006c80                HAL_RCC_GetPCLK1Freq
 .text.HAL_RCC_GetPCLK2Freq
                0x0000000008006ca8       0x28 ./Drivers/STM32F4xx_HAL_Driver/Src/stm32f4xx_hal_rcc.o
                0x0000000008006ca8                HAL_RCC_GetPCLK2Freq
 .text.HAL_RCC_GetSysClockFreq
                0x0000000008006cd0      0x364 ./Drivers/STM32F4xx_HAL_Driver/Src/stm32f4xx_hal_rcc_ex.o
                0x0000000008006cd0                HAL_RCC_GetSysClockFreq
 .text.HAL_RCC_OscConfig
                0x0000000008007034      0x53c ./Drivers/STM32F4xx_HAL_Driver/Src/stm32f4xx_hal_rcc_ex.o
                0x0000000008007034                HAL_RCC_OscConfig
 .text.HAL_SPI_Init
                0x0000000008007570      0x112 ./Drivers/STM32F4xx_HAL_Driver/Src/stm32f4xx_hal_spi.o
                0x0000000008007570                HAL_SPI_Init
 .text.HAL_SPI_Transmit
                0x0000000008007682      0x278 ./Drivers/STM32F4xx_HAL_Driver/Src/stm32f4xx_hal_spi.o
                0x0000000008007682                HAL_SPI_Transmit
 .text.HAL_SPI_TransmitReceive
                0x00000000080078fa      0x344 ./Drivers/STM32F4xx_HAL_Driver/Src/stm32f4xx_hal_spi.o
                0x00000000080078fa                HAL_SPI_TransmitReceive
 .text.HAL_SPI_GetState
                0x0000000008007c3e       0x1c ./Drivers/STM32F4xx_HAL_Driver/Src/stm32f4xx_hal_spi.o
                0x0000000008007c3e                HAL_SPI_GetState
 *fill*         0x0000000008007c5a        0x2 
 .text.SPI_WaitFlagStateUntilTimeout
                0x0000000008007c5c      0x110 ./Drivers/STM32F4xx_HAL_Driver/Src/stm32f4xx_hal_spi.o
 .text.SPI_EndRxTxTransaction
                0x0000000008007d6c       0x84 ./Drivers/STM32F4xx_HAL_Driver/Src/stm32f4xx_hal_spi.o
 .text.HAL_TIM_Base_Init
                0x0000000008007df0       0x9e ./Drivers/STM32F4xx_HAL_Driver/Src/stm32f4xx_hal_tim.o
                0x0000000008007df0                HAL_TIM_Base_Init
 *fill*         0x0000000008007e8e        0x2 
 .text.HAL_TIM_Base_Start
                0x0000000008007e90       0xd0 ./Drivers/STM32F4xx_HAL_Driver/Src/stm32f4xx_hal_tim.o
                0x0000000008007e90                HAL_TIM_Base_Start
 .text.HAL_TIM_ConfigClockSource
                0x0000000008007f60      0x18e ./Drivers/STM32F4xx_HAL_Driver/Src/stm32f4xx_hal_tim.o
                0x0000000008007f60                HAL_TIM_ConfigClockSource
 *fill*         0x00000000080080ee        0x2 
 .text.TIM_Base_SetConfig
                0x00000000080080f0      0x140 ./Drivers/STM32F4xx_HAL_Driver/Src/stm32f4xx_hal_tim.o
                0x00000000080080f0                TIM_Base_SetConfig
 .text.TIM_TI1_ConfigInputStage
                0x0000000008008230       0x5e ./Drivers/STM32F4xx_HAL_Driver/Src/stm32f4xx_hal_tim.o
 .text.TIM_TI2_ConfigInputStage
                0x000000000800828e       0x60 ./Drivers/STM32F4xx_HAL_Driver/Src/stm32f4xx_hal_tim.o
 .text.TIM_ITRx_SetConfig
                0x00000000080082ee       0x36 ./Drivers/STM32F4xx_HAL_Driver/Src/stm32f4xx_hal_tim.o
 .text.TIM_ETR_SetConfig
                0x0000000008008324       0x40 ./Drivers/STM32F4xx_HAL_Driver/Src/stm32f4xx_hal_tim.o
                0x0000000008008324                TIM_ETR_SetConfig
 .text.HAL_TIMEx_MasterConfigSynchronization
                0x0000000008008364       0xf8 ./Drivers/STM32F4xx_HAL_Driver/Src/stm32f4xx_hal_tim_ex.o
                0x0000000008008364                HAL_TIMEx_MasterConfigSynchronization
 .text.HAL_UART_Init
                0x000000000800845c       0x9a ./Drivers/STM32F4xx_HAL_Driver/Src/stm32f4xx_hal_uart.o
                0x000000000800845c                HAL_UART_Init
 .text.HAL_UART_Transmit
                0x00000000080084f6      0x124 ./Drivers/STM32F4xx_HAL_Driver/Src/stm32f4xx_hal_uart.o
                0x00000000080084f6                HAL_UART_Transmit
 .text.HAL_UART_Receive
                0x000000000800861a      0x144 ./Drivers/STM32F4xx_HAL_Driver/Src/stm32f4xx_hal_uart.o
                0x000000000800861a                HAL_UART_Receive
 .text.UART_WaitOnFlagUntilTimeout
                0x000000000800875e       0xdc ./Drivers/STM32F4xx_HAL_Driver/Src/stm32f4xx_hal_uart.o
 *fill*         0x000000000800883a        0x2 
 .text.UART_SetConfig
                0x000000000800883c      0x390 ./Drivers/STM32F4xx_HAL_Driver/Src/stm32f4xx_hal_uart.o
 .text.MX_FATFS_Init
                0x0000000008008bcc       0x24 ./FATFS/App/fatfs.o
                0x0000000008008bcc                MX_FATFS_Init
 .text.get_fattime
                0x0000000008008bf0       0x10 ./FATFS/App/fatfs.o
                0x0000000008008bf0                get_fattime
 .text.USER_initialize
                0x0000000008008c00       0x1e ./FATFS/Target/user_diskio.o
                0x0000000008008c00                USER_initialize
 *fill*         0x0000000008008c1e        0x2 
 .text.USER_status
                0x0000000008008c20       0x28 ./FATFS/Target/user_diskio.o
                0x0000000008008c20                USER_status
 .text.USER_read
                0x0000000008008c48       0x28 ./FATFS/Target/user_diskio.o
                0x0000000008008c48                USER_read
 .text.USER_write
                0x0000000008008c70       0x28 ./FATFS/Target/user_diskio.o
                0x0000000008008c70                USER_write
 .text.USER_ioctl
                0x0000000008008c98       0x2c ./FATFS/Target/user_diskio.o
                0x0000000008008c98                USER_ioctl
 .text.disk_status
                0x0000000008008cc4       0x34 ./Middlewares/Third_Party/FatFs/src/diskio.o
                0x0000000008008cc4                disk_status
 .text.disk_initialize
                0x0000000008008cf8       0x4c ./Middlewares/Third_Party/FatFs/src/diskio.o
                0x0000000008008cf8                disk_initialize
 .text.disk_read
                0x0000000008008d44       0x40 ./Middlewares/Third_Party/FatFs/src/diskio.o
                0x0000000008008d44                disk_read
 .text.disk_write
                0x0000000008008d84       0x40 ./Middlewares/Third_Party/FatFs/src/diskio.o
                0x0000000008008d84                disk_write
 .text.disk_ioctl
                0x0000000008008dc4       0x3c ./Middlewares/Third_Party/FatFs/src/diskio.o
                0x0000000008008dc4                disk_ioctl
 .text.ld_word  0x0000000008008e00       0x30 ./Middlewares/Third_Party/FatFs/src/ff.o
 .text.ld_dword
                0x0000000008008e30       0x46 ./Middlewares/Third_Party/FatFs/src/ff.o
 .text.st_word  0x0000000008008e76       0x36 ./Middlewares/Third_Party/FatFs/src/ff.o
 .text.st_dword
                0x0000000008008eac       0x58 ./Middlewares/Third_Party/FatFs/src/ff.o
 .text.mem_cpy  0x0000000008008f04       0x42 ./Middlewares/Third_Party/FatFs/src/ff.o
 .text.mem_set  0x0000000008008f46       0x36 ./Middlewares/Third_Party/FatFs/src/ff.o
 .text.mem_cmp  0x0000000008008f7c       0x4e ./Middlewares/Third_Party/FatFs/src/ff.o
 .text.chk_chr  0x0000000008008fca       0x36 ./Middlewares/Third_Party/FatFs/src/ff.o
 .text.chk_lock
                0x0000000008009000       0xb8 ./Middlewares/Third_Party/FatFs/src/ff.o
 .text.enq_lock
                0x00000000080090b8       0x44 ./Middlewares/Third_Party/FatFs/src/ff.o
 .text.inc_lock
                0x00000000080090fc      0x11c ./Middlewares/Third_Party/FatFs/src/ff.o
 .text.dec_lock
                0x0000000008009218       0x78 ./Middlewares/Third_Party/FatFs/src/ff.o
 .text.clear_lock
                0x0000000008009290       0x48 ./Middlewares/Third_Party/FatFs/src/ff.o
 .text.sync_window
                0x00000000080092d8       0x88 ./Middlewares/Third_Party/FatFs/src/ff.o
 .text.move_window
                0x0000000008009360       0x5a ./Middlewares/Third_Party/FatFs/src/ff.o
 *fill*         0x00000000080093ba        0x2 
 .text.sync_fs  0x00000000080093bc       0xe0 ./Middlewares/Third_Party/FatFs/src/ff.o
 .text.clust2sect
                0x000000000800949c       0x3e ./Middlewares/Third_Party/FatFs/src/ff.o
 .text.get_fat  0x00000000080094da      0x1a8 ./Middlewares/Third_Party/FatFs/src/ff.o
 .text.put_fat  0x0000000008009682      0x238 ./Middlewares/Third_Party/FatFs/src/ff.o
 .text.remove_chain
                0x00000000080098ba       0xca ./Middlewares/Third_Party/FatFs/src/ff.o
 .text.create_chain
                0x0000000008009984      0x130 ./Middlewares/Third_Party/FatFs/src/ff.o
 .text.clmt_clust
                0x0000000008009ab4       0x70 ./Middlewares/Third_Party/FatFs/src/ff.o
 .text.dir_sdi  0x0000000008009b24      0x112 ./Middlewares/Third_Party/FatFs/src/ff.o
 .text.dir_next
                0x0000000008009c36      0x1ac ./Middlewares/Third_Party/FatFs/src/ff.o
 .text.dir_alloc
                0x0000000008009de2       0x8e ./Middlewares/Third_Party/FatFs/src/ff.o
 .text.ld_clust
                0x0000000008009e70       0x3e ./Middlewares/Third_Party/FatFs/src/ff.o
 .text.st_clust
                0x0000000008009eae       0x40 ./Middlewares/Third_Party/FatFs/src/ff.o
 *fill*         0x0000000008009eee        0x2 
 .text.cmp_lfn  0x0000000008009ef0       0xe0 ./Middlewares/Third_Party/FatFs/src/ff.o
 .text.put_lfn  0x0000000008009fd0       0xd0 ./Middlewares/Third_Party/FatFs/src/ff.o
 .text.gen_numname
                0x000000000800a0a0      0x120 ./Middlewares/Third_Party/FatFs/src/ff.o
 .text.sum_sfn  0x000000000800a1c0       0x42 ./Middlewares/Third_Party/FatFs/src/ff.o
 .text.dir_find
                0x000000000800a202      0x180 ./Middlewares/Third_Party/FatFs/src/ff.o
 *fill*         0x000000000800a382        0x2 
 .text.dir_register
                0x000000000800a384      0x1f0 ./Middlewares/Third_Party/FatFs/src/ff.o
 .text.create_name
                0x000000000800a574      0x370 ./Middlewares/Third_Party/FatFs/src/ff.o
 .text.follow_path
                0x000000000800a8e4       0xec ./Middlewares/Third_Party/FatFs/src/ff.o
 .text.get_ldnumber
                0x000000000800a9d0       0x88 ./Middlewares/Third_Party/FatFs/src/ff.o
 .text.check_fs
                0x000000000800aa58       0xac ./Middlewares/Third_Party/FatFs/src/ff.o
 .text.find_volume
                0x000000000800ab04      0x510 ./Middlewares/Third_Party/FatFs/src/ff.o
 .text.validate
                0x000000000800b014       0x6a ./Middlewares/Third_Party/FatFs/src/ff.o
 *fill*         0x000000000800b07e        0x2 
 .text.f_mount  0x000000000800b080       0x8c ./Middlewares/Third_Party/FatFs/src/ff.o
                0x000000000800b080                f_mount
 .text.f_open   0x000000000800b10c      0x398 ./Middlewares/Third_Party/FatFs/src/ff.o
                0x000000000800b10c                f_open
 .text.f_read   0x000000000800b4a4      0x2be ./Middlewares/Third_Party/FatFs/src/ff.o
                0x000000000800b4a4                f_read
 .text.f_write  0x000000000800b762      0x328 ./Middlewares/Third_Party/FatFs/src/ff.o
                0x000000000800b762                f_write
 .text.f_sync   0x000000000800ba8a       0xfc ./Middlewares/Third_Party/FatFs/src/ff.o
                0x000000000800ba8a                f_sync
 .text.f_close  0x000000000800bb86       0x54 ./Middlewares/Third_Party/FatFs/src/ff.o
                0x000000000800bb86                f_close
 *fill*         0x000000000800bbda        0x2 
 .text.FATFS_LinkDriverEx
                0x000000000800bbdc       0x98 ./Middlewares/Third_Party/FatFs/src/ff_gen_drv.o
                0x000000000800bbdc                FATFS_LinkDriverEx
 .text.FATFS_LinkDriver
                0x000000000800bc74       0x1e ./Middlewares/Third_Party/FatFs/src/ff_gen_drv.o
                0x000000000800bc74                FATFS_LinkDriver
 *fill*         0x000000000800bc92        0x2 
 .text.ff_convert
                0x000000000800bc94       0x78 ./Middlewares/Third_Party/FatFs/src/option/ccsbcs.o
                0x000000000800bc94                ff_convert
 .text.ff_wtoupper
                0x000000000800bd0c      0x114 ./Middlewares/Third_Party/FatFs/src/option/ccsbcs.o
                0x000000000800bd0c                ff_wtoupper
 .text.__errno  0x000000000800be20        0xc c:/st/stm32cubeide_1.8.0/stm32cubeide/plugins/com.st.stm32cube.ide.mcu.externaltools.gnu-tools-for-stm32.9-2020-q2-update.win32_2.0.0.202105311346/tools/bin/../lib/gcc/arm-none-eabi/9.3.1/../../../../arm-none-eabi/lib/thumb/v7e-m+fp/hard\libc_nano.a(lib_a-errno.o)
                0x000000000800be20                __errno
 .text.__libc_init_array
                0x000000000800be2c       0x48 c:/st/stm32cubeide_1.8.0/stm32cubeide/plugins/com.st.stm32cube.ide.mcu.externaltools.gnu-tools-for-stm32.9-2020-q2-update.win32_2.0.0.202105311346/tools/bin/../lib/gcc/arm-none-eabi/9.3.1/../../../../arm-none-eabi/lib/thumb/v7e-m+fp/hard\libc_nano.a(lib_a-init.o)
                0x000000000800be2c                __libc_init_array
 .text.memset   0x000000000800be74       0x10 c:/st/stm32cubeide_1.8.0/stm32cubeide/plugins/com.st.stm32cube.ide.mcu.externaltools.gnu-tools-for-stm32.9-2020-q2-update.win32_2.0.0.202105311346/tools/bin/../lib/gcc/arm-none-eabi/9.3.1/../../../../arm-none-eabi/lib/thumb/v7e-m+fp/hard\libc_nano.a(lib_a-memset.o)
                0x000000000800be74                memset
 .text.sprintf  0x000000000800be84       0x40 c:/st/stm32cubeide_1.8.0/stm32cubeide/plugins/com.st.stm32cube.ide.mcu.externaltools.gnu-tools-for-stm32.9-2020-q2-update.win32_2.0.0.202105311346/tools/bin/../lib/gcc/arm-none-eabi/9.3.1/../../../../arm-none-eabi/lib/thumb/v7e-m+fp/hard\libc_nano.a(lib_a-sprintf.o)
                0x000000000800be84                siprintf
                0x000000000800be84                sprintf
 .text.__ssputs_r
                0x000000000800bec4       0xb6 c:/st/stm32cubeide_1.8.0/stm32cubeide/plugins/com.st.stm32cube.ide.mcu.externaltools.gnu-tools-for-stm32.9-2020-q2-update.win32_2.0.0.202105311346/tools/bin/../lib/gcc/arm-none-eabi/9.3.1/../../../../arm-none-eabi/lib/thumb/v7e-m+fp/hard\libc_nano.a(lib_a-nano-svfprintf.o)
                0x000000000800bec4                __ssputs_r
 *fill*         0x000000000800bf7a        0x2 
 .text._svfprintf_r
                0x000000000800bf7c      0x200 c:/st/stm32cubeide_1.8.0/stm32cubeide/plugins/com.st.stm32cube.ide.mcu.externaltools.gnu-tools-for-stm32.9-2020-q2-update.win32_2.0.0.202105311346/tools/bin/../lib/gcc/arm-none-eabi/9.3.1/../../../../arm-none-eabi/lib/thumb/v7e-m+fp/hard\libc_nano.a(lib_a-nano-svfprintf.o)
                0x000000000800bf7c                _svfiprintf_r
                0x000000000800bf7c                _svfprintf_r
 .text._printf_common
                0x000000000800c17c       0xda c:/st/stm32cubeide_1.8.0/stm32cubeide/plugins/com.st.stm32cube.ide.mcu.externaltools.gnu-tools-for-stm32.9-2020-q2-update.win32_2.0.0.202105311346/tools/bin/../lib/gcc/arm-none-eabi/9.3.1/../../../../arm-none-eabi/lib/thumb/v7e-m+fp/hard\libc_nano.a(lib_a-nano-vfprintf_i.o)
                0x000000000800c17c                _printf_common
 *fill*         0x000000000800c256        0x2 
 .text._printf_i
                0x000000000800c258      0x24c c:/st/stm32cubeide_1.8.0/stm32cubeide/plugins/com.st.stm32cube.ide.mcu.externaltools.gnu-tools-for-stm32.9-2020-q2-update.win32_2.0.0.202105311346/tools/bin/../lib/gcc/arm-none-eabi/9.3.1/../../../../arm-none-eabi/lib/thumb/v7e-m+fp/hard\libc_nano.a(lib_a-nano-vfprintf_i.o)
                0x000000000800c258                _printf_i
 .text.memcpy   0x000000000800c4a4       0x1c c:/st/stm32cubeide_1.8.0/stm32cubeide/plugins/com.st.stm32cube.ide.mcu.externaltools.gnu-tools-for-stm32.9-2020-q2-update.win32_2.0.0.202105311346/tools/bin/../lib/gcc/arm-none-eabi/9.3.1/../../../../arm-none-eabi/lib/thumb/v7e-m+fp/hard\libc_nano.a(lib_a-memcpy-stub.o)
                0x000000000800c4a4                memcpy
 .text.memmove  0x000000000800c4c0       0x34 c:/st/stm32cubeide_1.8.0/stm32cubeide/plugins/com.st.stm32cube.ide.mcu.externaltools.gnu-tools-for-stm32.9-2020-q2-update.win32_2.0.0.202105311346/tools/bin/../lib/gcc/arm-none-eabi/9.3.1/../../../../arm-none-eabi/lib/thumb/v7e-m+fp/hard\libc_nano.a(lib_a-memmove.o)
                0x000000000800c4c0                memmove
 .text._free_r  0x000000000800c4f4       0xa0 c:/st/stm32cubeide_1.8.0/stm32cubeide/plugins/com.st.stm32cube.ide.mcu.externaltools.gnu-tools-for-stm32.9-2020-q2-update.win32_2.0.0.202105311346/tools/bin/../lib/gcc/arm-none-eabi/9.3.1/../../../../arm-none-eabi/lib/thumb/v7e-m+fp/hard\libc_nano.a(lib_a-nano-freer.o)
                0x000000000800c4f4                _free_r
 .text._malloc_r
                0x000000000800c594       0xb4 c:/st/stm32cubeide_1.8.0/stm32cubeide/plugins/com.st.stm32cube.ide.mcu.externaltools.gnu-tools-for-stm32.9-2020-q2-update.win32_2.0.0.202105311346/tools/bin/../lib/gcc/arm-none-eabi/9.3.1/../../../../arm-none-eabi/lib/thumb/v7e-m+fp/hard\libc_nano.a(lib_a-nano-mallocr.o)
                0x000000000800c594                _malloc_r
 .text._realloc_r
                0x000000000800c648       0x4c c:/st/stm32cubeide_1.8.0/stm32cubeide/plugins/com.st.stm32cube.ide.mcu.externaltools.gnu-tools-for-stm32.9-2020-q2-update.win32_2.0.0.202105311346/tools/bin/../lib/gcc/arm-none-eabi/9.3.1/../../../../arm-none-eabi/lib/thumb/v7e-m+fp/hard\libc_nano.a(lib_a-nano-reallocr.o)
                0x000000000800c648                _realloc_r
 .text._sbrk_r  0x000000000800c694       0x20 c:/st/stm32cubeide_1.8.0/stm32cubeide/plugins/com.st.stm32cube.ide.mcu.externaltools.gnu-tools-for-stm32.9-2020-q2-update.win32_2.0.0.202105311346/tools/bin/../lib/gcc/arm-none-eabi/9.3.1/../../../../arm-none-eabi/lib/thumb/v7e-m+fp/hard\libc_nano.a(lib_a-sbrkr.o)
                0x000000000800c694                _sbrk_r
 .text.__malloc_lock
                0x000000000800c6b4        0xc c:/st/stm32cubeide_1.8.0/stm32cubeide/plugins/com.st.stm32cube.ide.mcu.externaltools.gnu-tools-for-stm32.9-2020-q2-update.win32_2.0.0.202105311346/tools/bin/../lib/gcc/arm-none-eabi/9.3.1/../../../../arm-none-eabi/lib/thumb/v7e-m+fp/hard\libc_nano.a(lib_a-mlock.o)
                0x000000000800c6b4                __malloc_lock
 .text.__malloc_unlock
                0x000000000800c6c0        0xc c:/st/stm32cubeide_1.8.0/stm32cubeide/plugins/com.st.stm32cube.ide.mcu.externaltools.gnu-tools-for-stm32.9-2020-q2-update.win32_2.0.0.202105311346/tools/bin/../lib/gcc/arm-none-eabi/9.3.1/../../../../arm-none-eabi/lib/thumb/v7e-m+fp/hard\libc_nano.a(lib_a-mlock.o)
                0x000000000800c6c0                __malloc_unlock
 .text._malloc_usable_size_r
                0x000000000800c6cc       0x10 c:/st/stm32cubeide_1.8.0/stm32cubeide/plugins/com.st.stm32cube.ide.mcu.externaltools.gnu-tools-for-stm32.9-2020-q2-update.win32_2.0.0.202105311346/tools/bin/../lib/gcc/arm-none-eabi/9.3.1/../../../../arm-none-eabi/lib/thumb/v7e-m+fp/hard\libc_nano.a(lib_a-nano-msizer.o)
                0x000000000800c6cc                _malloc_usable_size_r
 .text.__retarget_lock_acquire_recursive
                0x000000000800c6dc        0x2 c:/st/stm32cubeide_1.8.0/stm32cubeide/plugins/com.st.stm32cube.ide.mcu.externaltools.gnu-tools-for-stm32.9-2020-q2-update.win32_2.0.0.202105311346/tools/bin/../lib/gcc/arm-none-eabi/9.3.1/../../../../arm-none-eabi/lib/thumb/v7e-m+fp/hard\libc_nano.a(lib_a-lock.o)
                0x000000000800c6dc                __retarget_lock_acquire_recursive
 .text.__retarget_lock_release_recursive
                0x000000000800c6de        0x2 c:/st/stm32cubeide_1.8.0/stm32cubeide/plugins/com.st.stm32cube.ide.mcu.externaltools.gnu-tools-for-stm32.9-2020-q2-update.win32_2.0.0.202105311346/tools/bin/../lib/gcc/arm-none-eabi/9.3.1/../../../../arm-none-eabi/lib/thumb/v7e-m+fp/hard\libc_nano.a(lib_a-lock.o)
                0x000000000800c6de                __retarget_lock_release_recursive
 *(.glue_7)
 .glue_7        0x000000000800c6e0        0x0 linker stubs
 *(.glue_7t)
 .glue_7t       0x000000000800c6e0        0x0 linker stubs
 *(.eh_frame)
 .eh_frame      0x000000000800c6e0        0x0 c:/st/stm32cubeide_1.8.0/stm32cubeide/plugins/com.st.stm32cube.ide.mcu.externaltools.gnu-tools-for-stm32.9-2020-q2-update.win32_2.0.0.202105311346/tools/bin/../lib/gcc/arm-none-eabi/9.3.1/thumb/v7e-m+fp/hard/crtbegin.o
 *(.init)
 .init          0x000000000800c6e0        0x4 c:/st/stm32cubeide_1.8.0/stm32cubeide/plugins/com.st.stm32cube.ide.mcu.externaltools.gnu-tools-for-stm32.9-2020-q2-update.win32_2.0.0.202105311346/tools/bin/../lib/gcc/arm-none-eabi/9.3.1/thumb/v7e-m+fp/hard/crti.o
                0x000000000800c6e0                _init
 .init          0x000000000800c6e4        0x8 c:/st/stm32cubeide_1.8.0/stm32cubeide/plugins/com.st.stm32cube.ide.mcu.externaltools.gnu-tools-for-stm32.9-2020-q2-update.win32_2.0.0.202105311346/tools/bin/../lib/gcc/arm-none-eabi/9.3.1/thumb/v7e-m+fp/hard/crtn.o
 *(.fini)
 .fini          0x000000000800c6ec        0x4 c:/st/stm32cubeide_1.8.0/stm32cubeide/plugins/com.st.stm32cube.ide.mcu.externaltools.gnu-tools-for-stm32.9-2020-q2-update.win32_2.0.0.202105311346/tools/bin/../lib/gcc/arm-none-eabi/9.3.1/thumb/v7e-m+fp/hard/crti.o
                0x000000000800c6ec                _fini
 .fini          0x000000000800c6f0        0x8 c:/st/stm32cubeide_1.8.0/stm32cubeide/plugins/com.st.stm32cube.ide.mcu.externaltools.gnu-tools-for-stm32.9-2020-q2-update.win32_2.0.0.202105311346/tools/bin/../lib/gcc/arm-none-eabi/9.3.1/thumb/v7e-m+fp/hard/crtn.o
                0x000000000800c6f8                . = ALIGN (0x4)
                0x000000000800c6f8                _etext = .

.vfp11_veneer   0x000000000800c6f8        0x0
 .vfp11_veneer  0x000000000800c6f8        0x0 linker stubs

.v4_bx          0x000000000800c6f8        0x0
 .v4_bx         0x000000000800c6f8        0x0 linker stubs

.iplt           0x000000000800c6f8        0x0
 .iplt          0x000000000800c6f8        0x0 c:/st/stm32cubeide_1.8.0/stm32cubeide/plugins/com.st.stm32cube.ide.mcu.externaltools.gnu-tools-for-stm32.9-2020-q2-update.win32_2.0.0.202105311346/tools/bin/../lib/gcc/arm-none-eabi/9.3.1/thumb/v7e-m+fp/hard/crtbegin.o

.rodata         0x000000000800c6f8    0x29b98
                0x000000000800c6f8                . = ALIGN (0x4)
 *(.rodata)
 .rodata        0x000000000800c6f8      0x12d ./Core/Src/main.o
 *fill*         0x000000000800c825        0x3 
 .rodata        0x000000000800c828        0x3 ./Core/Src/tft.o
 *fill*         0x000000000800c82b        0x1 
 .rodata        0x000000000800c82c       0x48 ./Middlewares/Third_Party/FatFs/src/ff.o
 *(.rodata*)
 .rodata.Andre_320x240
                0x000000000800c874    0x25800 ./Core/Src/Andre.o
                0x000000000800c874                Andre_320x240
 .rodata.FreeMonoBold12pt7bBitmaps
                0x0000000008032074      0x6c2 ./Core/Src/fonts.o
                0x0000000008032074                FreeMonoBold12pt7bBitmaps
 *fill*         0x0000000008032736        0x2 
 .rodata.FreeMonoBold12pt7bGlyphs
                0x0000000008032738      0x2f8 ./Core/Src/fonts.o
                0x0000000008032738                FreeMonoBold12pt7bGlyphs
 .rodata.mono12x7bold
                0x0000000008032a30        0xc ./Core/Src/fonts.o
                0x0000000008032a30                mono12x7bold
 .rodata.fosforo_95x63
                0x0000000008032a3c     0x2ec2 ./Core/Src/fosforo.o
                0x0000000008032a3c                fosforo_95x63
 *fill*         0x00000000080358fe        0x2 
 .rodata.AHBPrescTable
                0x0000000008035900       0x10 ./Core/Src/system_stm32f4xx.o
                0x0000000008035900                AHBPrescTable
 .rodata.APBPrescTable
                0x0000000008035910        0x8 ./Core/Src/system_stm32f4xx.o
                0x0000000008035910                APBPrescTable
 .rodata.R61511_regValues.9704
                0x0000000008035918        0x3 ./Core/Src/tft.o
 *fill*         0x000000000803591b        0x1 
 .rodata.R61520_regValues.9707
                0x000000000803591c        0x6 ./Core/Src/tft.o
 *fill*         0x0000000008035922        0x2 
 .rodata.R61526_regValues.9709
                0x0000000008035924        0xc ./Core/Src/tft.o
 .rodata.NT35310_regValues.9711
                0x0000000008035930        0x2 ./Core/Src/tft.o
 *fill*         0x0000000008035932        0x2 
 .rodata.ST7789_regValues.9713
                0x0000000008035934       0x41 ./Core/Src/tft.o
 *fill*         0x0000000008035975        0x3 
 .rodata.FK8031_regValues.9716
                0x0000000008035978       0x12 ./Core/Src/tft.o
 *fill*         0x000000000803598a        0x2 
 .rodata.HX8357C_regValues.9720
                0x000000000803598c        0x2 ./Core/Src/tft.o
 *fill*         0x000000000803598e        0x2 
 .rodata.HX8357_99_regValues.9722
                0x0000000008035990       0x1d ./Core/Src/tft.o
 *fill*         0x00000000080359ad        0x3 
 .rodata.ILI9320_regValues.9728
                0x00000000080359b0       0xd8 ./Core/Src/tft.o
 .rodata.ILI9325_regValues.9735
                0x0000000008035a88       0xcc ./Core/Src/tft.o
 .rodata.ILI9327_regValues.9737
                0x0000000008035b54       0x1e ./Core/Src/tft.o
 *fill*         0x0000000008035b72        0x2 
 .rodata.XX1602_regValues.9739
                0x0000000008035b74        0x6 ./Core/Src/tft.o
 *fill*         0x0000000008035b7a        0x2 
 .rodata.ILI9329_regValues.9746
                0x0000000008035b7c        0x3 ./Core/Src/tft.o
 *fill*         0x0000000008035b7f        0x1 
 .rodata.ILI9341_regValues_2_4.9750
                0x0000000008035b80       0x65 ./Core/Src/tft.o
 *fill*         0x0000000008035be5        0x3 
 .rodata.ILI9481_regValues.9755
                0x0000000008035be8       0x45 ./Core/Src/tft.o
 *fill*         0x0000000008035c2d        0x3 
 .rodata.ILI9486_regValues.9762
                0x0000000008035c30       0x3b ./Core/Src/tft.o
 *fill*         0x0000000008035c6b        0x1 
 .rodata.ILI9488_regValues_max.9767
                0x0000000008035c6c       0x2b ./Core/Src/tft.o
 *fill*         0x0000000008035c97        0x1 
 .rodata.R61505V_regValues.9770
                0x0000000008035c98       0xb0 ./Core/Src/tft.o
 .rodata.R61509V_regValues.9773
                0x0000000008035d48       0xc0 ./Core/Src/tft.o
 .rodata.reset_off.9775
                0x0000000008035e08        0x9 ./Core/Src/tft.o
 *fill*         0x0000000008035e11        0x3 
 .rodata.wake_on.9776
                0x0000000008035e14        0x6 ./Core/Src/tft.o
 *fill*         0x0000000008035e1a        0x2 
 .rodata.ExCvt  0x0000000008035e1c       0x80 ./Middlewares/Third_Party/FatFs/src/ff.o
 .rodata.LfnOfs
                0x0000000008035e9c        0xd ./Middlewares/Third_Party/FatFs/src/ff.o
 *fill*         0x0000000008035ea9        0x3 
 .rodata.Tbl    0x0000000008035eac      0x100 ./Middlewares/Third_Party/FatFs/src/option/ccsbcs.o
 .rodata.cvt1.9223
                0x0000000008035fac      0x1f2 ./Middlewares/Third_Party/FatFs/src/option/ccsbcs.o
 *fill*         0x000000000803619e        0x2 
 .rodata.cvt2.9224
                0x00000000080361a0       0xbc ./Middlewares/Third_Party/FatFs/src/option/ccsbcs.o
 .rodata._svfprintf_r.str1.1
                0x000000000803625c       0x11 c:/st/stm32cubeide_1.8.0/stm32cubeide/plugins/com.st.stm32cube.ide.mcu.externaltools.gnu-tools-for-stm32.9-2020-q2-update.win32_2.0.0.202105311346/tools/bin/../lib/gcc/arm-none-eabi/9.3.1/../../../../arm-none-eabi/lib/thumb/v7e-m+fp/hard\libc_nano.a(lib_a-nano-svfprintf.o)
 .rodata._printf_i.str1.1
                0x000000000803626d       0x22 c:/st/stm32cubeide_1.8.0/stm32cubeide/plugins/com.st.stm32cube.ide.mcu.externaltools.gnu-tools-for-stm32.9-2020-q2-update.win32_2.0.0.202105311346/tools/bin/../lib/gcc/arm-none-eabi/9.3.1/../../../../arm-none-eabi/lib/thumb/v7e-m+fp/hard\libc_nano.a(lib_a-nano-vfprintf_i.o)
                0x0000000008036290                . = ALIGN (0x4)
 *fill*         0x000000000803628f        0x1 

.ARM.extab      0x0000000008036290        0x0
                0x0000000008036290                . = ALIGN (0x4)
 *(.ARM.extab* .gnu.linkonce.armextab.*)
                0x0000000008036290                . = ALIGN (0x4)

.ARM            0x0000000008036290        0x8
                0x0000000008036290                . = ALIGN (0x4)
                0x0000000008036290                __exidx_start = .
 *(.ARM.exidx*)
 .ARM.exidx     0x0000000008036290        0x8 c:/st/stm32cubeide_1.8.0/stm32cubeide/plugins/com.st.stm32cube.ide.mcu.externaltools.gnu-tools-for-stm32.9-2020-q2-update.win32_2.0.0.202105311346/tools/bin/../lib/gcc/arm-none-eabi/9.3.1/thumb/v7e-m+fp/hard\libgcc.a(_udivmoddi4.o)
                0x0000000008036298                __exidx_end = .
                0x0000000008036298                . = ALIGN (0x4)

.rel.dyn        0x0000000008036298        0x0
 .rel.iplt      0x0000000008036298        0x0 c:/st/stm32cubeide_1.8.0/stm32cubeide/plugins/com.st.stm32cube.ide.mcu.externaltools.gnu-tools-for-stm32.9-2020-q2-update.win32_2.0.0.202105311346/tools/bin/../lib/gcc/arm-none-eabi/9.3.1/thumb/v7e-m+fp/hard/crtbegin.o

.preinit_array  0x0000000008036298        0x0
                0x0000000008036298                . = ALIGN (0x4)
                0x0000000008036298                PROVIDE (__preinit_array_start = .)
 *(.preinit_array*)
                0x0000000008036298                PROVIDE (__preinit_array_end = .)
                0x0000000008036298                . = ALIGN (0x4)

.init_array     0x0000000008036298        0x4
                0x0000000008036298                . = ALIGN (0x4)
                0x0000000008036298                PROVIDE (__init_array_start = .)
 *(SORT_BY_NAME(.init_array.*))
 *(.init_array*)
 .init_array    0x0000000008036298        0x4 c:/st/stm32cubeide_1.8.0/stm32cubeide/plugins/com.st.stm32cube.ide.mcu.externaltools.gnu-tools-for-stm32.9-2020-q2-update.win32_2.0.0.202105311346/tools/bin/../lib/gcc/arm-none-eabi/9.3.1/thumb/v7e-m+fp/hard/crtbegin.o
                0x000000000803629c                PROVIDE (__init_array_end = .)
                0x000000000803629c                . = ALIGN (0x4)

.fini_array     0x000000000803629c        0x4
                0x000000000803629c                . = ALIGN (0x4)
                [!provide]                        PROVIDE (__fini_array_start = .)
 *(SORT_BY_NAME(.fini_array.*))
 *(.fini_array*)
 .fini_array    0x000000000803629c        0x4 c:/st/stm32cubeide_1.8.0/stm32cubeide/plugins/com.st.stm32cube.ide.mcu.externaltools.gnu-tools-for-stm32.9-2020-q2-update.win32_2.0.0.202105311346/tools/bin/../lib/gcc/arm-none-eabi/9.3.1/thumb/v7e-m+fp/hard/crtbegin.o
                [!provide]                        PROVIDE (__fini_array_end = .)
                0x00000000080362a0                . = ALIGN (0x4)
                0x00000000080362a0                _sidata = LOADADDR (.data)

.data           0x0000000020000000       0x94 load address 0x00000000080362a0
                0x0000000020000000                . = ALIGN (0x4)
                0x0000000020000000                _sdata = .
 *(.data)
 *(.data*)
 .data.Stat     0x0000000020000000        0x1 ./Core/Src/fatfs_sd.o
 *fill*         0x0000000020000001        0x3 
 .data.SystemCoreClock
                0x0000000020000004        0x4 ./Core/Src/system_stm32f4xx.o
                0x0000000020000004                SystemCoreClock
 .data._width   0x0000000020000008        0x2 ./Core/Src/tft.o
                0x0000000020000008                _width
 .data._height  0x000000002000000a        0x2 ./Core/Src/tft.o
                0x000000002000000a                _height
 .data.textsize
                0x000000002000000c        0x1 ./Core/Src/tft.o
                0x000000002000000c                textsize
 *fill*         0x000000002000000d        0x1 
 .data.textcolor
                0x000000002000000e        0x2 ./Core/Src/tft.o
                0x000000002000000e                textcolor
 .data.textbgcolor
                0x0000000020000010        0x2 ./Core/Src/tft.o
                0x0000000020000010                textbgcolor
 .data.wrap     0x0000000020000012        0x1 ./Core/Src/tft.o
                0x0000000020000012                wrap
 *fill*         0x0000000020000013        0x1 
 .data.uwTickPrio
                0x0000000020000014        0x4 ./Drivers/STM32F4xx_HAL_Driver/Src/stm32f4xx_hal.o
                0x0000000020000014                uwTickPrio
 .data.uwTickFreq
                0x0000000020000018        0x1 ./Drivers/STM32F4xx_HAL_Driver/Src/stm32f4xx_hal.o
                0x0000000020000018                uwTickFreq
 .data.Stat     0x0000000020000019        0x1 ./FATFS/Target/user_diskio.o
 *fill*         0x000000002000001a        0x2 
 .data.USER_Driver
                0x000000002000001c       0x14 ./FATFS/Target/user_diskio.o
                0x000000002000001c                USER_Driver
 .data._impure_ptr
                0x0000000020000030        0x4 c:/st/stm32cubeide_1.8.0/stm32cubeide/plugins/com.st.stm32cube.ide.mcu.externaltools.gnu-tools-for-stm32.9-2020-q2-update.win32_2.0.0.202105311346/tools/bin/../lib/gcc/arm-none-eabi/9.3.1/../../../../arm-none-eabi/lib/thumb/v7e-m+fp/hard\libc_nano.a(lib_a-impure.o)
                0x0000000020000030                _impure_ptr
 .data.impure_data
                0x0000000020000034       0x60 c:/st/stm32cubeide_1.8.0/stm32cubeide/plugins/com.st.stm32cube.ide.mcu.externaltools.gnu-tools-for-stm32.9-2020-q2-update.win32_2.0.0.202105311346/tools/bin/../lib/gcc/arm-none-eabi/9.3.1/../../../../arm-none-eabi/lib/thumb/v7e-m+fp/hard\libc_nano.a(lib_a-impure.o)
 *(.RamFunc)
 *(.RamFunc*)
                0x0000000020000094                . = ALIGN (0x4)
                0x0000000020000094                _edata = .

.igot.plt       0x0000000020000094        0x0 load address 0x0000000008036334
 .igot.plt      0x0000000020000094        0x0 c:/st/stm32cubeide_1.8.0/stm32cubeide/plugins/com.st.stm32cube.ide.mcu.externaltools.gnu-tools-for-stm32.9-2020-q2-update.win32_2.0.0.202105311346/tools/bin/../lib/gcc/arm-none-eabi/9.3.1/thumb/v7e-m+fp/hard/crtbegin.o
                0x0000000020000094                . = ALIGN (0x4)

.bss            0x0000000020000094     0x74dc load address 0x0000000008036334
                0x0000000020000094                _sbss = .
                0x0000000020000094                __bss_start__ = _sbss
 *(.bss)
 .bss           0x0000000020000094       0x1c c:/st/stm32cubeide_1.8.0/stm32cubeide/plugins/com.st.stm32cube.ide.mcu.externaltools.gnu-tools-for-stm32.9-2020-q2-update.win32_2.0.0.202105311346/tools/bin/../lib/gcc/arm-none-eabi/9.3.1/thumb/v7e-m+fp/hard/crtbegin.o
 *(.bss*)
 .bss.CardType  0x00000000200000b0        0x1 ./Core/Src/fatfs_sd.o
 .bss.PowerFlag
                0x00000000200000b1        0x1 ./Core/Src/fatfs_sd.o
 .bss.ID        0x00000000200000b2        0x2 ./Core/Src/main.o
                0x00000000200000b2                ID
 .bss.FatFsCnt  0x00000000200000b4        0x1 ./Core/Src/stm32f4xx_it.o
                0x00000000200000b4                FatFsCnt
 *fill*         0x00000000200000b5        0x3 
 .bss.__sbrk_heap_end
                0x00000000200000b8        0x4 ./Core/Src/sysmem.o
 .bss.done_reset
                0x00000000200000bc        0x1 ./Core/Src/tft.o
 .bss.is8347    0x00000000200000bd        0x1 ./Core/Src/tft.o
 .bss.is555     0x00000000200000be        0x1 ./Core/Src/tft.o
 .bss.is9797    0x00000000200000bf        0x1 ./Core/Src/tft.o
 .bss.cursor_y  0x00000000200000c0        0x1 ./Core/Src/tft.o
                0x00000000200000c0                cursor_y
 .bss.cursor_x  0x00000000200000c1        0x1 ./Core/Src/tft.o
                0x00000000200000c1                cursor_x
 .bss.rotation  0x00000000200000c2        0x1 ./Core/Src/tft.o
                0x00000000200000c2                rotation
 *fill*         0x00000000200000c3        0x1 
 .bss.FatFs     0x00000000200000c4        0x4 ./Middlewares/Third_Party/FatFs/src/ff.o
 .bss.Fsid      0x00000000200000c8        0x2 ./Middlewares/Third_Party/FatFs/src/ff.o
 *fill*         0x00000000200000ca        0x2 
 .bss.Files     0x00000000200000cc       0x20 ./Middlewares/Third_Party/FatFs/src/ff.o
 .bss.LfnBuf    0x00000000200000ec      0x200 ./Middlewares/Third_Party/FatFs/src/ff.o
 .bss.disk      0x00000000200002ec        0xc ./Middlewares/Third_Party/FatFs/src/ff_gen_drv.o
                0x00000000200002ec                disk
 .bss.__malloc_free_list
                0x00000000200002f8        0x4 c:/st/stm32cubeide_1.8.0/stm32cubeide/plugins/com.st.stm32cube.ide.mcu.externaltools.gnu-tools-for-stm32.9-2020-q2-update.win32_2.0.0.202105311346/tools/bin/../lib/gcc/arm-none-eabi/9.3.1/../../../../arm-none-eabi/lib/thumb/v7e-m+fp/hard\libc_nano.a(lib_a-nano-mallocr.o)
                0x00000000200002f8                __malloc_free_list
 .bss.__malloc_sbrk_start
                0x00000000200002fc        0x4 c:/st/stm32cubeide_1.8.0/stm32cubeide/plugins/com.st.stm32cube.ide.mcu.externaltools.gnu-tools-for-stm32.9-2020-q2-update.win32_2.0.0.202105311346/tools/bin/../lib/gcc/arm-none-eabi/9.3.1/../../../../arm-none-eabi/lib/thumb/v7e-m+fp/hard\libc_nano.a(lib_a-nano-mallocr.o)
                0x00000000200002fc                __malloc_sbrk_start
 *(COMMON)
 COMMON         0x0000000020000300        0x4 ./Core/Src/fonts.o
                0x0000000020000300                gfxFont
 COMMON         0x0000000020000304     0x51ca ./Core/Src/main.o
                0x0000000020000304                fdst
                0x0000000020001334                br
                0x0000000020001338                fsrc
                0x0000000020002368                buffer
                0x0000000020003368                fs0
                0x00000000200043a0                htim1
                0x00000000200043e8                bw
                0x00000000200043ec                fr
                0x00000000200043f0                fs1
                0x0000000020005428                hspi1
                0x0000000020005480                huart2
                0x00000000200054c4                codigoID
 COMMON         0x00000000200054ce        0x2 ./Core/Src/stm32f4xx_it.o
                0x00000000200054ce                Timer2
                0x00000000200054cf                Timer1
 COMMON         0x00000000200054d0       0x1a ./Core/Src/tft.o
                0x00000000200054d0                _lcd_drivOut
                0x00000000200054d2                _MW
                0x00000000200054d4                _lcd_capable
                0x00000000200054d6                _SP
                0x00000000200054d8                _lcd_rev
                0x00000000200054da                _MP
                0x00000000200054dc                _MC
                0x00000000200054de                _SC
                0x00000000200054e0                _EP
                0x00000000200054e2                _lcd_ID
                0x00000000200054e4                _lcd_xor
                0x00000000200054e6                _EC
                0x00000000200054e8                _lcd_madctl
 *fill*         0x00000000200054ea        0x2 
 COMMON         0x00000000200054ec        0x4 ./Drivers/STM32F4xx_HAL_Driver/Src/stm32f4xx_hal.o
                0x00000000200054ec                uwTick
 COMMON         0x00000000200054f0     0x2070 ./FATFS/App/fatfs.o
                0x00000000200054f0                USERPath
                0x00000000200054f4                retUSER
                0x00000000200054f8                USERFile
                0x0000000020006528                USERFatFS
 COMMON         0x0000000020007560        0x4 c:/st/stm32cubeide_1.8.0/stm32cubeide/plugins/com.st.stm32cube.ide.mcu.externaltools.gnu-tools-for-stm32.9-2020-q2-update.win32_2.0.0.202105311346/tools/bin/../lib/gcc/arm-none-eabi/9.3.1/../../../../arm-none-eabi/lib/thumb/v7e-m+fp/hard\libc_nano.a(lib_a-reent.o)
                0x0000000020007560                errno
 COMMON         0x0000000020007564        0x9 c:/st/stm32cubeide_1.8.0/stm32cubeide/plugins/com.st.stm32cube.ide.mcu.externaltools.gnu-tools-for-stm32.9-2020-q2-update.win32_2.0.0.202105311346/tools/bin/../lib/gcc/arm-none-eabi/9.3.1/../../../../arm-none-eabi/lib/thumb/v7e-m+fp/hard\libc_nano.a(lib_a-lock.o)
                0x0000000020007564                __lock___atexit_recursive_mutex
                0x0000000020007565                __lock___arc4random_mutex
                0x0000000020007566                __lock___env_recursive_mutex
                0x0000000020007567                __lock___sinit_recursive_mutex
                0x0000000020007568                __lock___malloc_recursive_mutex
                0x0000000020007569                __lock___at_quick_exit_mutex
                0x000000002000756a                __lock___dd_hash_mutex
                0x000000002000756b                __lock___tz_mutex
                0x000000002000756c                __lock___sfp_recursive_mutex
                0x0000000020007570                . = ALIGN (0x4)
 *fill*         0x000000002000756d        0x3 
                0x0000000020007570                _ebss = .
                0x0000000020007570                __bss_end__ = _ebss

._user_heap_stack
                0x0000000020007570      0x600 load address 0x0000000008036334
                0x0000000020007570                . = ALIGN (0x8)
                [!provide]                        PROVIDE (end = .)
                0x0000000020007570                PROVIDE (_end = .)
                0x0000000020007770                . = (. + _Min_Heap_Size)
 *fill*         0x0000000020007570      0x200 
                0x0000000020007b70                . = (. + _Min_Stack_Size)
 *fill*         0x0000000020007770      0x400 
                0x0000000020007b70                . = ALIGN (0x8)

/DISCARD/
 libc.a(*)
 libm.a(*)
 libgcc.a(*)

.ARM.attributes
                0x0000000000000000       0x30
 *(.ARM.attributes)
 .ARM.attributes
                0x0000000000000000       0x1e c:/st/stm32cubeide_1.8.0/stm32cubeide/plugins/com.st.stm32cube.ide.mcu.externaltools.gnu-tools-for-stm32.9-2020-q2-update.win32_2.0.0.202105311346/tools/bin/../lib/gcc/arm-none-eabi/9.3.1/thumb/v7e-m+fp/hard/crti.o
 .ARM.attributes
                0x000000000000001e       0x34 c:/st/stm32cubeide_1.8.0/stm32cubeide/plugins/com.st.stm32cube.ide.mcu.externaltools.gnu-tools-for-stm32.9-2020-q2-update.win32_2.0.0.202105311346/tools/bin/../lib/gcc/arm-none-eabi/9.3.1/thumb/v7e-m+fp/hard/crtbegin.o
 .ARM.attributes
                0x0000000000000052       0x39 ./Core/Src/Andre.o
 .ARM.attributes
                0x000000000000008b       0x34 ./Core/Src/fatfs_sd.o
 .ARM.attributes
                0x00000000000000bf       0x39 ./Core/Src/fonts.o
 .ARM.attributes
                0x00000000000000f8       0x39 ./Core/Src/fosforo.o
 .ARM.attributes
                0x0000000000000131       0x34 ./Core/Src/main.o
 .ARM.attributes
                0x0000000000000165       0x34 ./Core/Src/stm32f4xx_hal_msp.o
 .ARM.attributes
                0x0000000000000199       0x34 ./Core/Src/stm32f4xx_it.o
 .ARM.attributes
                0x00000000000001cd       0x34 ./Core/Src/sysmem.o
 .ARM.attributes
                0x0000000000000201       0x34 ./Core/Src/system_stm32f4xx.o
 .ARM.attributes
                0x0000000000000235       0x34 ./Core/Src/tft.o
 .ARM.attributes
                0x0000000000000269       0x21 ./Core/Startup/startup_stm32f446retx.o
 .ARM.attributes
                0x000000000000028a       0x34 ./Drivers/STM32F4xx_HAL_Driver/Src/stm32f4xx_hal.o
 .ARM.attributes
                0x00000000000002be       0x34 ./Drivers/STM32F4xx_HAL_Driver/Src/stm32f4xx_hal_cortex.o
 .ARM.attributes
                0x00000000000002f2       0x34 ./Drivers/STM32F4xx_HAL_Driver/Src/stm32f4xx_hal_gpio.o
 .ARM.attributes
                0x0000000000000326       0x34 ./Drivers/STM32F4xx_HAL_Driver/Src/stm32f4xx_hal_rcc.o
 .ARM.attributes
                0x000000000000035a       0x34 ./Drivers/STM32F4xx_HAL_Driver/Src/stm32f4xx_hal_rcc_ex.o
 .ARM.attributes
                0x000000000000038e       0x34 ./Drivers/STM32F4xx_HAL_Driver/Src/stm32f4xx_hal_spi.o
 .ARM.attributes
                0x00000000000003c2       0x34 ./Drivers/STM32F4xx_HAL_Driver/Src/stm32f4xx_hal_tim.o
 .ARM.attributes
                0x00000000000003f6       0x34 ./Drivers/STM32F4xx_HAL_Driver/Src/stm32f4xx_hal_tim_ex.o
 .ARM.attributes
                0x000000000000042a       0x34 ./Drivers/STM32F4xx_HAL_Driver/Src/stm32f4xx_hal_uart.o
 .ARM.attributes
                0x000000000000045e       0x34 ./FATFS/App/fatfs.o
 .ARM.attributes
                0x0000000000000492       0x34 ./FATFS/Target/user_diskio.o
 .ARM.attributes
                0x00000000000004c6       0x34 ./Middlewares/Third_Party/FatFs/src/diskio.o
 .ARM.attributes
                0x00000000000004fa       0x34 ./Middlewares/Third_Party/FatFs/src/ff.o
 .ARM.attributes
                0x000000000000052e       0x34 ./Middlewares/Third_Party/FatFs/src/ff_gen_drv.o
 .ARM.attributes
                0x0000000000000562       0x34 ./Middlewares/Third_Party/FatFs/src/option/ccsbcs.o
 .ARM.attributes
                0x0000000000000596       0x34 c:/st/stm32cubeide_1.8.0/stm32cubeide/plugins/com.st.stm32cube.ide.mcu.externaltools.gnu-tools-for-stm32.9-2020-q2-update.win32_2.0.0.202105311346/tools/bin/../lib/gcc/arm-none-eabi/9.3.1/../../../../arm-none-eabi/lib/thumb/v7e-m+fp/hard\libc_nano.a(lib_a-errno.o)
 .ARM.attributes
                0x00000000000005ca       0x32 c:/st/stm32cubeide_1.8.0/stm32cubeide/plugins/com.st.stm32cube.ide.mcu.externaltools.gnu-tools-for-stm32.9-2020-q2-update.win32_2.0.0.202105311346/tools/bin/../lib/gcc/arm-none-eabi/9.3.1/../../../../arm-none-eabi/lib/thumb/v7e-m+fp/hard\libc_nano.a(lib_a-impure.o)
 .ARM.attributes
                0x00000000000005fc       0x34 c:/st/stm32cubeide_1.8.0/stm32cubeide/plugins/com.st.stm32cube.ide.mcu.externaltools.gnu-tools-for-stm32.9-2020-q2-update.win32_2.0.0.202105311346/tools/bin/../lib/gcc/arm-none-eabi/9.3.1/../../../../arm-none-eabi/lib/thumb/v7e-m+fp/hard\libc_nano.a(lib_a-init.o)
 .ARM.attributes
                0x0000000000000630       0x34 c:/st/stm32cubeide_1.8.0/stm32cubeide/plugins/com.st.stm32cube.ide.mcu.externaltools.gnu-tools-for-stm32.9-2020-q2-update.win32_2.0.0.202105311346/tools/bin/../lib/gcc/arm-none-eabi/9.3.1/../../../../arm-none-eabi/lib/thumb/v7e-m+fp/hard\libc_nano.a(lib_a-memset.o)
 .ARM.attributes
                0x0000000000000664       0x34 c:/st/stm32cubeide_1.8.0/stm32cubeide/plugins/com.st.stm32cube.ide.mcu.externaltools.gnu-tools-for-stm32.9-2020-q2-update.win32_2.0.0.202105311346/tools/bin/../lib/gcc/arm-none-eabi/9.3.1/../../../../arm-none-eabi/lib/thumb/v7e-m+fp/hard\libc_nano.a(lib_a-sprintf.o)
 .ARM.attributes
                0x0000000000000698       0x34 c:/st/stm32cubeide_1.8.0/stm32cubeide/plugins/com.st.stm32cube.ide.mcu.externaltools.gnu-tools-for-stm32.9-2020-q2-update.win32_2.0.0.202105311346/tools/bin/../lib/gcc/arm-none-eabi/9.3.1/../../../../arm-none-eabi/lib/thumb/v7e-m+fp/hard\libc_nano.a(lib_a-nano-svfprintf.o)
 .ARM.attributes
                0x00000000000006cc       0x34 c:/st/stm32cubeide_1.8.0/stm32cubeide/plugins/com.st.stm32cube.ide.mcu.externaltools.gnu-tools-for-stm32.9-2020-q2-update.win32_2.0.0.202105311346/tools/bin/../lib/gcc/arm-none-eabi/9.3.1/../../../../arm-none-eabi/lib/thumb/v7e-m+fp/hard\libc_nano.a(lib_a-nano-vfprintf_i.o)
 .ARM.attributes
                0x0000000000000700       0x1c c:/st/stm32cubeide_1.8.0/stm32cubeide/plugins/com.st.stm32cube.ide.mcu.externaltools.gnu-tools-for-stm32.9-2020-q2-update.win32_2.0.0.202105311346/tools/bin/../lib/gcc/arm-none-eabi/9.3.1/../../../../arm-none-eabi/lib/thumb/v7e-m+fp/hard\libc_nano.a(lib_a-memchr.o)
 .ARM.attributes
                0x000000000000071c       0x34 c:/st/stm32cubeide_1.8.0/stm32cubeide/plugins/com.st.stm32cube.ide.mcu.externaltools.gnu-tools-for-stm32.9-2020-q2-update.win32_2.0.0.202105311346/tools/bin/../lib/gcc/arm-none-eabi/9.3.1/../../../../arm-none-eabi/lib/thumb/v7e-m+fp/hard\libc_nano.a(lib_a-memcpy-stub.o)
 .ARM.attributes
                0x0000000000000750       0x34 c:/st/stm32cubeide_1.8.0/stm32cubeide/plugins/com.st.stm32cube.ide.mcu.externaltools.gnu-tools-for-stm32.9-2020-q2-update.win32_2.0.0.202105311346/tools/bin/../lib/gcc/arm-none-eabi/9.3.1/../../../../arm-none-eabi/lib/thumb/v7e-m+fp/hard\libc_nano.a(lib_a-memmove.o)
 .ARM.attributes
                0x0000000000000784       0x34 c:/st/stm32cubeide_1.8.0/stm32cubeide/plugins/com.st.stm32cube.ide.mcu.externaltools.gnu-tools-for-stm32.9-2020-q2-update.win32_2.0.0.202105311346/tools/bin/../lib/gcc/arm-none-eabi/9.3.1/../../../../arm-none-eabi/lib/thumb/v7e-m+fp/hard\libc_nano.a(lib_a-nano-freer.o)
 .ARM.attributes
                0x00000000000007b8       0x34 c:/st/stm32cubeide_1.8.0/stm32cubeide/plugins/com.st.stm32cube.ide.mcu.externaltools.gnu-tools-for-stm32.9-2020-q2-update.win32_2.0.0.202105311346/tools/bin/../lib/gcc/arm-none-eabi/9.3.1/../../../../arm-none-eabi/lib/thumb/v7e-m+fp/hard\libc_nano.a(lib_a-nano-mallocr.o)
 .ARM.attributes
                0x00000000000007ec       0x34 c:/st/stm32cubeide_1.8.0/stm32cubeide/plugins/com.st.stm32cube.ide.mcu.externaltools.gnu-tools-for-stm32.9-2020-q2-update.win32_2.0.0.202105311346/tools/bin/../lib/gcc/arm-none-eabi/9.3.1/../../../../arm-none-eabi/lib/thumb/v7e-m+fp/hard\libc_nano.a(lib_a-nano-reallocr.o)
 .ARM.attributes
                0x0000000000000820       0x34 c:/st/stm32cubeide_1.8.0/stm32cubeide/plugins/com.st.stm32cube.ide.mcu.externaltools.gnu-tools-for-stm32.9-2020-q2-update.win32_2.0.0.202105311346/tools/bin/../lib/gcc/arm-none-eabi/9.3.1/../../../../arm-none-eabi/lib/thumb/v7e-m+fp/hard\libc_nano.a(lib_a-sbrkr.o)
 .ARM.attributes
                0x0000000000000854       0x34 c:/st/stm32cubeide_1.8.0/stm32cubeide/plugins/com.st.stm32cube.ide.mcu.externaltools.gnu-tools-for-stm32.9-2020-q2-update.win32_2.0.0.202105311346/tools/bin/../lib/gcc/arm-none-eabi/9.3.1/../../../../arm-none-eabi/lib/thumb/v7e-m+fp/hard\libc_nano.a(lib_a-mlock.o)
 .ARM.attributes
                0x0000000000000888       0x34 c:/st/stm32cubeide_1.8.0/stm32cubeide/plugins/com.st.stm32cube.ide.mcu.externaltools.gnu-tools-for-stm32.9-2020-q2-update.win32_2.0.0.202105311346/tools/bin/../lib/gcc/arm-none-eabi/9.3.1/../../../../arm-none-eabi/lib/thumb/v7e-m+fp/hard\libc_nano.a(lib_a-nano-msizer.o)
 .ARM.attributes
                0x00000000000008bc       0x34 c:/st/stm32cubeide_1.8.0/stm32cubeide/plugins/com.st.stm32cube.ide.mcu.externaltools.gnu-tools-for-stm32.9-2020-q2-update.win32_2.0.0.202105311346/tools/bin/../lib/gcc/arm-none-eabi/9.3.1/../../../../arm-none-eabi/lib/thumb/v7e-m+fp/hard\libc_nano.a(lib_a-reent.o)
 .ARM.attributes
                0x00000000000008f0       0x34 c:/st/stm32cubeide_1.8.0/stm32cubeide/plugins/com.st.stm32cube.ide.mcu.externaltools.gnu-tools-for-stm32.9-2020-q2-update.win32_2.0.0.202105311346/tools/bin/../lib/gcc/arm-none-eabi/9.3.1/../../../../arm-none-eabi/lib/thumb/v7e-m+fp/hard\libc_nano.a(lib_a-lock.o)
 .ARM.attributes
                0x0000000000000924       0x1e c:/st/stm32cubeide_1.8.0/stm32cubeide/plugins/com.st.stm32cube.ide.mcu.externaltools.gnu-tools-for-stm32.9-2020-q2-update.win32_2.0.0.202105311346/tools/bin/../lib/gcc/arm-none-eabi/9.3.1/thumb/v7e-m+fp/hard\libgcc.a(_aeabi_uldivmod.o)
 .ARM.attributes
                0x0000000000000942       0x34 c:/st/stm32cubeide_1.8.0/stm32cubeide/plugins/com.st.stm32cube.ide.mcu.externaltools.gnu-tools-for-stm32.9-2020-q2-update.win32_2.0.0.202105311346/tools/bin/../lib/gcc/arm-none-eabi/9.3.1/thumb/v7e-m+fp/hard\libgcc.a(_udivmoddi4.o)
 .ARM.attributes
                0x0000000000000976       0x1e c:/st/stm32cubeide_1.8.0/stm32cubeide/plugins/com.st.stm32cube.ide.mcu.externaltools.gnu-tools-for-stm32.9-2020-q2-update.win32_2.0.0.202105311346/tools/bin/../lib/gcc/arm-none-eabi/9.3.1/thumb/v7e-m+fp/hard\libgcc.a(_dvmd_tls.o)
 .ARM.attributes
                0x0000000000000994       0x1e c:/st/stm32cubeide_1.8.0/stm32cubeide/plugins/com.st.stm32cube.ide.mcu.externaltools.gnu-tools-for-stm32.9-2020-q2-update.win32_2.0.0.202105311346/tools/bin/../lib/gcc/arm-none-eabi/9.3.1/thumb/v7e-m+fp/hard/crtn.o
OUTPUT(SD_Card.elf elf32-littlearm)
LOAD linker stubs
LOAD c:/st/stm32cubeide_1.8.0/stm32cubeide/plugins/com.st.stm32cube.ide.mcu.externaltools.gnu-tools-for-stm32.9-2020-q2-update.win32_2.0.0.202105311346/tools/bin/../lib/gcc/arm-none-eabi/9.3.1/../../../../arm-none-eabi/lib/thumb/v7e-m+fp/hard\libc.a
LOAD c:/st/stm32cubeide_1.8.0/stm32cubeide/plugins/com.st.stm32cube.ide.mcu.externaltools.gnu-tools-for-stm32.9-2020-q2-update.win32_2.0.0.202105311346/tools/bin/../lib/gcc/arm-none-eabi/9.3.1/../../../../arm-none-eabi/lib/thumb/v7e-m+fp/hard\libm.a
LOAD c:/st/stm32cubeide_1.8.0/stm32cubeide/plugins/com.st.stm32cube.ide.mcu.externaltools.gnu-tools-for-stm32.9-2020-q2-update.win32_2.0.0.202105311346/tools/bin/../lib/gcc/arm-none-eabi/9.3.1/thumb/v7e-m+fp/hard\libgcc.a

.debug_info     0x0000000000000000    0x1cf8a
 .debug_info    0x0000000000000000       0x5f ./Core/Src/Andre.o
 .debug_info    0x000000000000005f      0xccc ./Core/Src/fatfs_sd.o
 .debug_info    0x0000000000000d2b      0x3c1 ./Core/Src/fonts.o
 .debug_info    0x00000000000010ec       0x5d ./Core/Src/fosforo.o
 .debug_info    0x0000000000001149     0x23cd ./Core/Src/main.o
 .debug_info    0x0000000000003516     0x10fb ./Core/Src/stm32f4xx_hal_msp.o
 .debug_info    0x0000000000004611      0x26f ./Core/Src/stm32f4xx_it.o
 .debug_info    0x0000000000004880      0xa25 ./Core/Src/sysmem.o
 .debug_info    0x00000000000052a5      0x5dc ./Core/Src/system_stm32f4xx.o
 .debug_info    0x0000000000005881     0x425e ./Core/Src/tft.o
 .debug_info    0x0000000000009adf       0x22 ./Core/Startup/startup_stm32f446retx.o
 .debug_info    0x0000000000009b01      0xa08 ./Drivers/STM32F4xx_HAL_Driver/Src/stm32f4xx_hal.o
 .debug_info    0x000000000000a509      0xef5 ./Drivers/STM32F4xx_HAL_Driver/Src/stm32f4xx_hal_cortex.o
 .debug_info    0x000000000000b3fe      0x892 ./Drivers/STM32F4xx_HAL_Driver/Src/stm32f4xx_hal_gpio.o
 .debug_info    0x000000000000bc90      0x9db ./Drivers/STM32F4xx_HAL_Driver/Src/stm32f4xx_hal_rcc.o
 .debug_info    0x000000000000c66b      0xa86 ./Drivers/STM32F4xx_HAL_Driver/Src/stm32f4xx_hal_rcc_ex.o
 .debug_info    0x000000000000d0f1     0x17c0 ./Drivers/STM32F4xx_HAL_Driver/Src/stm32f4xx_hal_spi.o
 .debug_info    0x000000000000e8b1     0x2c22 ./Drivers/STM32F4xx_HAL_Driver/Src/stm32f4xx_hal_tim.o
 .debug_info    0x00000000000114d3     0x15a2 ./Drivers/STM32F4xx_HAL_Driver/Src/stm32f4xx_hal_tim_ex.o
 .debug_info    0x0000000000012a75     0x31de ./Drivers/STM32F4xx_HAL_Driver/Src/stm32f4xx_hal_uart.o
 .debug_info    0x0000000000015c53      0xe90 ./FATFS/App/fatfs.o
 .debug_info    0x0000000000016ae3      0xd3f ./FATFS/Target/user_diskio.o
 .debug_info    0x0000000000017822      0xda8 ./Middlewares/Third_Party/FatFs/src/diskio.o
 .debug_info    0x00000000000185ca     0x3111 ./Middlewares/Third_Party/FatFs/src/ff.o
 .debug_info    0x000000000001b6db      0xd39 ./Middlewares/Third_Party/FatFs/src/ff_gen_drv.o
 .debug_info    0x000000000001c414      0xb76 ./Middlewares/Third_Party/FatFs/src/option/ccsbcs.o

.debug_abbrev   0x0000000000000000     0x34c5
 .debug_abbrev  0x0000000000000000       0x4a ./Core/Src/Andre.o
 .debug_abbrev  0x000000000000004a      0x298 ./Core/Src/fatfs_sd.o
 .debug_abbrev  0x00000000000002e2       0xda ./Core/Src/fonts.o
 .debug_abbrev  0x00000000000003bc       0x4a ./Core/Src/fosforo.o
 .debug_abbrev  0x0000000000000406      0x317 ./Core/Src/main.o
 .debug_abbrev  0x000000000000071d      0x1db ./Core/Src/stm32f4xx_hal_msp.o
 .debug_abbrev  0x00000000000008f8       0xe5 ./Core/Src/stm32f4xx_it.o
 .debug_abbrev  0x00000000000009dd      0x1bf ./Core/Src/sysmem.o
 .debug_abbrev  0x0000000000000b9c      0x145 ./Core/Src/system_stm32f4xx.o
 .debug_abbrev  0x0000000000000ce1      0x45a ./Core/Src/tft.o
 .debug_abbrev  0x000000000000113b       0x12 ./Core/Startup/startup_stm32f446retx.o
 .debug_abbrev  0x000000000000114d      0x1ed ./Drivers/STM32F4xx_HAL_Driver/Src/stm32f4xx_hal.o
 .debug_abbrev  0x000000000000133a      0x33c ./Drivers/STM32F4xx_HAL_Driver/Src/stm32f4xx_hal_cortex.o
 .debug_abbrev  0x0000000000001676      0x1f1 ./Drivers/STM32F4xx_HAL_Driver/Src/stm32f4xx_hal_gpio.o
 .debug_abbrev  0x0000000000001867      0x275 ./Drivers/STM32F4xx_HAL_Driver/Src/stm32f4xx_hal_rcc.o
 .debug_abbrev  0x0000000000001adc      0x1e2 ./Drivers/STM32F4xx_HAL_Driver/Src/stm32f4xx_hal_rcc_ex.o
 .debug_abbrev  0x0000000000001cbe      0x26e ./Drivers/STM32F4xx_HAL_Driver/Src/stm32f4xx_hal_spi.o
 .debug_abbrev  0x0000000000001f2c      0x25e ./Drivers/STM32F4xx_HAL_Driver/Src/stm32f4xx_hal_tim.o
 .debug_abbrev  0x000000000000218a      0x266 ./Drivers/STM32F4xx_HAL_Driver/Src/stm32f4xx_hal_tim_ex.o
 .debug_abbrev  0x00000000000023f0      0x2eb ./Drivers/STM32F4xx_HAL_Driver/Src/stm32f4xx_hal_uart.o
 .debug_abbrev  0x00000000000026db      0x209 ./FATFS/App/fatfs.o
 .debug_abbrev  0x00000000000028e4      0x246 ./FATFS/Target/user_diskio.o
 .debug_abbrev  0x0000000000002b2a      0x237 ./Middlewares/Third_Party/FatFs/src/diskio.o
 .debug_abbrev  0x0000000000002d61      0x2e1 ./Middlewares/Third_Party/FatFs/src/ff.o
 .debug_abbrev  0x0000000000003042      0x268 ./Middlewares/Third_Party/FatFs/src/ff_gen_drv.o
 .debug_abbrev  0x00000000000032aa      0x21b ./Middlewares/Third_Party/FatFs/src/option/ccsbcs.o

.debug_aranges  0x0000000000000000     0x1518
 .debug_aranges
                0x0000000000000000       0x18 ./Core/Src/Andre.o
 .debug_aranges
                0x0000000000000018       0xa0 ./Core/Src/fatfs_sd.o
 .debug_aranges
                0x00000000000000b8       0x18 ./Core/Src/fonts.o
 .debug_aranges
                0x00000000000000d0       0x18 ./Core/Src/fosforo.o
 .debug_aranges
                0x00000000000000e8       0x68 ./Core/Src/main.o
 .debug_aranges
                0x0000000000000150       0x50 ./Core/Src/stm32f4xx_hal_msp.o
 .debug_aranges
                0x00000000000001a0       0x68 ./Core/Src/stm32f4xx_it.o
 .debug_aranges
                0x0000000000000208       0x20 ./Core/Src/sysmem.o
 .debug_aranges
                0x0000000000000228       0x28 ./Core/Src/system_stm32f4xx.o
 .debug_aranges
                0x0000000000000250      0x2f0 ./Core/Src/tft.o
 .debug_aranges
                0x0000000000000540       0x28 ./Core/Startup/startup_stm32f446retx.o
 .debug_aranges
                0x0000000000000568       0xf0 ./Drivers/STM32F4xx_HAL_Driver/Src/stm32f4xx_hal.o
 .debug_aranges
                0x0000000000000658      0x118 ./Drivers/STM32F4xx_HAL_Driver/Src/stm32f4xx_hal_cortex.o
 .debug_aranges
                0x0000000000000770       0x58 ./Drivers/STM32F4xx_HAL_Driver/Src/stm32f4xx_hal_gpio.o
 .debug_aranges
                0x00000000000007c8       0x88 ./Drivers/STM32F4xx_HAL_Driver/Src/stm32f4xx_hal_rcc.o
 .debug_aranges
                0x0000000000000850       0x78 ./Drivers/STM32F4xx_HAL_Driver/Src/stm32f4xx_hal_rcc_ex.o
 .debug_aranges
                0x00000000000008c8      0x1d0 ./Drivers/STM32F4xx_HAL_Driver/Src/stm32f4xx_hal_spi.o
 .debug_aranges
                0x0000000000000a98      0x3d0 ./Drivers/STM32F4xx_HAL_Driver/Src/stm32f4xx_hal_tim.o
 .debug_aranges
                0x0000000000000e68      0x168 ./Drivers/STM32F4xx_HAL_Driver/Src/stm32f4xx_hal_tim_ex.o
 .debug_aranges
                0x0000000000000fd0      0x200 ./Drivers/STM32F4xx_HAL_Driver/Src/stm32f4xx_hal_uart.o
 .debug_aranges
                0x00000000000011d0       0x28 ./FATFS/App/fatfs.o
 .debug_aranges
                0x00000000000011f8       0x40 ./FATFS/Target/user_diskio.o
 .debug_aranges
                0x0000000000001238       0x48 ./Middlewares/Third_Party/FatFs/src/diskio.o
 .debug_aranges
                0x0000000000001280      0x230 ./Middlewares/Third_Party/FatFs/src/ff.o
 .debug_aranges
                0x00000000000014b0       0x40 ./Middlewares/Third_Party/FatFs/src/ff_gen_drv.o
 .debug_aranges
                0x00000000000014f0       0x28 ./Middlewares/Third_Party/FatFs/src/option/ccsbcs.o

.debug_macro    0x0000000000000000    0x2485d
 .debug_macro   0x0000000000000000       0x17 ./Core/Src/Andre.o
 .debug_macro   0x0000000000000017      0xaa8 ./Core/Src/Andre.o
 .debug_macro   0x0000000000000abf      0x217 ./Core/Src/fatfs_sd.o
 .debug_macro   0x0000000000000cd6      0x2a1 ./Core/Src/fatfs_sd.o
 .debug_macro   0x0000000000000f77       0x2e ./Core/Src/fatfs_sd.o
 .debug_macro   0x0000000000000fa5       0x28 ./Core/Src/fatfs_sd.o
 .debug_macro   0x0000000000000fcd       0x22 ./Core/Src/fatfs_sd.o
 .debug_macro   0x0000000000000fef       0x8e ./Core/Src/fatfs_sd.o
 .debug_macro   0x000000000000107d       0x51 ./Core/Src/fatfs_sd.o
 .debug_macro   0x00000000000010ce      0x103 ./Core/Src/fatfs_sd.o
 .debug_macro   0x00000000000011d1       0x6a ./Core/Src/fatfs_sd.o
 .debug_macro   0x000000000000123b      0x1df ./Core/Src/fatfs_sd.o
 .debug_macro   0x000000000000141a       0x1c ./Core/Src/fatfs_sd.o
 .debug_macro   0x0000000000001436       0x22 ./Core/Src/fatfs_sd.o
 .debug_macro   0x0000000000001458       0xdf ./Core/Src/fatfs_sd.o
 .debug_macro   0x0000000000001537     0x102d ./Core/Src/fatfs_sd.o
 .debug_macro   0x0000000000002564      0x11f ./Core/Src/fatfs_sd.o
 .debug_macro   0x0000000000002683    0x16749 ./Core/Src/fatfs_sd.o
 .debug_macro   0x0000000000018dcc       0x6d ./Core/Src/fatfs_sd.o
 .debug_macro   0x0000000000018e39     0x3666 ./Core/Src/fatfs_sd.o
 .debug_macro   0x000000000001c49f      0x174 ./Core/Src/fatfs_sd.o
 .debug_macro   0x000000000001c613       0x5c ./Core/Src/fatfs_sd.o
 .debug_macro   0x000000000001c66f      0xc90 ./Core/Src/fatfs_sd.o
 .debug_macro   0x000000000001d2ff      0x9fe ./Core/Src/fatfs_sd.o
 .debug_macro   0x000000000001dcfd      0x116 ./Core/Src/fatfs_sd.o
 .debug_macro   0x000000000001de13      0x1a0 ./Core/Src/fatfs_sd.o
 .debug_macro   0x000000000001dfb3       0xa5 ./Core/Src/fatfs_sd.o
 .debug_macro   0x000000000001e058      0x16d ./Core/Src/fatfs_sd.o
 .debug_macro   0x000000000001e1c5      0x287 ./Core/Src/fatfs_sd.o
 .debug_macro   0x000000000001e44c       0x5f ./Core/Src/fatfs_sd.o
 .debug_macro   0x000000000001e4ab      0x236 ./Core/Src/fatfs_sd.o
 .debug_macro   0x000000000001e6e1      0x132 ./Core/Src/fatfs_sd.o
 .debug_macro   0x000000000001e813      0x29c ./Core/Src/fatfs_sd.o
 .debug_macro   0x000000000001eaaf       0x2e ./Core/Src/fatfs_sd.o
 .debug_macro   0x000000000001eadd      0x11a ./Core/Src/fatfs_sd.o
 .debug_macro   0x000000000001ebf7       0xe8 ./Core/Src/fatfs_sd.o
 .debug_macro   0x000000000001ecdf       0x89 ./Core/Src/fatfs_sd.o
 .debug_macro   0x000000000001ed68      0x225 ./Core/Src/fatfs_sd.o
 .debug_macro   0x000000000001ef8d      0x8d1 ./Core/Src/fatfs_sd.o
 .debug_macro   0x000000000001f85e       0x4d ./Core/Src/fatfs_sd.o
 .debug_macro   0x000000000001f8ab      0x295 ./Core/Src/fatfs_sd.o
 .debug_macro   0x000000000001fb40      0x126 ./Core/Src/fatfs_sd.o
 .debug_macro   0x000000000001fc66       0x16 ./Core/Src/fatfs_sd.o
 .debug_macro   0x000000000001fc7c       0x7c ./Core/Src/fatfs_sd.o
 .debug_macro   0x000000000001fcf8       0x70 ./Core/Src/fatfs_sd.o
 .debug_macro   0x000000000001fd68       0x6d ./Core/Src/fonts.o
 .debug_macro   0x000000000001fdd5       0x17 ./Core/Src/fosforo.o
 .debug_macro   0x000000000001fdec      0x42f ./Core/Src/main.o
 .debug_macro   0x000000000002021b       0x58 ./Core/Src/main.o
 .debug_macro   0x0000000000020273       0xeb ./Core/Src/main.o
 .debug_macro   0x000000000002035e       0x18 ./Core/Src/main.o
 .debug_macro   0x0000000000020376       0x52 ./Core/Src/main.o
 .debug_macro   0x00000000000203c8       0x3c ./Core/Src/main.o
 .debug_macro   0x0000000000020404       0x34 ./Core/Src/main.o
 .debug_macro   0x0000000000020438       0x16 ./Core/Src/main.o
 .debug_macro   0x000000000002044e       0x35 ./Core/Src/main.o
 .debug_macro   0x0000000000020483       0x16 ./Core/Src/main.o
 .debug_macro   0x0000000000020499       0x43 ./Core/Src/main.o
 .debug_macro   0x00000000000204dc       0x34 ./Core/Src/main.o
 .debug_macro   0x0000000000020510       0x10 ./Core/Src/main.o
 .debug_macro   0x0000000000020520       0x58 ./Core/Src/main.o
 .debug_macro   0x0000000000020578       0x71 ./Core/Src/main.o
 .debug_macro   0x00000000000205e9       0x1c ./Core/Src/main.o