tft.c:80:6:PIN_LOW	16	static
tft.c:85:6:PIN_HIGH	16	static
tft.c:90:6:PIN_INPUT	40	static
tft.c:100:6:PIN_OUTPUT	40	static
tft.c:168:10:width	4	static
tft.c:171:10:height	4	static
tft.c:186:17:color565_to_555	16	static
tft.c:189:17:color555_to_565	16	static
tft.c:192:16:color565_to_r	16	static
tft.c:195:16:color565_to_g	16	static
tft.c:198:16:color565_to_b	16	static
tft.c:202:10:color565	16	static
tft.c:203:10:readPixel	32	static
tft.c:211:6:WriteCmdData	16	static
tft.c:219:6:pushCommand	16	static
tft.c:250:6:setReadDir	8	static
tft.c:262:6:setWriteDir	8	static
tft.c:277:13:pushColors_any	40	static
tft.c:315:13:write24	24	static
tft.c:326:13:writecmddata	24	static
tft.c:335:13:WriteCmdParamN	24	static
tft.c:351:20:WriteCmdParam4	32	static
tft.c:362:13:init_table	48	static
tft.c:387:13:init_table16	24	static
tft.c:403:6:reset	8	static
tft.c:421:17:read16bits	16	static
tft.c:431:10:readReg	24	static
tft.c:450:10:readReg32	24	static
tft.c:458:10:readReg40	24	static
tft.c:467:6:tft_init	40	static
tft.c:2519:10:readID	24	static
tft.c:2617:9:readGRAM	56	static
tft.c:2684:6:setRotation	40	static
tft.c:2849:6:drawPixel	32	static
tft.c:2864:6:setAddrWindow	40	static
tft.c:2908:6:vertScroll	32	static
tft.c:2986:6:pushColors16b	24	static
tft.c:2990:6:pushColors8b	24	static
tft.c:2994:6:pushColors4n	24	static
tft.c:3000:6:fillScreen	24	static
tft.c:3006:6:invertDisplay	24	static
tft.c:3053:7:drawFastVLine	32	static
tft.c:3057:7:drawFastHLine	32	static
tft.c:3063:6:writePixel	16	static
tft.c:3069:6:writeLine	48	static
tft.c:3110:6:drawLine	40	static
tft.c:3124:6:drawCircle	40	static
tft.c:3159:6:drawCircleHelper	40	static
tft.c:3196:6:fillCircle	32	static
tft.c:3203:6:fillCircleHelper	40	static
tft.c:3241:6:drawRect	24	static
tft.c:3250:6:fillRect	32	static
tft.c:3339:6:drawRoundRect	40	static
tft.c:3356:6:fillRoundRect	40	static
tft.c:3368:6:drawTriangle	32	static
tft.c:3376:6:fillTriangle	72	static
tft.c:3455:6:testFillScreen	8	static
tft.c:3465:6:testLines	56	static
tft.c:3509:6:testFastLines	32	static
tft.c:3519:6:testRects	56	static
tft.c:3534:6:testFilledRects	56	static
tft.c:3552:6:testFilledCircles	40	static
tft.c:3566:6:testCircles	40	static
tft.c:3583:6:testTriangles	64	static
tft.c:3600:6:testFilledTriangles	64	static
tft.c:3614:6:testRoundRects	72	static
tft.c:3632:6:testFilledRoundRects	64	static
tft.c:3651:6:drawChar	56	static
tft.c:3702:8:write	48	static
tft.c:3740:8:write_fillbackground	64	static
tft.c:3820:6:setFont	16	static
tft.c:3849:6:charBounds	56	static
tft.c:3920:6:getTextBounds	64	static
tft.c:3953:6:printnewtstr	24	static
tft.c:3974:6:printnewtstr_bc	24	static
tft.c:3992:6:printstr	16	static
tft.c:4003:6:printstr_bc	16	static
tft.c:4015:6:setTextWrap	16	static
tft.c:4026:6:setTextColor	16	static
tft.c:4037:6:setTextBackColor	16	static
tft.c:4043:6:setTextSize	16	static
tft.c:4049:6:setCursor	16	static
tft.c:4052:9:getRotation	4	static
tft.c:4058:6:scrollup	24	static
tft.c:4072:6:scrolldown	24	static
tft.c:4088:6:delay	16	static
tft.c:4098:6:desenhaPixel	24	static
tft.c:4104:6:inicioDados	16	static
tft.c:4111:6:fimDados	8	static
tft.c:4118:6:tft_gpio_init	24	static
tft.c:4165:6:drawRGBBitmap	40	static
